/scratch/lf2869/code/DESC/desc/__init__.py:94: FutureWarning: The pynvml package is deprecated. Please install nvidia-ml-py instead. If you did not install pynvml directly, please report this to the maintainers of the package that installed pynvml for you.
  from pynvml import (
/scratch/lf2869/code/DESC/desc/utils.py:563: UserWarning: Reducing radial (L) resolution can make plasma boundary inconsistent. Recommend calling `eq.surface = eq.get_surface_at(rho=1.0)`
  warnings.warn(msg, err)
/scratch/lf2869/code/quadcoil/src/quadcoil/wrapper.py:37: UserWarning: Bnormal_plasma provided, inputs for plasma_quadpoints_phi and plasma_quadpoints_theta will be ignored.
  warnings.warn(
/scratch/lf2869/code/DESC/desc/utils.py:563: UserWarning: Setting rotational transform profile on an equilibrium with fixed toroidal current, removing existing toroidal current profile.
  warnings.warn(msg, err)
/scratch/lf2869/code/quadcoil/src/quadcoil/wrapper.py:37: UserWarning: Bnormal_plasma provided, inputs for plasma_quadpoints_phi and plasma_quadpoints_theta will be ignored.
  warnings.warn(
/scratch/lf2869/code/quadcoil/src/quadcoil/wrapper.py:37: UserWarning: Bnormal_plasma provided, inputs for plasma_quadpoints_phi and plasma_quadpoints_theta will be ignored.
  warnings.warn(
Traceback (most recent call last):
  File "/scratch/lf2869/project/qss-free-boundary/./fixed.py", line 377, in <module>
    eqfam_f_max_phi, out_list_f_max_phi, quadcoil_objective_f_max_phi = quasi_single_stage(
                                                                        ^^^^^^^^^^^^^^^^^^^
  File "/scratch/lf2869/project/qss-free-boundary/./fixed.py", line 309, in quasi_single_stage
    jnp.save(filename_time, time2 - time1)
  File "/scratch/lf2869/conda_envs/desc/lib/python3.12/site-packages/numpy/lib/_npyio_impl.py", line 577, in save
    file_ctx = open(file, "wb")
               ^^^^^^^^^^^^^^^^
FileNotFoundError: [Errno 2] No such file or directory: 'data_fixed/f_max_B2_time_3.npy'
