Job ID:         15951697
Nodes:          1
CPUs per task:  4
Start time:     Tue Aug 18 09:22:35 EDT 2026
Precomputing transforms
Precomputing transforms
Boundary mode steps: range(3, 7)
Precomputing transforms
Precomputing transforms

==================================
Optimizing boundary modes M,N <= 3
====================================
Building objective: volume
Precomputing transforms
Timer: Precomputing transforms = 30.9 ms
Timer: Objective build = 645 ms
Building objective: force
Precomputing transforms
Timer: Precomputing transforms = 917 ms
Timer: Objective build = 985 ms
Timer: Objective build = 1.40 ms
Timer: Eq Update LinearConstraintProjection build = 3.54 sec
Timer: Proximal projection build = 25.8 sec
Building objective: lcfs R
Building objective: lcfs Z
Building objective: fixed Psi
Building objective: fixed pressure
Building objective: fixed iota
Timer: Objective build = 565 ms
Timer: LinearConstraintProjection build = 1.47 sec
Number of parameters: 48
Number of objectives: 2326
Timer: Initializing the optimization = 28.0 sec

Starting optimization
Using method: proximal-lsq-auglag
Solver options:
------------------------------------------------------------
Maximum Function Evaluations       : 151
Maximum Allowed Total Δx Norm      : inf
Scaled Termination                 : True
Trust Region Method                : qr
Initial Trust Radius               : 6.613e-02
Maximum Trust Radius               : inf
Minimum Trust Radius               : 2.220e-16
Trust Radius Increase Ratio        : 4.000e+00
Trust Radius Decrease Ratio        : 2.500e-01
Trust Radius Increase Threshold    : 7.500e-01
Trust Radius Decrease Threshold    : 5.000e-01
Alpha Omega                        : 1.000e+00
Beta Omega                         : 1.000e+00
Alpha Eta                          : 1.000e-01
Beta Eta                           : 9.000e-01
Omega                              : 1.000e-02
Eta                                : 0.000e+00
Tau                                : 9.000e-01
------------------------------------------------------------ 

   Iteration     Total nfev        Cost      Cost reduction    Step norm     Optimality    Constr viol.   Penalty param  max(|mltplr|) 
       0              1          9.986e+05                                    1.212e+03      0.000e+00      1.000e+01      0.000e+00   
       1              2          9.950e+05      3.522e+03      7.451e-06      1.209e+03      0.000e+00      1.000e+01      0.000e+00   
       2              3          9.931e+05      1.962e+03      2.980e-05      1.207e+03      0.000e+00      1.000e+01      0.000e+00   
       3              4          9.863e+05      6.780e+03      1.192e-04      1.200e+03      0.000e+00      1.000e+01      0.000e+00   
       4              5          9.651e+05      2.124e+04      4.774e-04      1.176e+03      0.000e+00      1.000e+01      0.000e+00   
       5              6          8.863e+05      7.874e+04      1.912e-03      1.103e+03      0.000e+00      1.000e+01      0.000e+00   
       6              7          6.212e+05      2.651e+05      7.695e-03      8.477e+02      0.000e+00      1.000e+01      0.000e+00   
       7              8          1.320e+05      4.892e+05      3.461e-02      2.577e+02      0.000e+00      1.000e+01      0.000e+00   
       8              9          2.731e+04      1.047e+05      8.801e-02      5.471e+01      0.000e+00      1.000e+01      0.000e+00   
       9             11          8.688e+03      1.862e+04      1.313e-01      2.824e+01      0.000e+00      1.000e+01      0.000e+00   
      10             12          1.287e+03      7.401e+03      1.072e-01      4.421e+00      0.000e+00      1.000e+01      0.000e+00   
      11             15          3.753e+02      9.119e+02      4.410e-02      2.840e+00      0.000e+00      1.000e+01      0.000e+00   
      12             17          1.956e+02      1.797e+02      2.989e-02      2.894e-01      0.000e+00      1.000e+01      0.000e+00   
      13             19          1.940e+02      1.677e+00      4.791e-02      8.240e-01      0.000e+00      1.000e+01      0.000e+00   
      14             20          1.726e+02      2.140e+01      1.028e-02      3.562e-01      0.000e+00      1.000e+01      0.000e+00   
      15             22          1.655e+02      7.085e+00      8.895e-03      9.564e-02      0.000e+00      1.000e+01      0.000e+00   
      16             25          1.645e+02      9.612e-01      2.791e-03      1.450e-01      0.000e+00      1.000e+01      0.000e+00   
      17             26          1.632e+02      1.375e+00      2.338e-03      3.404e-02      0.000e+00      1.000e+01      0.000e+00   
      18             27          1.607e+02      2.495e+00      1.080e-02      2.112e-01      0.000e+00      1.000e+01      0.000e+00   
