Job ID:         16500920
Nodes:          1
CPUs per task:  4
Start time:     Fri Aug 28 00:02:17 EDT 2026
mem
Precomputing transforms
mem
mem
Boundary mode steps: range(4, 9, 4)
Precomputing transforms
mem

====================================
Optimizing boundary modes M,N <= 4
====================================
Pre-optimization QS value:   1957.9681787676172
mem
Building objective: volume
Precomputing transforms
Timer: Precomputing transforms = 720 ms
Building objective: rotational transform
Precomputing transforms
Timer: Precomputing transforms = 567 ms
Building objective: rotational transform
Precomputing transforms
Timer: Precomputing transforms = 25.9 ms
Timer: Objective build = 1.74 sec
Building objective: force
Precomputing transforms
Timer: Precomputing transforms = 813 ms
Timer: Objective build = 868 ms
Timer: Objective build = 2.04 ms
Timer: Eq Update LinearConstraintProjection build = 3.56 sec
Timer: Proximal projection build = 24.9 sec
Building objective: lcfs R
Building objective: lcfs Z
Building objective: fixed Psi
Building objective: fixed current
Building objective: fixed pressure
Timer: Objective build = 750 ms
Timer: LinearConstraintProjection build = 1.85 sec
Number of parameters: 80
Number of objectives: 531
Timer: Initializing the optimization = 27.6 sec

Starting optimization
Using method: proximal-lsq-auglag
Solver options:
------------------------------------------------------------
Maximum Function Evaluations       : 2501
Maximum Allowed Total Δx Norm      : inf
Scaled Termination                 : True
Trust Region Method                : qr
Initial Trust Radius               : 1.799e-01
Maximum Trust Radius               : inf
Minimum Trust Radius               : 2.220e-16
Trust Radius Increase Ratio        : 4.000e+00
Trust Radius Decrease Ratio        : 2.500e-01
Trust Radius Increase Threshold    : 7.500e-01
Trust Radius Decrease Threshold    : 5.000e-01
Alpha Omega                        : 1.000e+00
Beta Omega                         : 1.000e+00
Alpha Eta                          : 1.000e-01
Beta Eta                           : 9.000e-01
Omega                              : 1.000e-02
Eta                                : 0.000e+00
Tau                                : 9.000e-01
------------------------------------------------------------ 

   Iteration     Total nfev        Cost      Cost reduction    Step norm     Optimality    Constr viol.   Penalty param  max(|mltplr|) 
       0              1          2.004e+03                                    4.372e+01      0.000e+00      1.000e+01      0.000e+00   
       1              2          1.980e+03      2.403e+01      5.984e-03      4.326e+01      0.000e+00      1.000e+01      0.000e+00   
       2              3          1.887e+03      9.339e+01      2.397e-02      4.147e+01      0.000e+00      1.000e+01      0.000e+00   
       3              4          1.554e+03      3.326e+02      9.639e-02      3.500e+01      0.000e+00      1.000e+01      0.000e+00   
       4              5          7.730e+02      7.814e+02      3.924e-01      1.825e+01      0.000e+00      1.000e+01      0.000e+00   
       5              7          4.004e+02      3.725e+02      3.676e-01      1.311e+01      0.000e+00      1.000e+01      0.000e+00   
       6              9          1.752e+02      2.252e+02      3.368e-01      7.203e+00      0.000e+00      1.000e+01      0.000e+00   
       7             11          6.980e+01      1.054e+02      3.183e-01      3.713e+00      0.000e+00      1.000e+01      0.000e+00   
       8             13          3.146e+01      3.834e+01      2.870e-01      1.781e+00      0.000e+00      1.000e+01      0.000e+00   
       9             15          1.816e+01      1.330e+01      2.350e-01      1.045e+00      0.000e+00      1.000e+01      0.000e+00   
      10             17          9.662e+00      8.503e+00      2.110e-01      9.175e-01      0.000e+00      1.000e+01      0.000e+00   
      11             20          8.290e+00      1.371e+00      5.416e-02      1.365e+00      0.000e+00      1.000e+01      0.000e+00   
      12             21          5.794e+00      2.496e+00      4.922e-02      2.381e-01      0.000e+00      1.000e+01      0.000e+00   
      13             22          4.278e+00      1.517e+00      2.013e-01      1.321e+00      0.000e+00      1.000e+01      0.000e+00   
      14             23          2.452e+00      1.826e+00      4.609e-02      3.371e-01      0.000e+00      1.000e+01      0.000e+00   
      15             26          2.141e+00      3.109e-01      1.494e-02      1.336e-01      0.000e+00      1.000e+01      0.000e+00   
      16             31          2.137e+00      3.540e-03      1.325e-04      1.196e-01      0.000e+00      1.000e+01      0.000e+00   
      17             55          2.137e+00      0.000e+00      0.000e+00      1.196e-01      0.000e+00      1.000e+01      0.000e+00   
Warning: A bad approximation caused failure to predict improvement.
         Current function value: 2.137e+00
         Constraint violation: 0.000e+00
         Total delta_x: 1.944e+00
         Iterations: 17
         Function evaluations: 55
         Jacobian evaluations: 16
Timer: Solution time = 7.59 min
Timer: Avg time per step = 25.3 sec
==============================================================================================================
                                                                 Start  -->   End
Total (sum of squares):                                      2.004e+03  -->   2.137e+00, 
Plasma volume:                                               5.116e+02  -->   5.470e+02 (m^3)
Plasma volume:                                               0.000e+00  -->   0.000e+00 (normalized error)
Maximum Rotational transform:                               -1.225e-01  -->   8.323e-02 (dimensionless)
Minimum Rotational transform:                               -1.225e-01  -->   8.323e-02 (dimensionless)
Average Rotational transform:                               -1.225e-01  -->   8.323e-02 (dimensionless)
Maximum Rotational transform:                               -1.319e-01  -->   5.165e-02 (dimensionless)
Minimum Rotational transform:                               -1.319e-01  -->   5.165e-02 (dimensionless)
Average Rotational transform:                               -1.319e-01  -->   5.165e-02 (dimensionless)
Maximum Quasi-symmetry (1,0) Boozer error:                   3.016e-01  -->   5.325e-03 (T)
Minimum Quasi-symmetry (1,0) Boozer error:                  -6.641e-01  -->  -5.057e-03 (T)
Average Quasi-symmetry (1,0) Boozer error:                  -9.091e-04  -->   2.333e-05 (T)
Maximum Quasi-symmetry (1,0) Boozer error:                   4.912e-02  -->   8.672e-04 (normalized)
Minimum Quasi-symmetry (1,0) Boozer error:                  -1.082e-01  -->  -8.236e-04 (normalized)
Average Quasi-symmetry (1,0) Boozer error:                  -1.480e-04  -->   3.800e-06 (normalized)
Maximum absolute Force error:                                2.851e+03  -->   4.187e+07 (N)
Minimum absolute Force error:                                3.514e-02  -->   1.483e+01 (N)
Average absolute Force error:                                8.107e+01  -->   3.113e+05 (N)
Maximum absolute Force error:                                6.686e-07  -->   9.818e-03 (normalized)
Minimum absolute Force error:                                8.242e-12  -->   3.477e-09 (normalized)
Average absolute Force error:                                1.901e-08  -->   7.300e-05 (normalized)
R boundary error:                                            0.000e+00  -->   0.000e+00 (m)
Z boundary error:                                            0.000e+00  -->   0.000e+00 (m)
Fixed Psi error:                                             0.000e+00  -->   0.000e+00 (Wb)
Fixed current profile error:                                 0.000e+00  -->   0.000e+00 (A)
Fixed pressure profile error:                                0.000e+00  -->   0.000e+00 (Pa)
==============================================================================================================

mem
Post-optimization QS value:  0.9586825002130916
Precomputing transforms
mem

====================================
Optimizing boundary modes M,N <= 8
====================================
Pre-optimization QS value:   0.9439172044732463
mem
Building objective: volume
Precomputing transforms
Timer: Precomputing transforms = 28.2 ms
Building objective: rotational transform
Precomputing transforms
Timer: Precomputing transforms = 27.5 ms
Building objective: rotational transform
Precomputing transforms
Timer: Precomputing transforms = 26.9 ms
Timer: Objective build = 97.9 ms
Building objective: force
Precomputing transforms
Timer: Precomputing transforms = 64.1 ms
Timer: Objective build = 76.1 ms
Timer: Objective build = 1.32 ms
Timer: Eq Update LinearConstraintProjection build = 109 ms
Timer: Proximal projection build = 1.43 sec
Building objective: lcfs R
Building objective: lcfs Z
Building objective: fixed Psi
Building objective: fixed current
Building objective: fixed pressure
Timer: Objective build = 146 ms
Timer: LinearConstraintProjection build = 1.36 sec
Number of parameters: 288
Number of objectives: 531
Timer: Initializing the optimization = 3.08 sec

Starting optimization
Using method: proximal-lsq-auglag
Solver options:
------------------------------------------------------------
Maximum Function Evaluations       : 2501
Maximum Allowed Total Δx Norm      : inf
Scaled Termination                 : True
Trust Region Method                : qr
Initial Trust Radius               : 1.509e-02
Maximum Trust Radius               : inf
Minimum Trust Radius               : 2.220e-16
Trust Radius Increase Ratio        : 4.000e+00
Trust Radius Decrease Ratio        : 2.500e-01
Trust Radius Increase Threshold    : 7.500e-01
Trust Radius Decrease Threshold    : 5.000e-01
Alpha Omega                        : 1.000e+00
Beta Omega                         : 1.000e+00
Alpha Eta                          : 1.000e-01
Beta Eta                           : 9.000e-01
Omega                              : 1.000e-02
Eta                                : 0.000e+00
Tau                                : 9.000e-01
------------------------------------------------------------ 

   Iteration     Total nfev        Cost      Cost reduction    Step norm     Optimality    Constr viol.   Penalty param  max(|mltplr|) 
       0              1          2.156e+00                                    6.055e-01      0.000e+00      1.000e+01      0.000e+00   
       1              2          2.137e+00      1.875e-02      1.776e-04      6.181e-01      0.000e+00      1.000e+01      0.000e+00   
       2             25          2.137e+00      0.000e+00      0.000e+00      6.181e-01      0.000e+00      1.000e+01      0.000e+00   
Warning: A bad approximation caused failure to predict improvement.
         Current function value: 2.137e+00
         Constraint violation: 0.000e+00
         Total delta_x: 1.776e-04
         Iterations: 2
         Function evaluations: 25
         Jacobian evaluations: 1
Timer: Solution time = 1.20 min
Timer: Avg time per step = 24.1 sec
==============================================================================================================
                                                                 Start  -->   End
Total (sum of squares):                                      2.156e+00  -->   2.137e+00, 
Plasma volume:                                               5.470e+02  -->   5.469e+02 (m^3)
Plasma volume:                                               0.000e+00  -->   0.000e+00 (normalized error)
Maximum Rotational transform:                                8.323e-02  -->   8.312e-02 (dimensionless)
Minimum Rotational transform:                                8.323e-02  -->   8.312e-02 (dimensionless)
Average Rotational transform:                                8.323e-02  -->   8.312e-02 (dimensionless)
Maximum Rotational transform:                                5.165e-02  -->   5.221e-02 (dimensionless)
Minimum Rotational transform:                                5.165e-02  -->   5.221e-02 (dimensionless)
Average Rotational transform:                                5.165e-02  -->   5.221e-02 (dimensionless)
Maximum Quasi-symmetry (1,0) Boozer error:                   5.325e-03  -->   5.017e-03 (T)
Minimum Quasi-symmetry (1,0) Boozer error:                  -5.057e-03  -->  -5.080e-03 (T)
Average Quasi-symmetry (1,0) Boozer error:                   2.333e-05  -->   2.264e-05 (T)
Maximum Quasi-symmetry (1,0) Boozer error:                   8.614e-04  -->   8.116e-04 (normalized)
Minimum Quasi-symmetry (1,0) Boozer error:                  -8.180e-04  -->  -8.218e-04 (normalized)
Average Quasi-symmetry (1,0) Boozer error:                   3.775e-06  -->   3.663e-06 (normalized)
Maximum absolute Force error:                                4.187e+07  -->   4.113e+07 (N)
Minimum absolute Force error:                                1.483e+01  -->   2.134e+01 (N)
Average absolute Force error:                                3.113e+05  -->   3.095e+05 (N)
Maximum absolute Force error:                                9.720e-03  -->   9.549e-03 (normalized)
Minimum absolute Force error:                                3.442e-09  -->   4.955e-09 (normalized)
Average absolute Force error:                                7.227e-05  -->   7.186e-05 (normalized)
R boundary error:                                            0.000e+00  -->   0.000e+00 (m)
Z boundary error:                                            0.000e+00  -->   0.000e+00 (m)
Fixed Psi error:                                             0.000e+00  -->   0.000e+00 (Wb)
Fixed current profile error:                                 0.000e+00  -->   0.000e+00 (A)
Fixed pressure profile error:                                0.000e+00  -->   0.000e+00 (Pa)
==============================================================================================================

mem
Post-optimization QS value:  0.980946465214159
End time:       Fri Aug 28 00:12:42 EDT 2026
