Job ID:         16500926
Nodes:          1
CPUs per task:  4
Start time:     Fri Aug 28 00:05:30 EDT 2026
mem
Precomputing transforms
mem
mem
Boundary mode steps: range(4, 9, 4)
Precomputing transforms
mem

====================================
Optimizing boundary modes M,N <= 4
====================================
Pre-optimization QS value:   1957.9681787676172
mem
Building objective: volume
Precomputing transforms
Timer: Precomputing transforms = 736 ms
Building objective: rotational transform
Precomputing transforms
Timer: Precomputing transforms = 569 ms
Building objective: rotational transform
Precomputing transforms
Timer: Precomputing transforms = 26.1 ms
Timer: Objective build = 1.79 sec
Building objective: force
Precomputing transforms
Timer: Precomputing transforms = 818 ms
Timer: Objective build = 880 ms
Timer: Objective build = 2.04 ms
Timer: Eq Update LinearConstraintProjection build = 3.52 sec
Timer: Proximal projection build = 24.6 sec
Building objective: lcfs R
Building objective: lcfs Z
Building objective: fixed Psi
Building objective: fixed current
Building objective: fixed pressure
Timer: Objective build = 745 ms
Timer: LinearConstraintProjection build = 1.84 sec
Number of parameters: 80
Number of objectives: 531
Timer: Initializing the optimization = 27.4 sec

Starting optimization
Using method: proximal-lsq-auglag
Solver options:
------------------------------------------------------------
Maximum Function Evaluations       : 2501
Maximum Allowed Total Δx Norm      : inf
Scaled Termination                 : True
Trust Region Method                : qr
Initial Trust Radius               : 1.799e-01
Maximum Trust Radius               : inf
Minimum Trust Radius               : 2.220e-16
Trust Radius Increase Ratio        : 4.000e+00
Trust Radius Decrease Ratio        : 2.500e-01
Trust Radius Increase Threshold    : 7.500e-01
Trust Radius Decrease Threshold    : 5.000e-01
Alpha Omega                        : 1.000e+00
Beta Omega                         : 1.000e+00
Alpha Eta                          : 1.000e-01
Beta Eta                           : 9.000e-01
Omega                              : 1.000e-02
Eta                                : 0.000e+00
Tau                                : 9.000e-01
------------------------------------------------------------ 

   Iteration     Total nfev        Cost      Cost reduction    Step norm     Optimality    Constr viol.   Penalty param  max(|mltplr|) 
       0              1          2.004e+03                                    4.372e+01      0.000e+00      1.000e+01      0.000e+00   
       1              2          1.980e+03      2.403e+01      5.984e-03      4.326e+01      0.000e+00      1.000e+01      0.000e+00   
       2              3          1.887e+03      9.339e+01      2.397e-02      4.147e+01      0.000e+00      1.000e+01      0.000e+00   
       3              4          1.554e+03      3.326e+02      9.639e-02      3.500e+01      0.000e+00      1.000e+01      0.000e+00   
       4              5          7.730e+02      7.814e+02      3.924e-01      1.825e+01      0.000e+00      1.000e+01      0.000e+00   
       5              7          4.004e+02      3.725e+02      3.676e-01      1.311e+01      0.000e+00      1.000e+01      0.000e+00   
       6              9          1.752e+02      2.252e+02      3.368e-01      7.203e+00      0.000e+00      1.000e+01      0.000e+00   
       7             11          6.980e+01      1.054e+02      3.183e-01      3.713e+00      0.000e+00      1.000e+01      0.000e+00   
       8             13          3.146e+01      3.834e+01      2.870e-01      1.781e+00      0.000e+00      1.000e+01      0.000e+00   
       9             15          1.816e+01      1.330e+01      2.350e-01      1.045e+00      0.000e+00      1.000e+01      0.000e+00   
      10             17          9.662e+00      8.503e+00      2.110e-01      9.175e-01      0.000e+00      1.000e+01      0.000e+00   
      11             20          8.290e+00      1.371e+00      5.416e-02      1.365e+00      0.000e+00      1.000e+01      0.000e+00   
      12             21          5.794e+00      2.496e+00      4.922e-02      2.381e-01      0.000e+00      1.000e+01      0.000e+00   
      13             22          4.278e+00      1.517e+00      2.013e-01      1.321e+00      0.000e+00      1.000e+01      0.000e+00   
      14             23          2.452e+00      1.826e+00      4.609e-02      3.371e-01      0.000e+00      1.000e+01      0.000e+00   
      15             26          2.141e+00      3.109e-01      1.494e-02      1.336e-01      0.000e+00      1.000e+01      0.000e+00   
      16             31          2.137e+00      3.540e-03      1.325e-04      1.196e-01      0.000e+00      1.000e+01      0.000e+00   
      17             55          2.137e+00      0.000e+00      0.000e+00      1.196e-01      0.000e+00      1.000e+01      0.000e+00   
Warning: A bad approximation caused failure to predict improvement.
         Current function value: 2.137e+00
         Constraint violation: 0.000e+00
         Total delta_x: 1.944e+00
         Iterations: 17
         Function evaluations: 55
         Jacobian evaluations: 16
Timer: Solution time = 7.67 min
Timer: Avg time per step = 25.5 sec
==============================================================================================================
                                                                 Start  -->   End
Total (sum of squares):                                      2.004e+03  -->   2.137e+00, 
Plasma volume:                                               5.116e+02  -->   5.470e+02 (m^3)
Plasma volume:                                               0.000e+00  -->   0.000e+00 (normalized error)
Maximum Rotational transform:                               -1.225e-01  -->   8.323e-02 (dimensionless)
Minimum Rotational transform:                               -1.225e-01  -->   8.323e-02 (dimensionless)
Average Rotational transform:                               -1.225e-01  -->   8.323e-02 (dimensionless)
Maximum Rotational transform:                               -1.319e-01  -->   5.165e-02 (dimensionless)
Minimum Rotational transform:                               -1.319e-01  -->   5.165e-02 (dimensionless)
Average Rotational transform:                               -1.319e-01  -->   5.165e-02 (dimensionless)
Maximum Quasi-symmetry (1,0) Boozer error:                   3.016e-01  -->   5.325e-03 (T)
Minimum Quasi-symmetry (1,0) Boozer error:                  -6.641e-01  -->  -5.057e-03 (T)
Average Quasi-symmetry (1,0) Boozer error:                  -9.091e-04  -->   2.333e-05 (T)
Maximum Quasi-symmetry (1,0) Boozer error:                   4.912e-02  -->   8.672e-04 (normalized)
Minimum Quasi-symmetry (1,0) Boozer error:                  -1.082e-01  -->  -8.236e-04 (normalized)
Average Quasi-symmetry (1,0) Boozer error:                  -1.480e-04  -->   3.800e-06 (normalized)
Maximum absolute Force error:                                2.851e+03  -->   4.187e+07 (N)
Minimum absolute Force error:                                3.514e-02  -->   1.483e+01 (N)
Average absolute Force error:                                8.107e+01  -->   3.113e+05 (N)
Maximum absolute Force error:                                6.686e-07  -->   9.818e-03 (normalized)
Minimum absolute Force error:                                8.242e-12  -->   3.477e-09 (normalized)
Average absolute Force error:                                1.901e-08  -->   7.300e-05 (normalized)
R boundary error:                                            0.000e+00  -->   0.000e+00 (m)
Z boundary error:                                            0.000e+00  -->   0.000e+00 (m)
Fixed Psi error:                                             0.000e+00  -->   0.000e+00 (Wb)
Fixed current profile error:                                 0.000e+00  -->   0.000e+00 (A)
Fixed pressure profile error:                                0.000e+00  -->   0.000e+00 (Pa)
==============================================================================================================

mem
Post-optimization QS value:  0.9586825002130916
Precomputing transforms
End time:       Fri Aug 28 00:14:50 EDT 2026
