Job ID:         16487962
Nodes:          1
CPUs per task:  4
Start time:     Thu Aug 27 18:20:20 EDT 2026
mem
Precomputing transforms
mem
mem
Boundary mode steps: range(4, 9, 4)
Precomputing transforms
Precomputing transforms
mem

====================================
Optimizing boundary modes M,N <= 4
====================================
Pre-optimization QS value:   1957.9681787676172
Pre-optimization FBE value:  1249.9997666072309
mem
Building objective: volume
Precomputing transforms
Timer: Precomputing transforms = 622 ms
Building objective: rotational transform
Precomputing transforms
Timer: Precomputing transforms = 558 ms
Building objective: rotational transform
Precomputing transforms
Timer: Precomputing transforms = 25.6 ms
Timer: Objective build = 1.64 sec
Building objective: force
Precomputing transforms
Timer: Precomputing transforms = 816 ms
Timer: Objective build = 870 ms
Timer: Objective build = 1.99 ms
Timer: Eq Update LinearConstraintProjection build = 3.63 sec
Timer: Proximal projection build = 24.5 sec
Building objective: lcfs R
Building objective: lcfs Z
Building objective: fixed Psi
Building objective: fixed current
Building objective: fixed pressure
Timer: Objective build = 747 ms
Timer: LinearConstraintProjection build = 1.63 sec
Number of parameters: 80
Number of objectives: 532
Timer: Initializing the optimization = 27.1 sec

Starting optimization
Using method: proximal-lsq-auglag
Solver options:
------------------------------------------------------------
Maximum Function Evaluations       : 2501
Maximum Allowed Total Δx Norm      : inf
Scaled Termination                 : True
Trust Region Method                : qr
Initial Trust Radius               : 2.013e-01
Maximum Trust Radius               : inf
Minimum Trust Radius               : 2.220e-16
Trust Radius Increase Ratio        : 4.000e+00
Trust Radius Decrease Ratio        : 2.500e-01
Trust Radius Increase Threshold    : 7.500e-01
Trust Radius Decrease Threshold    : 5.000e-01
Alpha Omega                        : 1.000e+00
Beta Omega                         : 1.000e+00
Alpha Eta                          : 1.000e-01
Beta Eta                           : 9.000e-01
Omega                              : 1.000e-02
Eta                                : 0.000e+00
Tau                                : 9.000e-01
------------------------------------------------------------ 

   Iteration     Total nfev        Cost      Cost reduction    Step norm     Optimality    Constr viol.   Penalty param  max(|mltplr|) 
       0              1          3.254e+03                                    6.426e+01      0.000e+00      1.000e+01      0.000e+00   
       1              2          3.243e+03      1.148e+01      5.689e-03      6.425e+01      0.000e+00      1.000e+01      0.000e+00   
       2              3          3.216e+03      2.672e+01      1.420e-03      6.346e+01      0.000e+00      1.000e+01      0.000e+00   
       3              4          2.272e+03      9.444e+02      5.692e-03      4.460e+01      0.000e+00      1.000e+01      0.000e+00   
       4              5          2.135e+03      1.367e+02      2.495e-02      3.239e+01      0.000e+00      1.000e+01      0.000e+00   
       5             12          2.135e+03      2.590e-01      1.223e-05      1.378e+01      0.000e+00      1.000e+01      0.000e+00   
Optimization terminated successfully.
`xtol` condition satisfied. (xtol=1.00e-06)
         Current function value: 2.135e+03
         Constraint violation: 0.000e+00
         Total delta_x: 3.755e-02
         Iterations: 5
         Function evaluations: 12
         Jacobian evaluations: 5
Timer: Solution time = 6.34 min
Timer: Avg time per step = 1.05 min
==============================================================================================================
                                                                 Start  -->   End
Total (sum of squares):                                      3.254e+03  -->   2.135e+03, 
Plasma volume:                                               5.116e+02  -->   5.154e+02 (m^3)
Plasma volume:                                               0.000e+00  -->   0.000e+00 (normalized error)
Maximum Rotational transform:                               -1.225e-01  -->  -1.188e-01 (dimensionless)
Minimum Rotational transform:                               -1.225e-01  -->  -1.188e-01 (dimensionless)
Average Rotational transform:                               -1.225e-01  -->  -1.188e-01 (dimensionless)
Maximum Rotational transform:                               -1.319e-01  -->  -1.273e-01 (dimensionless)
Minimum Rotational transform:                               -1.319e-01  -->  -1.273e-01 (dimensionless)
Average Rotational transform:                               -1.319e-01  -->  -1.273e-01 (dimensionless)
Maximum Quasi-symmetry (1,0) Boozer error:                   3.016e-01  -->   2.873e-01 (T)
Minimum Quasi-symmetry (1,0) Boozer error:                  -6.641e-01  -->  -6.440e-01 (T)
Average Quasi-symmetry (1,0) Boozer error:                  -9.091e-04  -->  -8.770e-04 (T)
Maximum Quasi-symmetry (1,0) Boozer error:                   4.912e-02  -->   4.680e-02 (normalized)
Minimum Quasi-symmetry (1,0) Boozer error:                  -1.082e-01  -->  -1.049e-01 (normalized)
Average Quasi-symmetry (1,0) Boozer error:                  -1.480e-04  -->  -1.428e-04 (normalized)
Maximum absolute QUADCOIL subproblem:                        5.000e+01  -->   2.342e+01 N/A
Minimum absolute QUADCOIL subproblem:                        5.000e+01  -->   2.342e+01 N/A
Average absolute QUADCOIL subproblem:                        5.000e+01  -->   2.342e+01 N/A
Maximum absolute Force error:                                2.851e+03  -->   2.124e+03 (N)
Minimum absolute Force error:                                3.514e-02  -->   2.695e-03 (N)
Average absolute Force error:                                8.107e+01  -->   8.055e+01 (N)
Maximum absolute Force error:                                6.686e-07  -->   4.982e-07 (normalized)
Minimum absolute Force error:                                8.242e-12  -->   6.321e-13 (normalized)
Average absolute Force error:                                1.901e-08  -->   1.889e-08 (normalized)
R boundary error:                                            0.000e+00  -->   0.000e+00 (m)
Z boundary error:                                            0.000e+00  -->   0.000e+00 (m)
Fixed Psi error:                                             0.000e+00  -->   0.000e+00 (Wb)
Fixed current profile error:                                 0.000e+00  -->   0.000e+00 (A)
Fixed pressure profile error:                                0.000e+00  -->   0.000e+00 (Pa)
==============================================================================================================

mem
Post-optimization QS value:  1815.7916385445783
Post-optimization FBE value: 274.24782113904547
Precomputing transforms
Precomputing transforms
mem

====================================
Optimizing boundary modes M,N <= 8
====================================
Pre-optimization QS value:   1839.2187700755917
Pre-optimization FBE value:  274.24782113904547
mem
Building objective: volume
Precomputing transforms
Timer: Precomputing transforms = 29.5 ms
Building objective: rotational transform
Precomputing transforms
Timer: Precomputing transforms = 27.6 ms
Building objective: rotational transform
Precomputing transforms
Timer: Precomputing transforms = 27.0 ms
Timer: Objective build = 101 ms
Building objective: force
Precomputing transforms
Timer: Precomputing transforms = 65.3 ms
Timer: Objective build = 78.0 ms
Timer: Objective build = 1.30 ms
Timer: Eq Update LinearConstraintProjection build = 118 ms
Timer: Proximal projection build = 1.43 sec
Building objective: lcfs R
Building objective: lcfs Z
Building objective: fixed Psi
Building objective: fixed current
Building objective: fixed pressure
Timer: Objective build = 148 ms
Timer: LinearConstraintProjection build = 1.40 sec
Number of parameters: 288
Number of objectives: 532
Timer: Initializing the optimization = 3.13 sec

Starting optimization
Using method: proximal-lsq-auglag
Solver options:
------------------------------------------------------------
Maximum Function Evaluations       : 2501
Maximum Allowed Total Δx Norm      : inf
Scaled Termination                 : True
Trust Region Method                : qr
Initial Trust Radius               : 1.745e-01
Maximum Trust Radius               : inf
Minimum Trust Radius               : 2.220e-16
Trust Radius Increase Ratio        : 4.000e+00
Trust Radius Decrease Ratio        : 2.500e-01
Trust Radius Increase Threshold    : 7.500e-01
Trust Radius Decrease Threshold    : 5.000e-01
Alpha Omega                        : 1.000e+00
Beta Omega                         : 1.000e+00
Alpha Eta                          : 1.000e-01
Beta Eta                           : 9.000e-01
Omega                              : 1.000e-02
Eta                                : 0.000e+00
Tau                                : 9.000e-01
------------------------------------------------------------ 

   Iteration     Total nfev        Cost      Cost reduction    Step norm     Optimality    Constr viol.   Penalty param  max(|mltplr|) 
       0              1          2.158e+03                                    4.605e+01      0.000e+00      1.000e+01      0.000e+00   
       1              6          2.146e+03      1.206e+01      5.245e-06      4.538e+01      0.000e+00      1.000e+01      0.000e+00   
       2             23          2.146e+03      1.199e-04      2.479e-15      4.538e+01      0.000e+00      1.000e+01      0.000e+00   
       3             29          2.146e+03      0.000e+00      0.000e+00      4.538e+01      0.000e+00      1.000e+01      0.000e+00   
Warning: A bad approximation caused failure to predict improvement.
         Current function value: 2.146e+03
         Constraint violation: 0.000e+00
         Total delta_x: 5.245e-06
         Iterations: 3
         Function evaluations: 29
         Jacobian evaluations: 2
Timer: Solution time = 6.51 min
Timer: Avg time per step = 1.62 min
==============================================================================================================
                                                                 Start  -->   End
Total (sum of squares):                                      2.158e+03  -->   2.146e+03, 
Plasma volume:                                               5.154e+02  -->   5.154e+02 (m^3)
Plasma volume:                                               0.000e+00  -->   0.000e+00 (normalized error)
Maximum Rotational transform:                               -1.188e-01  -->  -1.188e-01 (dimensionless)
Minimum Rotational transform:                               -1.188e-01  -->  -1.188e-01 (dimensionless)
Average Rotational transform:                               -1.188e-01  -->  -1.188e-01 (dimensionless)
Maximum Rotational transform:                               -1.273e-01  -->  -1.273e-01 (dimensionless)
Minimum Rotational transform:                               -1.273e-01  -->  -1.273e-01 (dimensionless)
Average Rotational transform:                               -1.273e-01  -->  -1.273e-01 (dimensionless)
Maximum Quasi-symmetry (1,0) Boozer error:                   2.873e-01  -->   2.873e-01 (T)
Minimum Quasi-symmetry (1,0) Boozer error:                  -6.440e-01  -->  -6.440e-01 (T)
Average Quasi-symmetry (1,0) Boozer error:                  -8.770e-04  -->  -8.770e-04 (T)
Maximum Quasi-symmetry (1,0) Boozer error:                   4.710e-02  -->   4.710e-02 (normalized)
Minimum Quasi-symmetry (1,0) Boozer error:                  -1.056e-01  -->  -1.056e-01 (normalized)
Average Quasi-symmetry (1,0) Boozer error:                  -1.437e-04  -->  -1.437e-04 (normalized)
Maximum absolute QUADCOIL subproblem:                        2.342e+01  -->   2.290e+01 N/A
Minimum absolute QUADCOIL subproblem:                        2.342e+01  -->   2.290e+01 N/A
Average absolute QUADCOIL subproblem:                        2.342e+01  -->   2.290e+01 N/A
Maximum absolute Force error:                                2.124e+03  -->   2.068e+03 (N)
Minimum absolute Force error:                                2.695e-03  -->   5.354e-03 (N)
Average absolute Force error:                                8.055e+01  -->   8.120e+01 (N)
Maximum absolute Force error:                                5.030e-07  -->   4.898e-07 (normalized)
Minimum absolute Force error:                                6.382e-13  -->   1.268e-12 (normalized)
Average absolute Force error:                                1.907e-08  -->   1.923e-08 (normalized)
R boundary error:                                            0.000e+00  -->   0.000e+00 (m)
Z boundary error:                                            0.000e+00  -->   0.000e+00 (m)
Fixed Psi error:                                             0.000e+00  -->   0.000e+00 (Wb)
Fixed current profile error:                                 0.000e+00  -->   0.000e+00 (A)
Fixed pressure profile error:                                0.000e+00  -->   0.000e+00 (Pa)
==============================================================================================================

mem
Post-optimization QS value:  1839.2182962867603
Post-optimization FBE value: 262.19164219694227
End time:       Thu Aug 27 18:36:25 EDT 2026
