Job ID:         16487908
Nodes:          1
CPUs per task:  4
Start time:     Thu Aug 27 18:17:06 EDT 2026
mem
Precomputing transforms
mem
mem
Boundary mode steps: range(4, 9, 4)
Precomputing transforms
Precomputing transforms
mem

====================================
Optimizing boundary modes M,N <= 4
====================================
Pre-optimization QS value:   1957.9681787676172
Pre-optimization FBE value:  1249.9997666072309
mem
Building objective: volume
Precomputing transforms
Timer: Precomputing transforms = 653 ms
Building objective: rotational transform
Precomputing transforms
Timer: Precomputing transforms = 598 ms
Building objective: rotational transform
Precomputing transforms
Timer: Precomputing transforms = 26.4 ms
Timer: Objective build = 1.76 sec
Building objective: force
Precomputing transforms
Timer: Precomputing transforms = 834 ms
Timer: Objective build = 895 ms
Timer: Objective build = 1.96 ms
Timer: Eq Update LinearConstraintProjection build = 3.76 sec
Timer: Proximal projection build = 25.8 sec
Building objective: lcfs R
Building objective: lcfs Z
Building objective: fixed Psi
Building objective: fixed current
Building objective: fixed pressure
Timer: Objective build = 766 ms
Timer: LinearConstraintProjection build = 1.69 sec
Number of parameters: 80
Number of objectives: 532
Timer: Initializing the optimization = 28.4 sec

Starting optimization
Using method: proximal-lsq-auglag
Solver options:
------------------------------------------------------------
Maximum Function Evaluations       : 2501
Maximum Allowed Total Δx Norm      : inf
Scaled Termination                 : True
Trust Region Method                : qr
Initial Trust Radius               : 2.013e-01
Maximum Trust Radius               : inf
Minimum Trust Radius               : 2.220e-16
Trust Radius Increase Ratio        : 4.000e+00
Trust Radius Decrease Ratio        : 2.500e-01
Trust Radius Increase Threshold    : 7.500e-01
Trust Radius Decrease Threshold    : 5.000e-01
Alpha Omega                        : 1.000e+00
Beta Omega                         : 1.000e+00
Alpha Eta                          : 1.000e-01
Beta Eta                           : 9.000e-01
Omega                              : 1.000e-02
Eta                                : 0.000e+00
Tau                                : 9.000e-01
------------------------------------------------------------ 

   Iteration     Total nfev        Cost      Cost reduction    Step norm     Optimality    Constr viol.   Penalty param  max(|mltplr|) 
       0              1          3.254e+03                                    6.426e+01      0.000e+00      1.000e+01      0.000e+00   
       1              2          3.243e+03      1.147e+01      5.689e-03      6.424e+01      0.000e+00      1.000e+01      0.000e+00   
       2              3          3.216e+03      2.648e+01      1.420e-03      6.337e+01      0.000e+00      1.000e+01      0.000e+00   
       3              4          2.272e+03      9.447e+02      5.693e-03      4.461e+01      0.000e+00      1.000e+01      0.000e+00   
       4              5          2.135e+03      1.371e+02      2.495e-02      4.248e+01      0.000e+00      1.000e+01      0.000e+00   
       5              8          2.015e+03      1.192e+02      6.244e-03      4.107e+01      0.000e+00      1.000e+01      0.000e+00   
       6             12          2.014e+03      1.011e+00      3.933e-04      4.105e+01      0.000e+00      1.000e+01      0.000e+00   
       7             22          2.014e+03      4.379e-04      1.499e-09      4.105e+01      0.000e+00      1.000e+01      0.000e+00   
Optimization terminated successfully.
`ftol` condition satisfied. (ftol=1.00e-05)
`xtol` condition satisfied. (xtol=1.00e-06)
         Current function value: 2.014e+03
         Constraint violation: 0.000e+00
         Total delta_x: 4.416e-02
         Iterations: 7
         Function evaluations: 22
         Jacobian evaluations: 7
Timer: Solution time = 8.76 min
Timer: Avg time per step = 1.09 min
==============================================================================================================
                                                                 Start  -->   End
Total (sum of squares):                                      3.254e+03  -->   2.014e+03, 
Plasma volume:                                               5.116e+02  -->   5.159e+02 (m^3)
Plasma volume:                                               0.000e+00  -->   0.000e+00 (normalized error)
Maximum Rotational transform:                               -1.225e-01  -->  -1.182e-01 (dimensionless)
Minimum Rotational transform:                               -1.225e-01  -->  -1.182e-01 (dimensionless)
Average Rotational transform:                               -1.225e-01  -->  -1.182e-01 (dimensionless)
Maximum Rotational transform:                               -1.319e-01  -->  -1.265e-01 (dimensionless)
Minimum Rotational transform:                               -1.319e-01  -->  -1.265e-01 (dimensionless)
Average Rotational transform:                               -1.319e-01  -->  -1.265e-01 (dimensionless)
Maximum Quasi-symmetry (1,0) Boozer error:                   3.016e-01  -->   2.849e-01 (T)
Minimum Quasi-symmetry (1,0) Boozer error:                  -6.641e-01  -->  -6.405e-01 (T)
Average Quasi-symmetry (1,0) Boozer error:                  -9.091e-04  -->  -8.717e-04 (T)
Maximum Quasi-symmetry (1,0) Boozer error:                   4.912e-02  -->   4.640e-02 (normalized)
Minimum Quasi-symmetry (1,0) Boozer error:                  -1.082e-01  -->  -1.043e-01 (normalized)
Average Quasi-symmetry (1,0) Boozer error:                  -1.480e-04  -->  -1.420e-04 (normalized)
Maximum absolute QUADCOIL subproblem:                        5.000e+01  -->   1.887e+01 N/A
Minimum absolute QUADCOIL subproblem:                        5.000e+01  -->   1.887e+01 N/A
Average absolute QUADCOIL subproblem:                        5.000e+01  -->   1.887e+01 N/A
Maximum absolute Force error:                                2.851e+03  -->   1.840e+03 (N)
Minimum absolute Force error:                                3.514e-02  -->   1.046e-02 (N)
Average absolute Force error:                                8.107e+01  -->   7.550e+01 (N)
Maximum absolute Force error:                                6.686e-07  -->   4.315e-07 (normalized)
Minimum absolute Force error:                                8.242e-12  -->   2.452e-12 (normalized)
Average absolute Force error:                                1.901e-08  -->   1.771e-08 (normalized)
R boundary error:                                            0.000e+00  -->   0.000e+00 (m)
Z boundary error:                                            0.000e+00  -->   0.000e+00 (m)
Fixed Psi error:                                             0.000e+00  -->   0.000e+00 (Wb)
Fixed current profile error:                                 0.000e+00  -->   0.000e+00 (A)
Fixed pressure profile error:                                0.000e+00  -->   0.000e+00 (Pa)
==============================================================================================================

mem
Post-optimization QS value:  1791.9069484794522
Post-optimization FBE value: 178.05300181063203
Precomputing transforms
Precomputing transforms
mem

====================================
Optimizing boundary modes M,N <= 8
====================================
Pre-optimization QS value:   1817.9722225774658
Pre-optimization FBE value:  178.05300181063203
mem
Building objective: volume
Precomputing transforms
Timer: Precomputing transforms = 30.0 ms
Building objective: rotational transform
Precomputing transforms
Timer: Precomputing transforms = 28.1 ms
Building objective: rotational transform
Precomputing transforms
Timer: Precomputing transforms = 27.1 ms
Timer: Objective build = 102 ms
Building objective: force
Precomputing transforms
Timer: Precomputing transforms = 65.6 ms
Timer: Objective build = 78.2 ms
Timer: Objective build = 1.32 ms
Timer: Eq Update LinearConstraintProjection build = 117 ms
Timer: Proximal projection build = 1.53 sec
Building objective: lcfs R
Building objective: lcfs Z
Building objective: fixed Psi
Building objective: fixed current
Building objective: fixed pressure
Timer: Objective build = 142 ms
Timer: LinearConstraintProjection build = 1.40 sec
Number of parameters: 288
Number of objectives: 532
Timer: Initializing the optimization = 3.20 sec

Starting optimization
Using method: proximal-lsq-auglag
Solver options:
------------------------------------------------------------
Maximum Function Evaluations       : 2501
Maximum Allowed Total Δx Norm      : inf
Scaled Termination                 : True
Trust Region Method                : qr
Initial Trust Radius               : 1.610e-01
Maximum Trust Radius               : inf
Minimum Trust Radius               : 2.220e-16
Trust Radius Increase Ratio        : 4.000e+00
Trust Radius Decrease Ratio        : 2.500e-01
Trust Radius Increase Threshold    : 7.500e-01
Trust Radius Decrease Threshold    : 5.000e-01
Alpha Omega                        : 1.000e+00
Beta Omega                         : 1.000e+00
Alpha Eta                          : 1.000e-01
Beta Eta                           : 9.000e-01
Omega                              : 1.000e-02
Eta                                : 0.000e+00
Tau                                : 9.000e-01
------------------------------------------------------------ 

   Iteration     Total nfev        Cost      Cost reduction    Step norm     Optimality    Constr viol.   Penalty param  max(|mltplr|) 
       0              1          2.041e+03                                    4.387e+01      0.000e+00      1.000e+01      0.000e+00   
       1              8          2.041e+03      4.311e-03      2.216e-07      4.387e+01      0.000e+00      1.000e+01      0.000e+00   
Optimization terminated successfully.
`ftol` condition satisfied. (ftol=1.00e-05)
`xtol` condition satisfied. (xtol=1.00e-06)
         Current function value: 2.041e+03
         Constraint violation: 0.000e+00
         Total delta_x: 2.216e-07
         Iterations: 1
         Function evaluations: 8
         Jacobian evaluations: 1
Timer: Solution time = 3.49 min
Timer: Avg time per step = 1.74 min
==============================================================================================================
                                                                 Start  -->   End
Total (sum of squares):                                      2.041e+03  -->   2.041e+03, 
Plasma volume:                                               5.159e+02  -->   5.159e+02 (m^3)
Plasma volume:                                               0.000e+00  -->   0.000e+00 (normalized error)
Maximum Rotational transform:                               -1.182e-01  -->  -1.182e-01 (dimensionless)
Minimum Rotational transform:                               -1.182e-01  -->  -1.182e-01 (dimensionless)
Average Rotational transform:                               -1.182e-01  -->  -1.182e-01 (dimensionless)
Maximum Rotational transform:                               -1.265e-01  -->  -1.265e-01 (dimensionless)
Minimum Rotational transform:                               -1.265e-01  -->  -1.265e-01 (dimensionless)
Average Rotational transform:                               -1.265e-01  -->  -1.265e-01 (dimensionless)
Maximum Quasi-symmetry (1,0) Boozer error:                   2.849e-01  -->   2.849e-01 (T)
Minimum Quasi-symmetry (1,0) Boozer error:                  -6.405e-01  -->  -6.405e-01 (T)
Average Quasi-symmetry (1,0) Boozer error:                  -8.717e-04  -->  -8.717e-04 (T)
Maximum Quasi-symmetry (1,0) Boozer error:                   4.673e-02  -->   4.673e-02 (normalized)
Minimum Quasi-symmetry (1,0) Boozer error:                  -1.051e-01  -->  -1.051e-01 (normalized)
Average Quasi-symmetry (1,0) Boozer error:                  -1.430e-04  -->  -1.430e-04 (normalized)
Maximum absolute QUADCOIL subproblem:                        1.887e+01  -->   1.887e+01 N/A
Minimum absolute QUADCOIL subproblem:                        1.887e+01  -->   1.887e+01 N/A
Average absolute QUADCOIL subproblem:                        1.887e+01  -->   1.887e+01 N/A
Maximum absolute Force error:                                1.840e+03  -->   1.855e+03 (N)
Minimum absolute Force error:                                1.046e-02  -->   2.099e-03 (N)
Average absolute Force error:                                7.550e+01  -->   7.556e+01 (N)
Maximum absolute Force error:                                4.362e-07  -->   4.398e-07 (normalized)
Minimum absolute Force error:                                2.479e-12  -->   4.977e-13 (normalized)
Average absolute Force error:                                1.790e-08  -->   1.791e-08 (normalized)
R boundary error:                                            0.000e+00  -->   0.000e+00 (m)
Z boundary error:                                            0.000e+00  -->   0.000e+00 (m)
Fixed Psi error:                                             0.000e+00  -->   0.000e+00 (Wb)
Fixed current profile error:                                 0.000e+00  -->   0.000e+00 (A)
Fixed pressure profile error:                                0.000e+00  -->   0.000e+00 (Pa)
==============================================================================================================

mem
Post-optimization QS value:  1817.972019661186
Post-optimization FBE value: 178.04934599323522
End time:       Thu Aug 27 18:32:51 EDT 2026
