/scratch/lf2869/code/DESC/desc/__init__.py:94: FutureWarning: The pynvml package is deprecated. Please install nvidia-ml-py instead. If you did not install pynvml directly, please report this to the maintainers of the package that installed pynvml for you.
  from pynvml import (
Traceback (most recent call last):
  File "/scratch/lf2869/project/qss-free-boundary/./free.py", line 16, in <module>
    eqfam_f_max_phi, out_list_f_max_phi, quadcoil_objective_f_max_phi = quasi_single_stage(
                                                                        ^^^^^^^^^^^^^^^^^^^
  File "/scratch/lf2869/project/qss-free-boundary/shared.py", line 436, in quasi_single_stage
    _, _, dofs_init, status_init = quadcoil_fbe.solve_quadcoil(
                                   ^^^^^^^^^^^^^^^^^^^^^^^^^^^^
  File "/scratch/lf2869/code/DESC/desc/objectives/_quadcoil.py", line 720, in solve_quadcoil
    self._quadcoil_inputs(*all_params)
  File "/scratch/lf2869/code/DESC/desc/objectives/_quadcoil.py", line 675, in _quadcoil_inputs
    plasma_dofs = self.compute_plasma_surface_dofs_simsopt(params_eq)
                  ^^^^^^^^^^^^^^^^^^^^^^^^^^^^^^^^^^^^^^^^^^^^^^^^^^^
  File "/scratch/lf2869/code/DESC/desc/objectives/_quadcoil.py", line 799, in compute_plasma_surface_dofs_simsopt
    rs_raw, rc_raw = _ptolemy_identity_rev_compute(
                     ^^^^^^^^^^^^^^^^^^^^^^^^^^^^^^
  File "/scratch/lf2869/code/DESC/desc/objectives/_quadcoil_utils.py", line 230, in _ptolemy_identity_rev_compute
    y = (A @ x.T).T
         ~~^~~~~
  File "/scratch/lf2869/conda_envs/desc/lib/python3.12/site-packages/jax/_src/numpy/array_methods.py", line 1083, in op
    return getattr(self.aval, f"_{name}")(self, *args)
           ^^^^^^^^^^^^^^^^^^^^^^^^^^^^^^^^^^^^^^^^^^^
  File "/scratch/lf2869/conda_envs/desc/lib/python3.12/site-packages/jax/_src/numpy/array_methods.py", line 583, in deferring_binary_op
    return binary_op(*args)
           ^^^^^^^^^^^^^^^^
  File "/scratch/lf2869/conda_envs/desc/lib/python3.12/site-packages/jax/_src/numpy/tensor_contractions.py", line 245, in matmul
    out = lax.dot_general(
          ^^^^^^^^^^^^^^^^
TypeError: dot_general requires contracting dimensions to have the same shape, got (545,) and (145,).
--------------------
For simplicity, JAX has removed its internal frames from the traceback of the following exception. Set JAX_TRACEBACK_FILTERING=off to include these.
