Job ID:         16487917
Nodes:          1
CPUs per task:  4
Start time:     Thu Aug 27 18:18:48 EDT 2026
mem
Precomputing transforms
mem
mem
Boundary mode steps: range(4, 9, 4)
Precomputing transforms
Precomputing transforms
mem

====================================
Optimizing boundary modes M,N <= 4
====================================
Pre-optimization QS value:   1957.9681787676172
Pre-optimization FBE value:  0.008534784735195977
mem
Building objective: volume
Precomputing transforms
Timer: Precomputing transforms = 834 ms
Building objective: rotational transform
Precomputing transforms
Timer: Precomputing transforms = 776 ms
Building objective: rotational transform
Precomputing transforms
Timer: Precomputing transforms = 35.3 ms
Timer: Objective build = 2.23 sec
Building objective: force
Precomputing transforms
Timer: Precomputing transforms = 1.13 sec
Timer: Objective build = 1.21 sec
Timer: Objective build = 2.72 ms
Timer: Eq Update LinearConstraintProjection build = 4.79 sec
Timer: Proximal projection build = 32.5 sec
Building objective: lcfs R
Building objective: lcfs Z
Building objective: fixed Psi
Building objective: fixed current
Building objective: fixed pressure
Timer: Objective build = 974 ms
Timer: LinearConstraintProjection build = 1.88 sec
Number of parameters: 80
Number of objectives: 2709
Timer: Initializing the optimization = 35.6 sec

Starting optimization
Using method: proximal-lsq-auglag
Solver options:
------------------------------------------------------------
Maximum Function Evaluations       : 2501
Maximum Allowed Total Δx Norm      : inf
Scaled Termination                 : True
Trust Region Method                : qr
Initial Trust Radius               : 6.215e-01
Maximum Trust Radius               : inf
Minimum Trust Radius               : 2.220e-16
Trust Radius Increase Ratio        : 4.000e+00
Trust Radius Decrease Ratio        : 2.500e-01
Trust Radius Increase Threshold    : 7.500e-01
Trust Radius Decrease Threshold    : 5.000e-01
Alpha Omega                        : 1.000e+00
Beta Omega                         : 1.000e+00
Alpha Eta                          : 1.000e-01
Beta Eta                           : 9.000e-01
Omega                              : 1.000e-02
Eta                                : 0.000e+00
Tau                                : 9.000e-01
------------------------------------------------------------ 

   Iteration     Total nfev        Cost      Cost reduction    Step norm     Optimality    Constr viol.   Penalty param  max(|mltplr|) 
       0              1          2.004e+03                                    2.185e+01      0.000e+00      1.000e+01      0.000e+00   
       1              2          1.982e+03      2.215e+01      9.494e-03      2.101e+01      0.000e+00      1.000e+01      0.000e+00   
       2              3          1.913e+03      6.970e+01      3.915e-02      1.768e+01      0.000e+00      1.000e+01      0.000e+00   
       3              4          1.854e+03      5.889e+01      1.665e-01      9.584e+00      0.000e+00      1.000e+01      0.000e+00   
       4              5          1.848e+03      5.551e+00      2.938e-02      8.443e+00      0.000e+00      1.000e+01      0.000e+00   
       5              6          1.847e+03      1.481e+00      6.651e-03      8.199e+00      0.000e+00      1.000e+01      0.000e+00   
       6              7          1.846e+03      7.165e-01      1.624e-03      8.136e+00      0.000e+00      1.000e+01      0.000e+00   
       7              8          1.846e+03      1.097e-01      4.038e-04      8.128e+00      0.000e+00      1.000e+01      0.000e+00   
       8              9          1.846e+03      1.354e-02      1.008e-04      8.123e+00      0.000e+00      1.000e+01      0.000e+00   
       9             11          1.846e+03      2.923e-03      6.297e-06      8.123e+00      0.000e+00      1.000e+01      0.000e+00   
      10             12          1.846e+03      7.878e-04      1.574e-06      8.123e+00      0.000e+00      1.000e+01      0.000e+00   
      11             13          1.846e+03      1.132e-02      3.936e-07      8.122e+00      0.000e+00      1.000e+01      0.000e+00   
Optimization terminated successfully.
`ftol` condition satisfied. (ftol=1.00e-05)
`xtol` condition satisfied. (xtol=1.00e-06)
         Current function value: 1.846e+03
         Constraint violation: 0.000e+00
         Total delta_x: 2.506e-01
         Iterations: 11
         Function evaluations: 13
         Jacobian evaluations: 11
Timer: Solution time = 13.6 min
Timer: Avg time per step = 1.13 min
==============================================================================================================
                                                                 Start  -->   End
Total (sum of squares):                                      2.004e+03  -->   1.846e+03, 
Plasma volume:                                               5.116e+02  -->   6.156e+02 (m^3)
Plasma volume:                                               0.000e+00  -->   3.844e+00 (normalized error)
Maximum Rotational transform:                               -1.225e-01  -->  -1.195e-01 (dimensionless)
Minimum Rotational transform:                               -1.225e-01  -->  -1.195e-01 (dimensionless)
Average Rotational transform:                               -1.225e-01  -->  -1.195e-01 (dimensionless)
Maximum Rotational transform:                               -1.319e-01  -->  -1.294e-01 (dimensionless)
Minimum Rotational transform:                               -1.319e-01  -->  -1.294e-01 (dimensionless)
Average Rotational transform:                               -1.319e-01  -->  -1.294e-01 (dimensionless)
Maximum Quasi-symmetry (1,0) Boozer error:                   3.016e-01  -->   2.624e-01 (T)
Minimum Quasi-symmetry (1,0) Boozer error:                  -6.641e-01  -->  -5.847e-01 (T)
Average Quasi-symmetry (1,0) Boozer error:                  -9.091e-04  -->  -7.794e-04 (T)
Maximum Quasi-symmetry (1,0) Boozer error:                   4.912e-02  -->   4.273e-02 (normalized)
Minimum Quasi-symmetry (1,0) Boozer error:                  -1.082e-01  -->  -9.522e-02 (normalized)
Average Quasi-symmetry (1,0) Boozer error:                  -1.480e-04  -->  -1.269e-04 (normalized)
Maximum absolute Quadcoil boundary error:                    9.175e-02  -->   1.036e+01 (T*m^2, T^2*m^2, T*m^2)
Minimum absolute Quadcoil boundary error:                    6.146e-16  -->   6.842e-16 (T*m^2, T^2*m^2, T*m^2)
Average absolute Quadcoil boundary error:                    1.634e-02  -->   2.258e+00 (T*m^2, T^2*m^2, T*m^2)
Maximum absolute Quadcoil boundary error:                    2.907e-04  -->   3.283e-02 (normalized)
Minimum absolute Quadcoil boundary error:                    1.947e-18  -->   2.168e-18 (normalized)
Average absolute Quadcoil boundary error:                    5.175e-05  -->   7.153e-03 (normalized)
Maximum absolute Force error:                                2.851e+03  -->   2.738e+03 (N)
Minimum absolute Force error:                                3.514e-02  -->   3.669e-06 (N)
Average absolute Force error:                                8.107e+01  -->   7.213e+01 (N)
Maximum absolute Force error:                                6.686e-07  -->   6.422e-07 (normalized)
Minimum absolute Force error:                                8.242e-12  -->   8.604e-16 (normalized)
Average absolute Force error:                                1.901e-08  -->   1.692e-08 (normalized)
R boundary error:                                            0.000e+00  -->   0.000e+00 (m)
Z boundary error:                                            0.000e+00  -->   0.000e+00 (m)
Fixed Psi error:                                             0.000e+00  -->   0.000e+00 (Wb)
Fixed current profile error:                                 0.000e+00  -->   0.000e+00 (A)
Fixed pressure profile error:                                0.000e+00  -->   0.000e+00 (Pa)
==============================================================================================================

mem
Post-optimization QS value:  1518.1574835111494
Post-optimization FBE value: 274.9150363297055
Precomputing transforms
Precomputing transforms
mem

====================================
Optimizing boundary modes M,N <= 8
====================================
Pre-optimization QS value:   2181.758211014692
Pre-optimization FBE value:  0.008614209441950928
mem
Building objective: volume
Precomputing transforms
Timer: Precomputing transforms = 39.9 ms
Building objective: rotational transform
Precomputing transforms
Timer: Precomputing transforms = 37.2 ms
Building objective: rotational transform
Precomputing transforms
Timer: Precomputing transforms = 36.1 ms
Timer: Objective build = 136 ms
Building objective: force
Precomputing transforms
Timer: Precomputing transforms = 88.6 ms
Timer: Objective build = 105 ms
Timer: Objective build = 1.77 ms
Timer: Eq Update LinearConstraintProjection build = 166 ms
Timer: Proximal projection build = 1.90 sec
Building objective: lcfs R
Building objective: lcfs Z
Building objective: fixed Psi
Building objective: fixed current
Building objective: fixed pressure
Timer: Objective build = 176 ms
Timer: LinearConstraintProjection build = 1.81 sec
Number of parameters: 288
Number of objectives: 2709
Timer: Initializing the optimization = 4.09 sec

Starting optimization
Using method: proximal-lsq-auglag
Solver options:
------------------------------------------------------------
Maximum Function Evaluations       : 2501
Maximum Allowed Total Δx Norm      : inf
Scaled Termination                 : True
Trust Region Method                : qr
Initial Trust Radius               : 1.172e-01
Maximum Trust Radius               : inf
Minimum Trust Radius               : 2.220e-16
Trust Radius Increase Ratio        : 4.000e+00
Trust Radius Decrease Ratio        : 2.500e-01
Trust Radius Increase Threshold    : 7.500e-01
Trust Radius Decrease Threshold    : 5.000e-01
Alpha Omega                        : 1.000e+00
Beta Omega                         : 1.000e+00
Alpha Eta                          : 1.000e-01
Beta Eta                           : 9.000e-01
Omega                              : 1.000e-02
Eta                                : 0.000e+00
Tau                                : 9.000e-01
------------------------------------------------------------ 

   Iteration     Total nfev        Cost      Cost reduction    Step norm     Optimality    Constr viol.   Penalty param  max(|mltplr|) 
       0              1          2.232e+03                                    1.967e+01      0.000e+00      1.000e+01      0.000e+00   
       1              3          2.231e+03      1.065e+00      3.272e-04      1.963e+01      0.000e+00      1.000e+01      0.000e+00   
       2              5          2.230e+03      8.790e-01      3.514e-04      1.959e+01      0.000e+00      1.000e+01      0.000e+00   
       3              9          2.230e+03      5.020e-02      2.167e-05      1.959e+01      0.000e+00      1.000e+01      0.000e+00   
       4             11          2.230e+03      1.754e-02      5.469e-06      1.959e+01      0.000e+00      1.000e+01      0.000e+00   
Optimization terminated successfully.
`ftol` condition satisfied. (ftol=1.00e-05)
`xtol` condition satisfied. (xtol=1.00e-06)
         Current function value: 2.230e+03
         Constraint violation: 0.000e+00
         Total delta_x: 7.045e-04
         Iterations: 4
         Function evaluations: 11
         Jacobian evaluations: 4
Timer: Solution time = 7.24 min
Timer: Avg time per step = 1.44 min
==============================================================================================================
                                                                 Start  -->   End
Total (sum of squares):                                      2.232e+03  -->   2.230e+03, 
Plasma volume:                                               6.156e+02  -->   6.159e+02 (m^3)
Plasma volume:                                               3.207e+00  -->   3.222e+00 (normalized error)
Maximum Rotational transform:                               -1.195e-01  -->  -1.195e-01 (dimensionless)
Minimum Rotational transform:                               -1.195e-01  -->  -1.195e-01 (dimensionless)
Average Rotational transform:                               -1.195e-01  -->  -1.195e-01 (dimensionless)
Maximum Rotational transform:                               -1.294e-01  -->  -1.294e-01 (dimensionless)
Minimum Rotational transform:                               -1.294e-01  -->  -1.294e-01 (dimensionless)
Average Rotational transform:                               -1.294e-01  -->  -1.294e-01 (dimensionless)
Maximum Quasi-symmetry (1,0) Boozer error:                   2.624e-01  -->   2.622e-01 (T)
Minimum Quasi-symmetry (1,0) Boozer error:                  -5.847e-01  -->  -5.843e-01 (T)
Average Quasi-symmetry (1,0) Boozer error:                  -7.794e-04  -->  -7.790e-04 (T)
Maximum Quasi-symmetry (1,0) Boozer error:                   5.122e-02  -->   5.118e-02 (normalized)
Minimum Quasi-symmetry (1,0) Boozer error:                  -1.141e-01  -->  -1.141e-01 (normalized)
Average Quasi-symmetry (1,0) Boozer error:                  -1.521e-04  -->  -1.521e-04 (normalized)
Maximum absolute Quadcoil boundary error:                    6.515e-02  -->   6.057e-02 (T*m^2, T^2*m^2, T*m^2)
Minimum absolute Quadcoil boundary error:                    2.035e-15  -->   5.787e-16 (T*m^2, T^2*m^2, T*m^2)
Average absolute Quadcoil boundary error:                    1.201e-02  -->   1.385e-02 (T*m^2, T^2*m^2, T*m^2)
Maximum absolute Quadcoil boundary error:                    2.635e-04  -->   2.450e-04 (normalized)
Minimum absolute Quadcoil boundary error:                    8.229e-18  -->   2.341e-18 (normalized)
Average absolute Quadcoil boundary error:                    4.859e-05  -->   5.601e-05 (normalized)
Maximum absolute Force error:                                2.738e+03  -->   9.330e+03 (N)
Minimum absolute Force error:                                3.669e-06  -->   8.485e-02 (N)
Average absolute Force error:                                7.213e+01  -->   3.004e+02 (N)
Maximum absolute Force error:                                8.427e-07  -->   2.871e-06 (normalized)
Minimum absolute Force error:                                1.129e-15  -->   2.611e-11 (normalized)
Average absolute Force error:                                2.220e-08  -->   9.245e-08 (normalized)
R boundary error:                                            0.000e+00  -->   0.000e+00 (m)
Z boundary error:                                            0.000e+00  -->   0.000e+00 (m)
Fixed Psi error:                                             0.000e+00  -->   0.000e+00 (Wb)
Fixed current profile error:                                 0.000e+00  -->   0.000e+00 (A)
Fixed pressure profile error:                                0.000e+00  -->   0.000e+00 (Pa)
==============================================================================================================

mem
Post-optimization QS value:  2179.707195540519
Post-optimization FBE value: 0.013027231864414261
End time:       Thu Aug 27 18:44:03 EDT 2026
