Job ID:         16394184
Nodes:          1
CPUs per task:  4
Start time:     Wed Aug 26 09:35:27 EDT 2026
mem
Building objective: force
Precomputing transforms
Timer: Precomputing transforms = 977 ms
Timer: Objective build = 1.24 sec
Building objective: lcfs R
Building objective: lcfs Z
Building objective: fixed Psi
Building objective: fixed pressure
Building objective: fixed current
Building objective: fixed sheet current
Building objective: self_consistency R
Building objective: self_consistency Z
Building objective: lambda gauge
Building objective: axis R self consistency
Building objective: axis Z self consistency
Timer: Objective build = 676 ms
Timer: LinearConstraintProjection build = 7.06 sec
Number of parameters: 6480
Number of objectives: 37570
Timer: Initializing the optimization = 9.68 sec

Starting optimization
Using method: lsq-exact
Solver options:
------------------------------------------------------------
Maximum Function Evaluations       : 501
Maximum Allowed Total Δx Norm      : inf
Scaled Termination                 : True
Trust Region Method                : qr
Initial Trust Radius               : 1.357e+02
Maximum Trust Radius               : inf
Minimum Trust Radius               : 2.220e-16
Trust Radius Increase Ratio        : 2.000e+00
Trust Radius Decrease Ratio        : 2.500e-01
Trust Radius Increase Threshold    : 7.500e-01
Trust Radius Decrease Threshold    : 2.500e-01
------------------------------------------------------------ 

   Iteration     Total nfev        Cost      Cost reduction    Step norm     Optimality   
       0              1          8.184e-02                                    2.678e-01   
       1              4          1.230e-02      6.954e-02      3.347e-01      6.945e-02   
       2              5          2.418e-04      1.205e-02      1.800e-01      5.141e-03   
       3              6          6.934e-06      2.349e-04      5.064e-02      6.591e-04   
       4              8          8.908e-07      6.044e-06      5.207e-02      2.135e-04   
       5             10          1.153e-07      7.755e-07      2.841e-02      1.096e-04   
       6             12          2.848e-08      8.685e-08      1.919e-02      9.164e-05   
       7             14          3.950e-09      2.453e-08      9.846e-03      2.437e-05   
       8             16          1.695e-09      2.255e-09      5.709e-03      5.829e-06   
       9             18          1.394e-09      3.006e-10      3.615e-03      2.200e-06   
      10             20          1.343e-09      5.086e-11      2.055e-03      7.123e-07   
      11             21          1.326e-09      1.728e-11      3.767e-03      2.688e-06   
      12             22          1.291e-09      3.560e-11      3.537e-03      2.582e-06   
      13             23          1.255e-09      3.577e-11      3.302e-03      2.300e-06   
      14             24          1.221e-09      3.388e-11      3.074e-03      2.000e-06   
      15             26          1.196e-09      2.503e-11      1.491e-03      4.617e-07   
      16             27          1.174e-09      2.231e-11      2.825e-03      1.635e-06   
      17             28          1.144e-09      2.989e-11      2.707e-03      1.479e-06   
      18             30          1.122e-09      2.126e-11      1.328e-03      3.522e-07   
      19             31          1.100e-09      2.204e-11      2.579e-03      1.290e-06   
      20             33          1.080e-09      1.998e-11      1.275e-03      3.098e-07   
      21             34          1.059e-09      2.170e-11      2.505e-03      1.138e-06   
      22             36          1.040e-09      1.896e-11      1.244e-03      2.866e-07   
      23             37          1.019e-09      2.128e-11      2.460e-03      1.136e-06   
      24             39          1.000e-09      1.809e-11      1.225e-03      2.856e-07   
      25             40          9.796e-10      2.080e-11      2.432e-03      1.129e-06   
      26             42          9.623e-10      1.735e-11      1.213e-03      2.839e-07   
      27             43          9.420e-10      2.027e-11      2.414e-03      1.124e-06   
      28             45          9.253e-10      1.671e-11      1.205e-03      2.831e-07   
      29             46          9.056e-10      1.968e-11      2.403e-03      1.123e-06   
      30             48          8.894e-10      1.618e-11      1.201e-03      2.833e-07   
      31             49          8.704e-10      1.903e-11      2.397e-03      1.127e-06   
      32             51          8.547e-10      1.575e-11      1.199e-03      2.837e-07   
      33             52          8.363e-10      1.833e-11      2.396e-03      1.130e-06   
      34             54          8.209e-10      1.541e-11      1.199e-03      2.834e-07   
      35             55          8.033e-10      1.761e-11      2.398e-03      1.131e-06   
      36             57          7.882e-10      1.511e-11      1.200e-03      2.827e-07   
      37             58          7.713e-10      1.693e-11      2.404e-03      1.133e-06   
      38             60          7.565e-10      1.481e-11      1.204e-03      2.837e-07   
      39             61          7.402e-10      1.624e-11      2.413e-03      1.139e-06   
      40             63          7.257e-10      1.455e-11      1.210e-03      2.860e-07   
      41             64          7.102e-10      1.551e-11      2.425e-03      1.149e-06   
      42             66          6.958e-10      1.435e-11      1.216e-03      2.885e-07   
      43             67          6.811e-10      1.475e-11      2.438e-03      1.157e-06   
      44             68          6.622e-10      1.885e-11      2.446e-03      1.164e-06   
      45             70          6.480e-10      1.419e-11      1.226e-03      2.904e-07   
      46             71          6.346e-10      1.343e-11      2.459e-03      1.162e-06   
      47             72          6.167e-10      1.784e-11      2.467e-03      1.165e-06   
      48             74          6.026e-10      1.412e-11      1.237e-03      2.897e-07   
      49             75          5.906e-10      1.204e-11      2.481e-03      1.156e-06   
      50             76          5.737e-10      1.686e-11      2.492e-03      1.156e-06   
      51             77          5.571e-10      1.658e-11      2.503e-03      1.151e-06   
      52             78          5.409e-10      1.624e-11      2.514e-03      1.146e-06   
      53             79          5.250e-10      1.590e-11      2.524e-03      1.140e-06   
      54             80          5.094e-10      1.557e-11      2.535e-03      1.137e-06   
      55             81          4.942e-10      1.525e-11      2.545e-03      1.135e-06   
      56             82          4.793e-10      1.490e-11      2.554e-03      1.129e-06   
      57             83          4.647e-10      1.455e-11      2.562e-03      1.121e-06   
      58             84          4.505e-10      1.421e-11      2.571e-03      1.149e-06   
      59             85          4.366e-10      1.387e-11      2.579e-03      1.174e-06   
      60             86          4.231e-10      1.352e-11      2.589e-03      1.195e-06   
      61             87          4.100e-10      1.317e-11      2.599e-03      1.213e-06   
      62             88          3.971e-10      1.283e-11      2.609e-03      1.229e-06   
      63             89          3.846e-10      1.251e-11      2.619e-03      1.242e-06   
      64             90          3.724e-10      1.223e-11      2.626e-03      1.253e-06   
      65             91          3.604e-10      1.198e-11      2.631e-03      1.258e-06   
      66             92          3.487e-10      1.174e-11      2.633e-03      1.259e-06   
      67             93          3.372e-10      1.149e-11      2.632e-03      1.254e-06   
      68             94          3.259e-10      1.122e-11      2.630e-03      1.244e-06   
      69             95          3.150e-10      1.091e-11      2.626e-03      1.227e-06   
      70             96          3.045e-10      1.056e-11      2.622e-03      1.206e-06   
      71             97          2.943e-10      1.019e-11      2.617e-03      1.181e-06   
      72             98          2.844e-10      9.843e-12      2.614e-03      1.157e-06   
      73             99          2.749e-10      9.552e-12      2.609e-03      1.137e-06   
      74             100         2.656e-10      9.275e-12      2.603e-03      1.118e-06   
      75             101         2.567e-10      8.952e-12      2.596e-03      1.093e-06   
      76             102         2.480e-10      8.628e-12      2.588e-03      1.122e-06   
      77             103         2.395e-10      8.490e-12      2.582e-03      1.157e-06   
      78             104         2.310e-10      8.573e-12      2.576e-03      1.179e-06   
      79             105         2.224e-10      8.561e-12      2.567e-03      1.185e-06   
      80             106         2.141e-10      8.324e-12      2.552e-03      1.179e-06   
      81             107         2.060e-10      8.075e-12      2.532e-03      1.164e-06   
      82             108         1.982e-10      7.847e-12      2.505e-03      1.138e-06   
      83             109         1.906e-10      7.530e-12      2.472e-03      1.110e-06   
      84             110         1.835e-10      7.132e-12      2.437e-03      1.087e-06   
      85             111         1.768e-10      6.731e-12      2.400e-03      1.073e-06   
      86             112         1.704e-10      6.371e-12      2.364e-03      1.067e-06   
      87             113         1.644e-10      6.037e-12      2.328e-03      1.069e-06   
      88             114         1.587e-10      5.684e-12      2.294e-03      1.082e-06   
      89             115         1.534e-10      5.269e-12      2.265e-03      1.124e-06   
      90             116         1.486e-10      4.815e-12      2.241e-03      1.222e-06   
      91             117         1.441e-10      4.506e-12      2.221e-03      1.344e-06   
      92             118         1.394e-10      4.725e-12      2.199e-03      1.430e-06   
      93             119         1.344e-10      4.962e-12      2.175e-03      1.442e-06   
      94             120         1.293e-10      5.073e-12      2.145e-03      1.404e-06   
      95             121         1.242e-10      5.074e-12      2.109e-03      1.338e-06   
      96             122         1.192e-10      5.007e-12      2.065e-03      1.262e-06   
      97             123         1.144e-10      4.824e-12      2.014e-03      1.198e-06   
      98             124         1.099e-10      4.501e-12      1.958e-03      1.168e-06   
      99             125         1.058e-10      4.137e-12      1.903e-03      1.171e-06   
      100            126         1.019e-10      3.832e-12      1.855e-03      1.192e-06   
Warning: Maximum number of iterations has been exceeded.
         Current function value: 1.019e-10
         Total delta_x: 3.332e-01
         Iterations: 100
         Function evaluations: 126
         Jacobian evaluations: 101
Timer: Solution time = 13.4 min
Timer: Avg time per step = 8.00 sec
==============================================================================================================
                                                                 Start  -->   End
Total (sum of squares):                                      8.184e-02  -->   1.019e-10, 
Maximum absolute Force error:                                4.066e+04  -->   3.697e+00 (N)
Minimum absolute Force error:                                6.983e-13  -->   1.152e-05 (N)
Average absolute Force error:                                9.629e+03  -->   2.802e-01 (N)
Maximum absolute Force error:                                2.384e-02  -->   2.167e-06 (normalized)
Minimum absolute Force error:                                4.094e-19  -->   6.756e-12 (normalized)
Average absolute Force error:                                5.645e-03  -->   1.643e-07 (normalized)
R boundary error:                                            0.000e+00  -->   2.220e-16 (m)
Z boundary error:                                            0.000e+00  -->   2.220e-16 (m)
Fixed Psi error:                                             0.000e+00  -->   0.000e+00 (Wb)
Fixed pressure profile error:                                0.000e+00  -->   0.000e+00 (Pa)
Fixed current profile error:                                 0.000e+00  -->   0.000e+00 (A)
Fixed sheet current error:                                   0.000e+00  -->   0.000e+00 (~)
==============================================================================================================

Precomputing transforms
mem
mem
Boundary mode steps: range(3, 17, 2)
Precomputing transforms
Precomputing transforms
mem

====================================
Optimizing boundary modes M,N <= 3
====================================
Pre-optimization QS value:   57008.290016400155
Pre-optimization FBE value:  50.000000000004405
mem
Building objective: volume
Precomputing transforms
Timer: Precomputing transforms = 107 ms
Building objective: rotational transform
Precomputing transforms
Timer: Precomputing transforms = 40.2 ms
Building objective: rotational transform
Precomputing transforms
Timer: Precomputing transforms = 39.2 ms
Timer: Objective build = 271 ms
Building objective: force
Precomputing transforms
Timer: Precomputing transforms = 119 ms
Timer: Objective build = 149 ms
Timer: Objective build = 1.31 ms
Timer: Eq Update LinearConstraintProjection build = 2.84 sec
Timer: Proximal projection build = 10.7 min
Building objective: lcfs R
Building objective: lcfs Z
Building objective: fixed current
Building objective: fixed pressure
Timer: Objective build = 295 ms
Timer: LinearConstraintProjection build = 1.58 sec
Number of parameters: 49
Number of objectives: 2149
Timer: Initializing the optimization = 10.7 min

Starting optimization
Using method: proximal-lsq-auglag
Solver options:
------------------------------------------------------------
Maximum Function Evaluations       : 2501
Maximum Allowed Total Δx Norm      : inf
Scaled Termination                 : True
Trust Region Method                : qr
Initial Trust Radius               : 1.146e-01
Maximum Trust Radius               : inf
Minimum Trust Radius               : 2.220e-16
Trust Radius Increase Ratio        : 4.000e+00
Trust Radius Decrease Ratio        : 2.500e-01
Trust Radius Increase Threshold    : 7.500e-01
Trust Radius Decrease Threshold    : 5.000e-01
Alpha Omega                        : 1.000e+00
Beta Omega                         : 1.000e+00
Alpha Eta                          : 1.000e-01
Beta Eta                           : 9.000e-01
Omega                              : 1.000e-02
Eta                                : 0.000e+00
Tau                                : 9.000e-01
------------------------------------------------------------ 

   Iteration     Total nfev        Cost      Cost reduction    Step norm     Optimality    Constr viol.   Penalty param  max(|mltplr|) 
       0              1          5.710e+04                                    3.339e+02      0.000e+00      1.000e+01      0.000e+00   
       1              2          5.699e+04      1.100e+02      3.533e-04      3.334e+02      0.000e+00      1.000e+01      0.000e+00   
       2              3          5.657e+04      4.199e+02      1.413e-03      3.311e+02      0.000e+00      1.000e+01      0.000e+00   
       3              4          5.492e+04      1.651e+03      5.650e-03      3.224e+02      0.000e+00      1.000e+01      0.000e+00   
       4              5          4.873e+04      6.181e+03      2.256e-02      2.896e+02      0.000e+00      1.000e+01      0.000e+00   
       5              6          2.975e+04      1.898e+04      8.963e-02      1.866e+02      0.000e+00      1.000e+01      0.000e+00   
       6              7          3.760e+03      2.599e+04      3.304e-01      3.677e+01      0.000e+00      1.000e+01      0.000e+00   
       7             10          1.576e+03      2.184e+03      9.196e-02      1.879e+01      0.000e+00      1.000e+01      0.000e+00   
       8             13          1.506e+03      7.062e+01      2.433e-02      1.534e+01      0.000e+00      1.000e+01      0.000e+00   
       9             26          1.506e+03      1.031e-05      3.684e-10      1.534e+01      0.000e+00      1.000e+01      0.000e+00   
Optimization terminated successfully.
`ftol` condition satisfied. (ftol=1.00e-05)
`xtol` condition satisfied. (xtol=1.00e-06)
         Current function value: 1.506e+03
         Constraint violation: 0.000e+00
         Total delta_x: 5.273e-01
         Iterations: 9
         Function evaluations: 26
         Jacobian evaluations: 9
Timer: Solution time = 1.22 hrs
Timer: Avg time per step = 7.36 min
==============================================================================================================
                                                                 Start  -->   End
Total (sum of squares):                                      5.710e+04  -->   1.506e+03, 
Plasma volume:                                               5.116e+02  -->   5.916e+02 (m^3)
Plasma volume:                                               0.000e+00  -->   2.437e+00 (normalized error)
Maximum Rotational transform:                               -1.204e-01  -->  -8.556e-02 (dimensionless)
Minimum Rotational transform:                               -1.204e-01  -->  -8.556e-02 (dimensionless)
Average Rotational transform:                               -1.204e-01  -->  -8.556e-02 (dimensionless)
Maximum Rotational transform:                               -1.326e-01  -->  -8.988e-02 (dimensionless)
Minimum Rotational transform:                               -1.326e-01  -->  -8.988e-02 (dimensionless)
Average Rotational transform:                               -1.326e-01  -->  -8.988e-02 (dimensionless)
Maximum Quasi-symmetry (1,0) two-term error:                 1.136e-03  -->   2.399e-04 (T^3)
Minimum Quasi-symmetry (1,0) two-term error:                -8.504e-04  -->  -2.079e-04 (T^3)
Average Quasi-symmetry (1,0) two-term error:                 4.552e-05  -->   1.878e-05 (T^3)
Maximum Quasi-symmetry (1,0) two-term error:                 6.133e-01  -->   1.295e-01 (normalized)
Minimum Quasi-symmetry (1,0) two-term error:                -4.592e-01  -->  -1.122e-01 (normalized)
Average Quasi-symmetry (1,0) two-term error:                 2.458e-02  -->   1.014e-02 (normalized)
Maximum absolute QUADCOIL subproblem:                        1.000e+01  -->   2.915e+01 N/A
Minimum absolute QUADCOIL subproblem:                        1.000e+01  -->   2.915e+01 N/A
Average absolute QUADCOIL subproblem:                        1.000e+01  -->   2.915e+01 N/A
Maximum absolute Force error:                                3.697e+00  -->   2.202e-01 (N)
Minimum absolute Force error:                                1.152e-05  -->   4.551e-08 (N)
Average absolute Force error:                                2.802e-01  -->   1.487e-03 (N)
Maximum absolute Force error:                                2.167e-06  -->   1.291e-07 (normalized)
Minimum absolute Force error:                                6.756e-12  -->   2.668e-14 (normalized)
Average absolute Force error:                                1.643e-07  -->   8.718e-10 (normalized)
R boundary error:                                            0.000e+00  -->   0.000e+00 (m)
Z boundary error:                                            0.000e+00  -->   0.000e+00 (m)
Fixed current profile error:                                 0.000e+00  -->   0.000e+00 (A)
Fixed pressure profile error:                                0.000e+00  -->   0.000e+00 (Pa)
==============================================================================================================

mem
Post-optimization QS value:  1046.2025581786331
Post-optimization FBE value: 424.9789872617661
Precomputing transforms
Precomputing transforms
mem

====================================
Optimizing boundary modes M,N <= 5
====================================
Pre-optimization QS value:   3390.0050332650867
Pre-optimization FBE value:  424.9789872617661
mem
Building objective: volume
Precomputing transforms
Timer: Precomputing transforms = 111 ms
Building objective: rotational transform
Precomputing transforms
Timer: Precomputing transforms = 40.8 ms
Building objective: rotational transform
Precomputing transforms
Timer: Precomputing transforms = 39.4 ms
Timer: Objective build = 216 ms
Building objective: force
Precomputing transforms
Timer: Precomputing transforms = 121 ms
Timer: Objective build = 152 ms
Timer: Objective build = 1.28 ms
Timer: Eq Update LinearConstraintProjection build = 1.75 sec
Timer: Proximal projection build = 17.0 sec
Building objective: lcfs R
Building objective: lcfs Z
Building objective: fixed current
Building objective: fixed pressure
Timer: Objective build = 346 ms
Timer: LinearConstraintProjection build = 1.50 sec
Number of parameters: 121
Number of objectives: 2149
Timer: Initializing the optimization = 19.0 sec

Starting optimization
Using method: proximal-lsq-auglag
Solver options:
------------------------------------------------------------
Maximum Function Evaluations       : 2501
Maximum Allowed Total Δx Norm      : inf
Scaled Termination                 : True
Trust Region Method                : qr
Initial Trust Radius               : 1.664e-01
Maximum Trust Radius               : inf
Minimum Trust Radius               : 2.220e-16
Trust Radius Increase Ratio        : 4.000e+00
Trust Radius Decrease Ratio        : 2.500e-01
Trust Radius Increase Threshold    : 7.500e-01
Trust Radius Decrease Threshold    : 5.000e-01
Alpha Omega                        : 1.000e+00
Beta Omega                         : 1.000e+00
Alpha Eta                          : 1.000e-01
Beta Eta                           : 9.000e-01
Omega                              : 1.000e-02
Eta                                : 0.000e+00
Tau                                : 9.000e-01
------------------------------------------------------------ 

   Iteration     Total nfev        Cost      Cost reduction    Step norm     Optimality    Constr viol.   Penalty param  max(|mltplr|) 
       0              1          3.849e+03                                    7.864e+01      0.000e+00      1.000e+01      0.000e+00   
       1              2          3.824e+03      2.454e+01      5.666e-04      7.817e+01      0.000e+00      1.000e+01      0.000e+00   
       2              3          3.730e+03      9.483e+01      2.266e-03      7.634e+01      0.000e+00      1.000e+01      0.000e+00   
       3              4          3.642e+03      8.731e+01      2.267e-03      7.458e+01      0.000e+00      1.000e+01      0.000e+00   
       4              5          3.562e+03      8.014e+01      2.268e-03      7.288e+01      0.000e+00      1.000e+01      0.000e+00   
       5              6          3.490e+03      7.215e+01      2.269e-03      7.125e+01      0.000e+00      1.000e+01      0.000e+00   
       6              7          3.426e+03      6.419e+01      2.270e-03      6.969e+01      0.000e+00      1.000e+01      0.000e+00   
       7              8          3.369e+03      5.636e+01      2.272e-03      6.820e+01      0.000e+00      1.000e+01      0.000e+00   
       8              9          3.322e+03      4.703e+01      2.273e-03      6.678e+01      0.000e+00      1.000e+01      0.000e+00   
       9             10          3.312e+03      1.060e+01      5.687e-04      6.644e+01      0.000e+00      1.000e+01      0.000e+00   
      10             11          3.309e+03      2.505e+00      1.422e-04      6.635e+01      0.000e+00      1.000e+01      0.000e+00   
      11             12          3.309e+03      6.350e-01      3.556e-05      6.633e+01      0.000e+00      1.000e+01      0.000e+00   
      12             13          3.309e+03      1.458e-01      8.889e-06      6.633e+01      0.000e+00      1.000e+01      0.000e+00   
      13             14          3.309e+03      4.009e-02      2.222e-06      6.633e+01      0.000e+00      1.000e+01      0.000e+00   
Optimization terminated successfully.
`xtol` condition satisfied. (xtol=1.00e-06)
         Current function value: 3.309e+03
         Constraint violation: 0.000e+00
         Total delta_x: 1.721e-02
         Iterations: 13
         Function evaluations: 14
         Jacobian evaluations: 13
Timer: Solution time = 1.01 hrs
Timer: Avg time per step = 4.36 min
==============================================================================================================
                                                                 Start  -->   End
Total (sum of squares):                                      3.849e+03  -->   3.309e+03, 
Plasma volume:                                               5.916e+02  -->   5.965e+02 (m^3)
Plasma volume:                                               2.138e+00  -->   2.390e+00 (normalized error)
Maximum Rotational transform:                               -8.556e-02  -->  -8.474e-02 (dimensionless)
Minimum Rotational transform:                               -8.556e-02  -->  -8.474e-02 (dimensionless)
Average Rotational transform:                               -8.556e-02  -->  -8.474e-02 (dimensionless)
Maximum Rotational transform:                               -8.988e-02  -->  -8.901e-02 (dimensionless)
Minimum Rotational transform:                               -8.988e-02  -->  -8.901e-02 (dimensionless)
Average Rotational transform:                               -8.988e-02  -->  -8.901e-02 (dimensionless)
Maximum Quasi-symmetry (1,0) two-term error:                 2.399e-04  -->   2.204e-04 (T^3)
Minimum Quasi-symmetry (1,0) two-term error:                -2.079e-04  -->  -1.944e-04 (T^3)
Average Quasi-symmetry (1,0) two-term error:                 1.878e-05  -->   1.815e-05 (T^3)
Maximum Quasi-symmetry (1,0) two-term error:                 2.332e-01  -->   2.143e-01 (normalized)
Minimum Quasi-symmetry (1,0) two-term error:                -2.020e-01  -->  -1.889e-01 (normalized)
Average Quasi-symmetry (1,0) two-term error:                 1.825e-02  -->   1.764e-02 (normalized)
Maximum absolute QUADCOIL subproblem:                        2.915e+01  -->   3.866e+01 N/A
Minimum absolute QUADCOIL subproblem:                        2.915e+01  -->   3.866e+01 N/A
Average absolute QUADCOIL subproblem:                        2.915e+01  -->   3.866e+01 N/A
Maximum absolute Force error:                                2.202e-01  -->   2.989e-01 (N)
Minimum absolute Force error:                                4.551e-08  -->   3.138e-08 (N)
Average absolute Force error:                                1.487e-03  -->   1.885e-03 (N)
Maximum absolute Force error:                                1.790e-07  -->   2.429e-07 (normalized)
Minimum absolute Force error:                                3.699e-14  -->   2.550e-14 (normalized)
Average absolute Force error:                                1.208e-09  -->   1.532e-09 (normalized)
R boundary error:                                            0.000e+00  -->   0.000e+00 (m)
Z boundary error:                                            0.000e+00  -->   0.000e+00 (m)
Fixed current profile error:                                 0.000e+00  -->   0.000e+00 (A)
Fixed pressure profile error:                                0.000e+00  -->   0.000e+00 (Pa)
==============================================================================================================

mem
Post-optimization QS value:  2526.8485290064204
Post-optimization FBE value: 747.3758050356349
Precomputing transforms
Precomputing transforms
mem

====================================
Optimizing boundary modes M,N <= 7
====================================
Pre-optimization QS value:   2700.395898306668
Pre-optimization FBE value:  747.3758050356349
mem
Building objective: volume
Precomputing transforms
Timer: Precomputing transforms = 118 ms
Building objective: rotational transform
Precomputing transforms
Timer: Precomputing transforms = 41.6 ms
Building objective: rotational transform
Precomputing transforms
Timer: Precomputing transforms = 40.8 ms
Timer: Objective build = 230 ms
Building objective: force
Precomputing transforms
Timer: Precomputing transforms = 127 ms
Timer: Objective build = 160 ms
Timer: Objective build = 1.33 ms
Timer: Eq Update LinearConstraintProjection build = 3.95 sec
Timer: Proximal projection build = 20.8 sec
Building objective: lcfs R
Building objective: lcfs Z
Building objective: fixed current
Building objective: fixed pressure
Timer: Objective build = 397 ms
Timer: LinearConstraintProjection build = 1.81 sec
Number of parameters: 225
Number of objectives: 2149
Timer: Initializing the optimization = 23.2 sec

Starting optimization
Using method: proximal-lsq-auglag
Solver options:
------------------------------------------------------------
Maximum Function Evaluations       : 2501
Maximum Allowed Total Δx Norm      : inf
Scaled Termination                 : True
Trust Region Method                : qr
Initial Trust Radius               : 1.599e-01
Maximum Trust Radius               : inf
Minimum Trust Radius               : 2.220e-16
Trust Radius Increase Ratio        : 4.000e+00
Trust Radius Decrease Ratio        : 2.500e-01
Trust Radius Increase Threshold    : 7.500e-01
Trust Radius Decrease Threshold    : 5.000e-01
Alpha Omega                        : 1.000e+00
Beta Omega                         : 1.000e+00
Alpha Eta                          : 1.000e-01
Beta Eta                           : 9.000e-01
Omega                              : 1.000e-02
Eta                                : 0.000e+00
Tau                                : 9.000e-01
------------------------------------------------------------ 

   Iteration     Total nfev        Cost      Cost reduction    Step norm     Optimality    Constr viol.   Penalty param  max(|mltplr|) 
       0              1          3.482e+03                                    7.223e+01      0.000e+00      1.000e+01      0.000e+00   
       1             18          3.482e+03      1.959e-09      1.277e-13      7.223e+01      0.000e+00      1.000e+01      0.000e+00   
Optimization terminated successfully.
`ftol` condition satisfied. (ftol=1.00e-05)
`xtol` condition satisfied. (xtol=1.00e-06)
         Current function value: 3.482e+03
         Constraint violation: 0.000e+00
         Total delta_x: 1.277e-13
         Iterations: 1
         Function evaluations: 18
         Jacobian evaluations: 1
Timer: Solution time = 31.3 min
Timer: Avg time per step = 15.6 min
==============================================================================================================
                                                                 Start  -->   End
Total (sum of squares):                                      3.482e+03  -->   3.482e+03, 
Plasma volume:                                               5.965e+02  -->   5.965e+02 (m^3)
Plasma volume:                                               2.372e+00  -->   2.372e+00 (normalized error)
Maximum Rotational transform:                               -8.474e-02  -->  -8.474e-02 (dimensionless)
Minimum Rotational transform:                               -8.474e-02  -->  -8.474e-02 (dimensionless)
Average Rotational transform:                               -8.474e-02  -->  -8.474e-02 (dimensionless)
Maximum Rotational transform:                               -8.901e-02  -->  -8.901e-02 (dimensionless)
Minimum Rotational transform:                               -8.901e-02  -->  -8.901e-02 (dimensionless)
Average Rotational transform:                               -8.901e-02  -->  -8.901e-02 (dimensionless)
Maximum Quasi-symmetry (1,0) two-term error:                 2.204e-04  -->   2.204e-04 (T^3)
Minimum Quasi-symmetry (1,0) two-term error:                -1.944e-04  -->  -1.944e-04 (T^3)
Average Quasi-symmetry (1,0) two-term error:                 1.815e-05  -->   1.815e-05 (T^3)
Maximum Quasi-symmetry (1,0) two-term error:                 2.215e-01  -->   2.215e-01 (normalized)
Minimum Quasi-symmetry (1,0) two-term error:                -1.953e-01  -->  -1.953e-01 (normalized)
Average Quasi-symmetry (1,0) two-term error:                 1.823e-02  -->   1.823e-02 (normalized)
Maximum absolute QUADCOIL subproblem:                        3.866e+01  -->   3.866e+01 N/A
Minimum absolute QUADCOIL subproblem:                        3.866e+01  -->   3.866e+01 N/A
Average absolute QUADCOIL subproblem:                        3.866e+01  -->   3.866e+01 N/A
Maximum absolute Force error:                                2.989e-01  -->   2.989e-01 (N)
Minimum absolute Force error:                                3.138e-08  -->   3.211e-08 (N)
Average absolute Force error:                                1.885e-03  -->   1.885e-03 (N)
Maximum absolute Force error:                                2.474e-07  -->   2.474e-07 (normalized)
Minimum absolute Force error:                                2.597e-14  -->   2.658e-14 (normalized)
Average absolute Force error:                                1.560e-09  -->   1.560e-09 (normalized)
R boundary error:                                            0.000e+00  -->   0.000e+00 (m)
Z boundary error:                                            0.000e+00  -->   0.000e+00 (m)
Fixed current profile error:                                 0.000e+00  -->   0.000e+00 (A)
Fixed pressure profile error:                                0.000e+00  -->   0.000e+00 (Pa)
==============================================================================================================

mem
Post-optimization QS value:  2700.3958982933054
Post-optimization FBE value: 747.375805045083
Precomputing transforms
Precomputing transforms
mem

====================================
Optimizing boundary modes M,N <= 9
====================================
Pre-optimization QS value:   2700.395898294669
Pre-optimization FBE value:  747.375805045083
mem
Building objective: volume
Precomputing transforms
Timer: Precomputing transforms = 117 ms
Building objective: rotational transform
Precomputing transforms
Timer: Precomputing transforms = 42.3 ms
Building objective: rotational transform
Precomputing transforms
Timer: Precomputing transforms = 41.7 ms
Timer: Objective build = 230 ms
Building objective: force
Precomputing transforms
Timer: Precomputing transforms = 129 ms
Timer: Objective build = 163 ms
Timer: Objective build = 1.37 ms
Timer: Eq Update LinearConstraintProjection build = 46.5 sec
Timer: Proximal projection build = 1.26 min
Building objective: lcfs R
Building objective: lcfs Z
Building objective: fixed current
Building objective: fixed pressure
Timer: Objective build = 443 ms
Timer: LinearConstraintProjection build = 1.85 sec
Number of parameters: 361
Number of objectives: 2149
Timer: Initializing the optimization = 1.30 min

Starting optimization
Using method: proximal-lsq-auglag
Solver options:
------------------------------------------------------------
Maximum Function Evaluations       : 2501
Maximum Allowed Total Δx Norm      : inf
Scaled Termination                 : True
Trust Region Method                : qr
Initial Trust Radius               : 1.466e-01
Maximum Trust Radius               : inf
Minimum Trust Radius               : 2.220e-16
Trust Radius Increase Ratio        : 4.000e+00
Trust Radius Decrease Ratio        : 2.500e-01
Trust Radius Increase Threshold    : 7.500e-01
Trust Radius Decrease Threshold    : 5.000e-01
Alpha Omega                        : 1.000e+00
Beta Omega                         : 1.000e+00
Alpha Eta                          : 1.000e-01
Beta Eta                           : 9.000e-01
Omega                              : 1.000e-02
Eta                                : 0.000e+00
Tau                                : 9.000e-01
------------------------------------------------------------ 

   Iteration     Total nfev        Cost      Cost reduction    Step norm     Optimality    Constr viol.   Penalty param  max(|mltplr|) 
       0              1          3.482e+03                                    7.223e+01      0.000e+00      1.000e+01      0.000e+00   
       1             19          3.482e+03      3.836e-09      2.909e-14      7.223e+01      0.000e+00      1.000e+01      0.000e+00   
Optimization terminated successfully.
`ftol` condition satisfied. (ftol=1.00e-05)
`xtol` condition satisfied. (xtol=1.00e-06)
         Current function value: 3.482e+03
         Constraint violation: 0.000e+00
         Total delta_x: 2.907e-14
         Iterations: 1
         Function evaluations: 19
         Jacobian evaluations: 1
Timer: Solution time = 34.7 min
Timer: Avg time per step = 17.3 min
==============================================================================================================
                                                                 Start  -->   End
Total (sum of squares):                                      3.482e+03  -->   3.482e+03, 
Plasma volume:                                               5.965e+02  -->   5.965e+02 (m^3)
Plasma volume:                                               2.372e+00  -->   2.372e+00 (normalized error)
Maximum Rotational transform:                               -8.474e-02  -->  -8.474e-02 (dimensionless)
Minimum Rotational transform:                               -8.474e-02  -->  -8.474e-02 (dimensionless)
Average Rotational transform:                               -8.474e-02  -->  -8.474e-02 (dimensionless)
Maximum Rotational transform:                               -8.901e-02  -->  -8.901e-02 (dimensionless)
Minimum Rotational transform:                               -8.901e-02  -->  -8.901e-02 (dimensionless)
Average Rotational transform:                               -8.901e-02  -->  -8.901e-02 (dimensionless)
Maximum Quasi-symmetry (1,0) two-term error:                 2.204e-04  -->   2.204e-04 (T^3)
Minimum Quasi-symmetry (1,0) two-term error:                -1.944e-04  -->  -1.944e-04 (T^3)
Average Quasi-symmetry (1,0) two-term error:                 1.815e-05  -->   1.815e-05 (T^3)
Maximum Quasi-symmetry (1,0) two-term error:                 2.215e-01  -->   2.215e-01 (normalized)
Minimum Quasi-symmetry (1,0) two-term error:                -1.953e-01  -->  -1.953e-01 (normalized)
Average Quasi-symmetry (1,0) two-term error:                 1.823e-02  -->   1.823e-02 (normalized)
Maximum absolute QUADCOIL subproblem:                        3.866e+01  -->   3.866e+01 N/A
Minimum absolute QUADCOIL subproblem:                        3.866e+01  -->   3.866e+01 N/A
Average absolute QUADCOIL subproblem:                        3.866e+01  -->   3.866e+01 N/A
Maximum absolute Force error:                                2.989e-01  -->   2.989e-01 (N)
Minimum absolute Force error:                                3.211e-08  -->   3.262e-08 (N)
Average absolute Force error:                                1.885e-03  -->   1.885e-03 (N)
Maximum absolute Force error:                                2.474e-07  -->   2.474e-07 (normalized)
Minimum absolute Force error:                                2.658e-14  -->   2.699e-14 (normalized)
Average absolute Force error:                                1.560e-09  -->   1.560e-09 (normalized)
R boundary error:                                            0.000e+00  -->   0.000e+00 (m)
Z boundary error:                                            0.000e+00  -->   0.000e+00 (m)
Fixed current profile error:                                 0.000e+00  -->   0.000e+00 (A)
Fixed pressure profile error:                                0.000e+00  -->   0.000e+00 (Pa)
==============================================================================================================

mem
Post-optimization QS value:  2700.395898289432
Post-optimization FBE value: 747.3758050500352
Precomputing transforms
Precomputing transforms
mem

====================================
Optimizing boundary modes M,N <= 11
====================================
Pre-optimization QS value:   2700.3958982897416
Pre-optimization FBE value:  747.3758050500352
mem
Building objective: volume
Precomputing transforms
Timer: Precomputing transforms = 121 ms
Building objective: rotational transform
Precomputing transforms
Timer: Precomputing transforms = 43.1 ms
Building objective: rotational transform
Precomputing transforms
Timer: Precomputing transforms = 41.1 ms
Timer: Objective build = 233 ms
Building objective: force
Precomputing transforms
Timer: Precomputing transforms = 125 ms
Timer: Objective build = 157 ms
Timer: Objective build = 1.34 ms
Timer: Eq Update LinearConstraintProjection build = 1.97 sec
Timer: Proximal projection build = 18.6 sec
Building objective: lcfs R
Building objective: lcfs Z
Building objective: fixed current
Building objective: fixed pressure
Timer: Objective build = 424 ms
Timer: LinearConstraintProjection build = 1.72 sec
Number of parameters: 529
Number of objectives: 2149
Timer: Initializing the optimization = 20.9 sec

Starting optimization
Using method: proximal-lsq-auglag
