Job ID:         16058721
Nodes:          1
CPUs per task:  4
Start time:     Wed Aug 19 21:08:53 EDT 2026
Building objective: force
Precomputing transforms
Timer: Precomputing transforms = 989 ms
Timer: Objective build = 1.78 sec
Building objective: lcfs R
Building objective: lcfs Z
Building objective: fixed Psi
Building objective: fixed current
Building objective: fixed electron density
Building objective: fixed electron temperature
Building objective: fixed ion temperature
Building objective: fixed atomic number
Building objective: fixed sheet current
Building objective: self_consistency R
Building objective: self_consistency Z
Building objective: lambda gauge
Building objective: axis R self consistency
Building objective: axis Z self consistency
Timer: Objective build = 847 ms
Timer: LinearConstraintProjection build = 4.82 sec
Number of parameters: 856
Number of objectives: 5346
Timer: Initializing the optimization = 7.54 sec

Starting optimization
Using method: lsq-exact
Solver options:
------------------------------------------------------------
Maximum Function Evaluations       : 501
Maximum Allowed Total Δx Norm      : inf
Scaled Termination                 : True
Trust Region Method                : qr
Initial Trust Radius               : 1.478e+02
Maximum Trust Radius               : inf
Minimum Trust Radius               : 2.220e-16
Trust Radius Increase Ratio        : 2.000e+00
Trust Radius Decrease Ratio        : 2.500e-01
Trust Radius Increase Threshold    : 7.500e-01
Trust Radius Decrease Threshold    : 2.500e-01
------------------------------------------------------------ 

   Iteration     Total nfev        Cost      Cost reduction    Step norm     Optimality   
       0              1          3.411e-03                                    6.362e-02   
       1              2          1.037e-03      2.374e-03      2.369e-01      1.642e-02   
       2              3          2.607e-05      1.011e-03      4.767e-02      2.900e-03   
       3              5          1.798e-06      2.427e-05      2.870e-02      6.323e-04   
       4              7          2.963e-07      1.502e-06      1.450e-02      1.555e-04   
       5              9          1.787e-07      1.176e-07      6.386e-03      2.384e-05   
       6             11          1.709e-07      7.775e-09      3.216e-03      6.868e-06   
       7             13          1.693e-07      1.691e-09      1.568e-03      1.588e-06   
Optimization terminated successfully.
`ftol` condition satisfied. (ftol=1.00e-02)
         Current function value: 1.693e-07
         Total delta_x: 2.422e-01
         Iterations: 7
         Function evaluations: 13
         Jacobian evaluations: 8
Timer: Solution time = 15.8 sec
Timer: Avg time per step = 1.97 sec
==============================================================================================================
                                                                 Start  -->   End
Total (sum of squares):                                      3.411e-03  -->   1.693e-07, 
Maximum absolute Force error:                                3.361e+07  -->   6.518e+05 (N)
Minimum absolute Force error:                                6.923e+02  -->   4.988e+00 (N)
Average absolute Force error:                                3.352e+06  -->   2.991e+04 (N)
Maximum absolute Force error:                                9.065e-03  -->   1.758e-04 (normalized)
Minimum absolute Force error:                                1.867e-07  -->   1.345e-09 (normalized)
Average absolute Force error:                                9.041e-04  -->   8.066e-06 (normalized)
R boundary error:                                            0.000e+00  -->   1.119e-16 (m)
Z boundary error:                                            0.000e+00  -->   2.861e-17 (m)
Fixed Psi error:                                             0.000e+00  -->   0.000e+00 (Wb)
Fixed current profile error:                                 0.000e+00  -->   0.000e+00 (A)
Fixed electron density profile error:                        0.000e+00  -->   0.000e+00 (m^-3)
Fixed electron temperature profile error:                    0.000e+00  -->   0.000e+00 (eV)
Fixed ion temperature profile error:                         0.000e+00  -->   0.000e+00 (eV)
Fixed atomic number profile error:                           0.000e+00  -->   0.000e+00 (dimensionless)
Fixed sheet current error:                                   0.000e+00  -->   0.000e+00 (~)
==============================================================================================================

Precomputing transforms
Precomputing transforms
Boundary mode steps: range(3, 9)
Precomputing transforms
Precomputing transforms

====================================
Optimizing boundary modes M,N <= 3
====================================
Building objective: volume
Precomputing transforms
Timer: Precomputing transforms = 29.4 ms
Building objective: rotational transform
Precomputing transforms
Timer: Precomputing transforms = 28.2 ms
Building objective: rotational transform
Precomputing transforms
Timer: Precomputing transforms = 27.1 ms
Timer: Objective build = 241 ms
Building objective: force
Precomputing transforms
Timer: Precomputing transforms = 67.7 ms
Timer: Objective build = 89.6 ms
Timer: Objective build = 1.12 ms
Timer: Eq Update LinearConstraintProjection build = 366 ms
Timer: Proximal projection build = 4.89 sec
Building objective: lcfs R
Building objective: lcfs Z
Building objective: fixed Psi
Building objective: fixed current
Timer: Objective build = 381 ms
Timer: LinearConstraintProjection build = 1.72 sec
Number of parameters: 69
Number of objectives: 2742
Timer: Initializing the optimization = 7.14 sec

Starting optimization
Using method: proximal-lsq-auglag
Solver options:
------------------------------------------------------------
Maximum Function Evaluations       : 2501
Maximum Allowed Total Δx Norm      : inf
Scaled Termination                 : True
Trust Region Method                : qr
Initial Trust Radius               : 7.872e-02
Maximum Trust Radius               : inf
Minimum Trust Radius               : 2.220e-16
Trust Radius Increase Ratio        : 4.000e+00
Trust Radius Decrease Ratio        : 2.500e-01
Trust Radius Increase Threshold    : 7.500e-01
Trust Radius Decrease Threshold    : 5.000e-01
Alpha Omega                        : 1.000e+00
Beta Omega                         : 1.000e+00
Alpha Eta                          : 1.000e-01
Beta Eta                           : 9.000e-01
Omega                              : 1.000e-02
Eta                                : 0.000e+00
Tau                                : 9.000e-01
------------------------------------------------------------ 

   Iteration     Total nfev        Cost      Cost reduction    Step norm     Optimality    Constr viol.   Penalty param  max(|mltplr|) 
       0              1          3.341e+04                                    2.453e+02      0.000e+00      1.000e+01      0.000e+00   
       1              2          3.328e+04      1.295e+02      7.068e+00      2.443e+02      0.000e+00      1.000e+01      0.000e+00   
Optimization terminated successfully.
`xtol` condition satisfied. (xtol=1.00e-06)
         Current function value: 3.328e+04
         Constraint violation: 0.000e+00
         Total delta_x: 7.068e+00
         Iterations: 1
         Function evaluations: 2
         Jacobian evaluations: 1
Timer: Solution time = 3.47 min
Timer: Avg time per step = 1.73 min
==============================================================================================================
                                                                 Start  -->   End
Total (sum of squares):                                      3.341e+04  -->   3.328e+04, 
Plasma volume:                                               5.819e+02  -->   5.819e+02 (m^3)
Plasma volume:                                               0.000e+00  -->   1.229e-06 (normalized error)
Maximum Rotational transform:                                3.755e-01  -->   3.771e-01 (dimensionless)
Minimum Rotational transform:                                3.755e-01  -->   3.771e-01 (dimensionless)
Average Rotational transform:                                3.755e-01  -->   3.771e-01 (dimensionless)
Maximum Rotational transform:                                4.297e-01  -->   4.291e-01 (dimensionless)
Minimum Rotational transform:                                4.297e-01  -->   4.291e-01 (dimensionless)
Average Rotational transform:                                4.297e-01  -->   4.291e-01 (dimensionless)
Maximum Quasi-symmetry error:                                6.181e-02  -->   6.243e-02 (T^4/m^2)
Minimum Quasi-symmetry error:                               -2.685e-02  -->  -2.614e-02 (T^4/m^2)
Average Quasi-symmetry error:                                5.791e-04  -->   5.927e-04 (T^4/m^2)
Maximum Quasi-symmetry error:                                4.612e-04  -->   4.658e-04 (normalized)
Minimum Quasi-symmetry error:                               -2.003e-04  -->  -1.950e-04 (normalized)
Average Quasi-symmetry error:                                4.322e-06  -->   4.423e-06 (normalized)
Maximum absolute Quadcoil boundary error:                    1.112e+01  -->   1.112e+01 (T*m^2, T^2*m^2, T*m^2)
Minimum absolute Quadcoil boundary error:                    1.642e-14  -->   3.104e-14 (T*m^2, T^2*m^2, T*m^2)
Average absolute Quadcoil boundary error:                    1.535e+00  -->   1.532e+00 (T*m^2, T^2*m^2, T*m^2)
Maximum absolute Quadcoil boundary error:                    3.907e-02  -->   3.906e-02 (normalized)
Minimum absolute Quadcoil boundary error:                    5.768e-17  -->   1.090e-16 (normalized)
Average absolute Quadcoil boundary error:                    5.390e-03  -->   5.379e-03 (normalized)
Maximum absolute Force error:                                6.518e+05  -->   6.429e+05 (N)
Minimum absolute Force error:                                4.988e+00  -->   2.081e+00 (N)
Average absolute Force error:                                2.991e+04  -->   2.855e+04 (N)
Maximum absolute Force error:                                1.758e-04  -->   1.734e-04 (normalized)
Minimum absolute Force error:                                1.345e-09  -->   5.614e-10 (normalized)
Average absolute Force error:                                8.066e-06  -->   7.699e-06 (normalized)
R boundary error:                                            6.506e-19  -->   6.415e-19 (m)
Z boundary error:                                            3.353e-19  -->   3.342e-19 (m)
Fixed Psi error:                                             0.000e+00  -->   0.000e+00 (Wb)
Fixed current profile error:                                 0.000e+00  -->   0.000e+00 (A)
==============================================================================================================

Pre-optimization QS value:   0.0
Pre-optimization FBE value:  33403.24705148653
Post-optimization QS value:  0.00023294377862881197
Post-optimization FBE value: 33275.782764948686
Precomputing transforms
Precomputing transforms

====================================
Optimizing boundary modes M,N <= 4
====================================
Building objective: volume
Precomputing transforms
Timer: Precomputing transforms = 31.5 ms
Building objective: rotational transform
Precomputing transforms
Timer: Precomputing transforms = 28.2 ms
Building objective: rotational transform
Precomputing transforms
Timer: Precomputing transforms = 28.2 ms
Timer: Objective build = 113 ms
Building objective: force
Precomputing transforms
Timer: Precomputing transforms = 71.6 ms
Timer: Objective build = 94.5 ms
Timer: Objective build = 1.13 ms
Timer: Eq Update LinearConstraintProjection build = 140 ms
Timer: Proximal projection build = 2.17 sec
Building objective: lcfs R
Building objective: lcfs Z
Building objective: fixed Psi
Building objective: fixed current
Timer: Objective build = 445 ms
Timer: LinearConstraintProjection build = 1.77 sec
Number of parameters: 101
Number of objectives: 2742
Timer: Initializing the optimization = 4.53 sec

Starting optimization
Using method: proximal-lsq-auglag
Solver options:
------------------------------------------------------------
Maximum Function Evaluations       : 2501
Maximum Allowed Total Δx Norm      : inf
Scaled Termination                 : True
Trust Region Method                : qr
Initial Trust Radius               : 7.990e-02
Maximum Trust Radius               : inf
Minimum Trust Radius               : 2.220e-16
Trust Radius Increase Ratio        : 4.000e+00
Trust Radius Decrease Ratio        : 2.500e-01
Trust Radius Increase Threshold    : 7.500e-01
Trust Radius Decrease Threshold    : 5.000e-01
Alpha Omega                        : 1.000e+00
Beta Omega                         : 1.000e+00
Alpha Eta                          : 1.000e-01
Beta Eta                           : 9.000e-01
Omega                              : 1.000e-02
Eta                                : 0.000e+00
Tau                                : 9.000e-01
------------------------------------------------------------ 

   Iteration     Total nfev        Cost      Cost reduction    Step norm     Optimality    Constr viol.   Penalty param  max(|mltplr|) 
       0              1          3.328e+04                                    2.450e+02      0.000e+00      1.000e+01      0.000e+00   
       1              2          3.321e+04      6.518e+01      6.759e+00      2.443e+02      0.000e+00      1.000e+01      0.000e+00   
Optimization terminated successfully.
`xtol` condition satisfied. (xtol=1.00e-06)
         Current function value: 3.321e+04
         Constraint violation: 0.000e+00
         Total delta_x: 6.759e+00
         Iterations: 1
         Function evaluations: 2
         Jacobian evaluations: 1
Timer: Solution time = 2.84 min
Timer: Avg time per step = 1.42 min
==============================================================================================================
                                                                 Start  -->   End
Total (sum of squares):                                      3.328e+04  -->   3.321e+04, 
Plasma volume:                                               5.819e+02  -->   5.819e+02 (m^3)
Plasma volume:                                               1.229e-06  -->   2.412e-06 (normalized error)
Maximum Rotational transform:                                3.771e-01  -->   3.771e-01 (dimensionless)
Minimum Rotational transform:                                3.771e-01  -->   3.771e-01 (dimensionless)
Average Rotational transform:                                3.771e-01  -->   3.771e-01 (dimensionless)
Maximum Rotational transform:                                4.291e-01  -->   4.291e-01 (dimensionless)
Minimum Rotational transform:                                4.291e-01  -->   4.291e-01 (dimensionless)
Average Rotational transform:                                4.291e-01  -->   4.291e-01 (dimensionless)
Maximum Quasi-symmetry error:                                6.243e-02  -->   6.242e-02 (T^4/m^2)
Minimum Quasi-symmetry error:                               -2.614e-02  -->  -2.607e-02 (T^4/m^2)
Average Quasi-symmetry error:                                5.927e-04  -->   5.909e-04 (T^4/m^2)
Maximum Quasi-symmetry error:                                4.658e-04  -->   4.658e-04 (normalized)
Minimum Quasi-symmetry error:                               -1.950e-04  -->  -1.945e-04 (normalized)
Average Quasi-symmetry error:                                4.423e-06  -->   4.409e-06 (normalized)
Maximum absolute Quadcoil boundary error:                    1.112e+01  -->   1.112e+01 (T*m^2, T^2*m^2, T*m^2)
Minimum absolute Quadcoil boundary error:                    2.130e-14  -->   1.642e-14 (T*m^2, T^2*m^2, T*m^2)
Average absolute Quadcoil boundary error:                    1.532e+00  -->   1.530e+00 (T*m^2, T^2*m^2, T*m^2)
Maximum absolute Quadcoil boundary error:                    3.906e-02  -->   3.905e-02 (normalized)
Minimum absolute Quadcoil boundary error:                    7.479e-17  -->   5.768e-17 (normalized)
Average absolute Quadcoil boundary error:                    5.379e-03  -->   5.373e-03 (normalized)
Maximum absolute Force error:                                6.429e+05  -->   6.391e+05 (N)
Minimum absolute Force error:                                2.081e+00  -->   3.009e+00 (N)
Average absolute Force error:                                2.855e+04  -->   2.851e+04 (N)
Maximum absolute Force error:                                1.734e-04  -->   1.724e-04 (normalized)
Minimum absolute Force error:                                5.614e-10  -->   8.116e-10 (normalized)
Average absolute Force error:                                7.699e-06  -->   7.690e-06 (normalized)
R boundary error:                                            2.168e-19  -->   4.268e-22 (m)
Z boundary error:                                            2.424e-19  -->   2.168e-19 (m)
Fixed Psi error:                                             0.000e+00  -->   0.000e+00 (Wb)
Fixed current profile error:                                 0.000e+00  -->   0.000e+00 (A)
==============================================================================================================

Pre-optimization QS value:   0.00023294521777161145
Pre-optimization FBE value:  33276.11336765707
Post-optimization QS value:  0.00015154933420656057
Post-optimization FBE value: 33210.2318368423
Precomputing transforms
Precomputing transforms

====================================
Optimizing boundary modes M,N <= 5
====================================
Building objective: volume
Precomputing transforms
Timer: Precomputing transforms = 31.7 ms
Building objective: rotational transform
Precomputing transforms
Timer: Precomputing transforms = 29.3 ms
Building objective: rotational transform
Precomputing transforms
Timer: Precomputing transforms = 28.8 ms
Timer: Objective build = 116 ms
Building objective: force
Precomputing transforms
Timer: Precomputing transforms = 73.2 ms
Timer: Objective build = 97.6 ms
Timer: Objective build = 1.15 ms
Timer: Eq Update LinearConstraintProjection build = 144 ms
Timer: Proximal projection build = 2.22 sec
Building objective: lcfs R
Building objective: lcfs Z
Building objective: fixed Psi
Building objective: fixed current
Timer: Objective build = 462 ms
Timer: LinearConstraintProjection build = 1.84 sec
Number of parameters: 141
Number of objectives: 2742
Timer: Initializing the optimization = 4.69 sec

Starting optimization
Using method: proximal-lsq-auglag
Solver options:
------------------------------------------------------------
Maximum Function Evaluations       : 2501
Maximum Allowed Total Δx Norm      : inf
Scaled Termination                 : True
Trust Region Method                : qr
Initial Trust Radius               : 8.092e-02
Maximum Trust Radius               : inf
Minimum Trust Radius               : 2.220e-16
Trust Radius Increase Ratio        : 4.000e+00
Trust Radius Decrease Ratio        : 2.500e-01
Trust Radius Increase Threshold    : 7.500e-01
Trust Radius Decrease Threshold    : 5.000e-01
Alpha Omega                        : 1.000e+00
Beta Omega                         : 1.000e+00
Alpha Eta                          : 1.000e-01
Beta Eta                           : 9.000e-01
Omega                              : 1.000e-02
Eta                                : 0.000e+00
Tau                                : 9.000e-01
------------------------------------------------------------ 

   Iteration     Total nfev        Cost      Cost reduction    Step norm     Optimality    Constr viol.   Penalty param  max(|mltplr|) 
       0              1          3.321e+04                                    2.452e+02      0.000e+00      1.000e+01      0.000e+00   
       1              2          3.315e+04      6.227e+01      6.696e+00      2.446e+02      0.000e+00      1.000e+01      0.000e+00   
Optimization terminated successfully.
`xtol` condition satisfied. (xtol=1.00e-06)
         Current function value: 3.315e+04
         Constraint violation: 0.000e+00
         Total delta_x: 6.696e+00
         Iterations: 1
         Function evaluations: 2
         Jacobian evaluations: 1
Timer: Solution time = 2.81 min
Timer: Avg time per step = 1.40 min
==============================================================================================================
                                                                 Start  -->   End
Total (sum of squares):                                      3.321e+04  -->   3.315e+04, 
Plasma volume:                                               5.819e+02  -->   5.819e+02 (m^3)
Plasma volume:                                               2.412e-06  -->   3.615e-06 (normalized error)
Maximum Rotational transform:                                3.770e-01  -->   3.769e-01 (dimensionless)
Minimum Rotational transform:                                3.770e-01  -->   3.769e-01 (dimensionless)
Average Rotational transform:                                3.770e-01  -->   3.769e-01 (dimensionless)
Maximum Rotational transform:                                4.291e-01  -->   4.290e-01 (dimensionless)
Minimum Rotational transform:                                4.291e-01  -->   4.290e-01 (dimensionless)
Average Rotational transform:                                4.291e-01  -->   4.290e-01 (dimensionless)
Maximum Quasi-symmetry error:                                6.242e-02  -->   6.248e-02 (T^4/m^2)
Minimum Quasi-symmetry error:                               -2.607e-02  -->  -2.602e-02 (T^4/m^2)
Average Quasi-symmetry error:                                5.909e-04  -->   5.892e-04 (T^4/m^2)
Maximum Quasi-symmetry error:                                4.658e-04  -->   4.662e-04 (normalized)
Minimum Quasi-symmetry error:                               -1.945e-04  -->  -1.942e-04 (normalized)
Average Quasi-symmetry error:                                4.409e-06  -->   4.397e-06 (normalized)
Maximum absolute Quadcoil boundary error:                    1.112e+01  -->   1.111e+01 (T*m^2, T^2*m^2, T*m^2)
Minimum absolute Quadcoil boundary error:                    3.591e-14  -->   3.591e-14 (T*m^2, T^2*m^2, T*m^2)
Average absolute Quadcoil boundary error:                    1.530e+00  -->   1.529e+00 (T*m^2, T^2*m^2, T*m^2)
Maximum absolute Quadcoil boundary error:                    3.905e-02  -->   3.903e-02 (normalized)
Minimum absolute Quadcoil boundary error:                    1.261e-16  -->   1.261e-16 (normalized)
Average absolute Quadcoil boundary error:                    5.374e-03  -->   5.368e-03 (normalized)
Maximum absolute Force error:                                6.391e+05  -->   6.405e+05 (N)
Minimum absolute Force error:                                3.009e+00  -->   3.600e+00 (N)
Average absolute Force error:                                2.851e+04  -->   2.850e+04 (N)
Maximum absolute Force error:                                1.724e-04  -->   1.727e-04 (normalized)
Minimum absolute Force error:                                8.116e-10  -->   9.710e-10 (normalized)
Average absolute Force error:                                7.690e-06  -->   7.686e-06 (normalized)
R boundary error:                                            2.717e-20  -->   1.915e-21 (m)
Z boundary error:                                            1.925e-20  -->   1.925e-20 (m)
Fixed Psi error:                                             0.000e+00  -->   0.000e+00 (Wb)
Fixed current profile error:                                 0.000e+00  -->   0.000e+00 (A)
==============================================================================================================

Pre-optimization QS value:   0.0001515503937263289
Pre-optimization FBE value:  33210.424765168726
Post-optimization QS value:  0.0001352820827487909
Post-optimization FBE value: 33149.34494671359
Precomputing transforms
Precomputing transforms

====================================
Optimizing boundary modes M,N <= 6
====================================
Building objective: volume
Precomputing transforms
Timer: Precomputing transforms = 29.8 ms
Building objective: rotational transform
Precomputing transforms
Timer: Precomputing transforms = 27.2 ms
Building objective: rotational transform
Precomputing transforms
Timer: Precomputing transforms = 27.1 ms
Timer: Objective build = 108 ms
Building objective: force
Precomputing transforms
Timer: Precomputing transforms = 69.6 ms
Timer: Objective build = 90.5 ms
Timer: Objective build = 1.11 ms
Timer: Eq Update LinearConstraintProjection build = 120 ms
Timer: Proximal projection build = 2.01 sec
Building objective: lcfs R
Building objective: lcfs Z
Building objective: fixed Psi
Building objective: fixed current
Timer: Objective build = 383 ms
Timer: LinearConstraintProjection build = 1.47 sec
Number of parameters: 189
Number of objectives: 2742
Timer: Initializing the optimization = 4.01 sec

Starting optimization
Using method: proximal-lsq-auglag
Solver options:
------------------------------------------------------------
Maximum Function Evaluations       : 2501
Maximum Allowed Total Δx Norm      : inf
Scaled Termination                 : True
Trust Region Method                : qr
Initial Trust Radius               : 8.178e-02
Maximum Trust Radius               : inf
Minimum Trust Radius               : 2.220e-16
Trust Radius Increase Ratio        : 4.000e+00
Trust Radius Decrease Ratio        : 2.500e-01
Trust Radius Increase Threshold    : 7.500e-01
Trust Radius Decrease Threshold    : 5.000e-01
Alpha Omega                        : 1.000e+00
Beta Omega                         : 1.000e+00
Alpha Eta                          : 1.000e-01
Beta Eta                           : 9.000e-01
Omega                              : 1.000e-02
Eta                                : 0.000e+00
Tau                                : 9.000e-01
------------------------------------------------------------ 

   Iteration     Total nfev        Cost      Cost reduction    Step norm     Optimality    Constr viol.   Penalty param  max(|mltplr|) 
       0              1          3.315e+04                                    2.454e+02      0.000e+00      1.000e+01      0.000e+00   
       1              2          3.309e+04      6.271e+01      6.663e+00      2.448e+02      0.000e+00      1.000e+01      0.000e+00   
Optimization terminated successfully.
`xtol` condition satisfied. (xtol=1.00e-06)
         Current function value: 3.309e+04
         Constraint violation: 0.000e+00
         Total delta_x: 6.663e+00
         Iterations: 1
         Function evaluations: 2
         Jacobian evaluations: 1
Timer: Solution time = 2.13 min
Timer: Avg time per step = 1.06 min
==============================================================================================================
                                                                 Start  -->   End
Total (sum of squares):                                      3.315e+04  -->   3.309e+04, 
Plasma volume:                                               5.819e+02  -->   5.819e+02 (m^3)
Plasma volume:                                               3.615e-06  -->   4.835e-06 (normalized error)
Maximum Rotational transform:                                3.768e-01  -->   3.768e-01 (dimensionless)
Minimum Rotational transform:                                3.768e-01  -->   3.768e-01 (dimensionless)
Average Rotational transform:                                3.768e-01  -->   3.768e-01 (dimensionless)
Maximum Rotational transform:                                4.290e-01  -->   4.290e-01 (dimensionless)
Minimum Rotational transform:                                4.290e-01  -->   4.290e-01 (dimensionless)
Average Rotational transform:                                4.290e-01  -->   4.290e-01 (dimensionless)
Maximum Quasi-symmetry error:                                6.248e-02  -->   6.252e-02 (T^4/m^2)
Minimum Quasi-symmetry error:                               -2.602e-02  -->  -2.596e-02 (T^4/m^2)
Average Quasi-symmetry error:                                5.892e-04  -->   5.875e-04 (T^4/m^2)
Maximum Quasi-symmetry error:                                4.662e-04  -->   4.666e-04 (normalized)
Minimum Quasi-symmetry error:                               -1.942e-04  -->  -1.937e-04 (normalized)
Average Quasi-symmetry error:                                4.397e-06  -->   4.384e-06 (normalized)
Maximum absolute Quadcoil boundary error:                    1.111e+01  -->   1.111e+01 (T*m^2, T^2*m^2, T*m^2)
Minimum absolute Quadcoil boundary error:                    1.642e-14  -->   1.155e-14 (T*m^2, T^2*m^2, T*m^2)
Average absolute Quadcoil boundary error:                    1.529e+00  -->   1.527e+00 (T*m^2, T^2*m^2, T*m^2)
Maximum absolute Quadcoil boundary error:                    3.903e-02  -->   3.900e-02 (normalized)
Minimum absolute Quadcoil boundary error:                    5.768e-17  -->   4.057e-17 (normalized)
Average absolute Quadcoil boundary error:                    5.369e-03  -->   5.363e-03 (normalized)
Maximum absolute Force error:                                6.405e+05  -->   6.442e+05 (N)
Minimum absolute Force error:                                3.600e+00  -->   1.651e+00 (N)
Average absolute Force error:                                2.850e+04  -->   2.848e+04 (N)
Maximum absolute Force error:                                1.727e-04  -->   1.738e-04 (normalized)
Minimum absolute Force error:                                9.710e-10  -->   4.453e-10 (normalized)
Average absolute Force error:                                7.686e-06  -->   7.681e-06 (normalized)
R boundary error:                                            1.776e-15  -->   1.776e-15 (m)
Z boundary error:                                            4.187e-21  -->   4.186e-21 (m)
Fixed Psi error:                                             0.000e+00  -->   0.000e+00 (Wb)
Fixed current profile error:                                 0.000e+00  -->   0.000e+00 (A)
==============================================================================================================

Pre-optimization QS value:   0.00013528299333836206
Pre-optimization FBE value:  33149.74054141191
Post-optimization QS value:  0.0001969543281668705
Post-optimization FBE value: 33088.5585627238
Precomputing transforms
Precomputing transforms

====================================
Optimizing boundary modes M,N <= 7
====================================
Building objective: volume
Precomputing transforms
Timer: Precomputing transforms = 29.6 ms
Building objective: rotational transform
Precomputing transforms
Timer: Precomputing transforms = 27.6 ms
Building objective: rotational transform
Precomputing transforms
Timer: Precomputing transforms = 27.5 ms
Timer: Objective build = 108 ms
Building objective: force
Precomputing transforms
Timer: Precomputing transforms = 69.4 ms
Timer: Objective build = 91.1 ms
Timer: Objective build = 1.12 ms
Timer: Eq Update LinearConstraintProjection build = 119 ms
Timer: Proximal projection build = 2.01 sec
Building objective: lcfs R
Building objective: lcfs Z
Building objective: fixed Psi
Building objective: fixed current
Timer: Objective build = 300 ms
Timer: LinearConstraintProjection build = 1.29 sec
Number of parameters: 245
Number of objectives: 2742
Timer: Initializing the optimization = 3.74 sec

Starting optimization
Using method: proximal-lsq-auglag
Solver options:
------------------------------------------------------------
Maximum Function Evaluations       : 2501
Maximum Allowed Total Δx Norm      : inf
Scaled Termination                 : True
Trust Region Method                : qr
Initial Trust Radius               : 8.250e-02
Maximum Trust Radius               : inf
Minimum Trust Radius               : 2.220e-16
Trust Radius Increase Ratio        : 4.000e+00
Trust Radius Decrease Ratio        : 2.500e-01
Trust Radius Increase Threshold    : 7.500e-01
Trust Radius Decrease Threshold    : 5.000e-01
Alpha Omega                        : 1.000e+00
Beta Omega                         : 1.000e+00
Alpha Eta                          : 1.000e-01
Beta Eta                           : 9.000e-01
Omega                              : 1.000e-02
Eta                                : 0.000e+00
Tau                                : 9.000e-01
------------------------------------------------------------ 

   Iteration     Total nfev        Cost      Cost reduction    Step norm     Optimality    Constr viol.   Penalty param  max(|mltplr|) 
       0              1          3.309e+04                                    2.456e+02      0.000e+00      1.000e+01      0.000e+00   
       1              2          3.303e+04      6.366e+01      6.641e+00      2.449e+02      0.000e+00      1.000e+01      0.000e+00   
Optimization terminated successfully.
`xtol` condition satisfied. (xtol=1.00e-06)
         Current function value: 3.303e+04
         Constraint violation: 0.000e+00
         Total delta_x: 6.641e+00
         Iterations: 1
         Function evaluations: 2
         Jacobian evaluations: 1
Timer: Solution time = 2.17 min
Timer: Avg time per step = 1.08 min
==============================================================================================================
                                                                 Start  -->   End
Total (sum of squares):                                      3.309e+04  -->   3.303e+04, 
Plasma volume:                                               5.819e+02  -->   5.819e+02 (m^3)
Plasma volume:                                               4.835e-06  -->   6.068e-06 (normalized error)
Maximum Rotational transform:                                3.767e-01  -->   3.766e-01 (dimensionless)
Minimum Rotational transform:                                3.767e-01  -->   3.766e-01 (dimensionless)
Average Rotational transform:                                3.767e-01  -->   3.766e-01 (dimensionless)
Maximum Rotational transform:                                4.290e-01  -->   4.290e-01 (dimensionless)
Minimum Rotational transform:                                4.290e-01  -->   4.290e-01 (dimensionless)
Average Rotational transform:                                4.290e-01  -->   4.290e-01 (dimensionless)
Maximum Quasi-symmetry error:                                6.252e-02  -->   6.252e-02 (T^4/m^2)
Minimum Quasi-symmetry error:                               -2.596e-02  -->  -2.590e-02 (T^4/m^2)
Average Quasi-symmetry error:                                5.875e-04  -->   5.859e-04 (T^4/m^2)
Maximum Quasi-symmetry error:                                4.666e-04  -->   4.666e-04 (normalized)
Minimum Quasi-symmetry error:                               -1.937e-04  -->  -1.933e-04 (normalized)
Average Quasi-symmetry error:                                4.384e-06  -->   4.373e-06 (normalized)
Maximum absolute Quadcoil boundary error:                    1.110e+01  -->   1.110e+01 (T*m^2, T^2*m^2, T*m^2)
Minimum absolute Quadcoil boundary error:                    1.155e-14  -->   2.130e-14 (T*m^2, T^2*m^2, T*m^2)
Average absolute Quadcoil boundary error:                    1.527e+00  -->   1.526e+00 (T*m^2, T^2*m^2, T*m^2)
Maximum absolute Quadcoil boundary error:                    3.900e-02  -->   3.898e-02 (normalized)
Minimum absolute Quadcoil boundary error:                    4.057e-17  -->   7.479e-17 (normalized)
Average absolute Quadcoil boundary error:                    5.364e-03  -->   5.358e-03 (normalized)
Maximum absolute Force error:                                6.442e+05  -->   6.471e+05 (N)
Minimum absolute Force error:                                1.651e+00  -->   6.738e+00 (N)
Average absolute Force error:                                2.848e+04  -->   2.846e+04 (N)
Maximum absolute Force error:                                1.738e-04  -->   1.745e-04 (normalized)
Minimum absolute Force error:                                4.453e-10  -->   1.817e-09 (normalized)
Average absolute Force error:                                7.681e-06  -->   7.675e-06 (normalized)
R boundary error:                                            2.370e-22  -->   1.061e-22 (m)
Z boundary error:                                            6.672e-24  -->   6.672e-24 (m)
Fixed Psi error:                                             0.000e+00  -->   0.000e+00 (Wb)
Fixed current profile error:                                 0.000e+00  -->   0.000e+00 (A)
==============================================================================================================

Pre-optimization QS value:   0.00019695780724425632
Pre-optimization FBE value:  33088.99857458938
Post-optimization QS value:  0.00032042982357125303
Post-optimization FBE value: 33027.077191220305
Precomputing transforms
Precomputing transforms

====================================
Optimizing boundary modes M,N <= 8
====================================
Building objective: volume
Precomputing transforms
Timer: Precomputing transforms = 29.8 ms
Building objective: rotational transform
Precomputing transforms
Timer: Precomputing transforms = 27.7 ms
Building objective: rotational transform
Precomputing transforms
Timer: Precomputing transforms = 27.5 ms
Timer: Objective build = 107 ms
Building objective: force
Precomputing transforms
Timer: Precomputing transforms = 70.0 ms
Timer: Objective build = 91.7 ms
Timer: Objective build = 1.12 ms
Timer: Eq Update LinearConstraintProjection build = 110 ms
Timer: Proximal projection build = 2.01 sec
Building objective: lcfs R
Building objective: lcfs Z
Building objective: fixed Psi
Building objective: fixed current
Timer: Objective build = 165 ms
Timer: LinearConstraintProjection build = 1.47 sec
Number of parameters: 309
Number of objectives: 2742
Timer: Initializing the optimization = 3.79 sec

Starting optimization
Using method: proximal-lsq-auglag
Solver options:
------------------------------------------------------------
Maximum Function Evaluations       : 2501
Maximum Allowed Total Δx Norm      : inf
Scaled Termination                 : True
Trust Region Method                : qr
Initial Trust Radius               : 8.308e-02
Maximum Trust Radius               : inf
Minimum Trust Radius               : 2.220e-16
Trust Radius Increase Ratio        : 4.000e+00
Trust Radius Decrease Ratio        : 2.500e-01
Trust Radius Increase Threshold    : 7.500e-01
Trust Radius Decrease Threshold    : 5.000e-01
Alpha Omega                        : 1.000e+00
Beta Omega                         : 1.000e+00
Alpha Eta                          : 1.000e-01
Beta Eta                           : 9.000e-01
Omega                              : 1.000e-02
Eta                                : 0.000e+00
Tau                                : 9.000e-01
------------------------------------------------------------ 

   Iteration     Total nfev        Cost      Cost reduction    Step norm     Optimality    Constr viol.   Penalty param  max(|mltplr|) 
       0              1          3.303e+04                                    2.457e+02      0.000e+00      1.000e+01      0.000e+00   
       1              2          3.296e+04      6.472e+01      6.628e+00      2.451e+02      0.000e+00      1.000e+01      0.000e+00   
Optimization terminated successfully.
`xtol` condition satisfied. (xtol=1.00e-06)
         Current function value: 3.296e+04
         Constraint violation: 0.000e+00
         Total delta_x: 6.628e+00
         Iterations: 1
         Function evaluations: 2
         Jacobian evaluations: 1
Timer: Solution time = 2.18 min
Timer: Avg time per step = 1.09 min
==============================================================================================================
                                                                 Start  -->   End
Total (sum of squares):                                      3.303e+04  -->   3.296e+04, 
Plasma volume:                                               5.819e+02  -->   5.819e+02 (m^3)
Plasma volume:                                               6.068e-06  -->   7.311e-06 (normalized error)
Maximum Rotational transform:                                3.765e-01  -->   3.764e-01 (dimensionless)
Minimum Rotational transform:                                3.765e-01  -->   3.764e-01 (dimensionless)
Average Rotational transform:                                3.765e-01  -->   3.764e-01 (dimensionless)
Maximum Rotational transform:                                4.290e-01  -->   4.289e-01 (dimensionless)
Minimum Rotational transform:                                4.290e-01  -->   4.289e-01 (dimensionless)
Average Rotational transform:                                4.290e-01  -->   4.289e-01 (dimensionless)
Maximum Quasi-symmetry error:                                6.252e-02  -->   6.249e-02 (T^4/m^2)
Minimum Quasi-symmetry error:                               -2.590e-02  -->  -2.583e-02 (T^4/m^2)
Average Quasi-symmetry error:                                5.859e-04  -->   5.844e-04 (T^4/m^2)
Maximum Quasi-symmetry error:                                4.666e-04  -->   4.663e-04 (normalized)
Minimum Quasi-symmetry error:                               -1.933e-04  -->  -1.928e-04 (normalized)
Average Quasi-symmetry error:                                4.373e-06  -->   4.361e-06 (normalized)
Maximum absolute Quadcoil boundary error:                    1.110e+01  -->   1.109e+01 (T*m^2, T^2*m^2, T*m^2)
Minimum absolute Quadcoil boundary error:                    3.104e-14  -->   2.130e-14 (T*m^2, T^2*m^2, T*m^2)
Average absolute Quadcoil boundary error:                    1.526e+00  -->   1.524e+00 (T*m^2, T^2*m^2, T*m^2)
Maximum absolute Quadcoil boundary error:                    3.897e-02  -->   3.895e-02 (normalized)
Minimum absolute Quadcoil boundary error:                    1.090e-16  -->   7.479e-17 (normalized)
Average absolute Quadcoil boundary error:                    5.359e-03  -->   5.353e-03 (normalized)
Maximum absolute Force error:                                6.471e+05  -->   6.493e+05 (N)
Minimum absolute Force error:                                6.738e+00  -->   1.059e+01 (N)
Average absolute Force error:                                2.846e+04  -->   2.843e+04 (N)
Maximum absolute Force error:                                1.745e-04  -->   1.751e-04 (normalized)
Minimum absolute Force error:                                1.817e-09  -->   2.856e-09 (normalized)
Average absolute Force error:                                7.675e-06  -->   7.668e-06 (normalized)
R boundary error:                                            0.000e+00  -->   0.000e+00 (m)
Z boundary error:                                            0.000e+00  -->   0.000e+00 (m)
Fixed Psi error:                                             0.000e+00  -->   0.000e+00 (Wb)
Fixed current profile error:                                 0.000e+00  -->   0.000e+00 (A)
==============================================================================================================

Pre-optimization QS value:   0.00032043568041796296
Pre-optimization FBE value:  33027.57463837965
Post-optimization QS value:  0.00045175101354558893
Post-optimization FBE value: 32964.88441527898
End time:       Wed Aug 19 21:31:30 EDT 2026
