Job ID:         16306076
Nodes:          1
CPUs per task:  4
Start time:     Mon Aug 24 18:31:00 EDT 2026
mem
Building objective: force
Precomputing transforms
Timer: Precomputing transforms = 821 ms
Timer: Objective build = 1.07 sec
Building objective: lcfs R
Building objective: lcfs Z
Building objective: fixed Psi
Building objective: fixed pressure
Building objective: fixed current
Building objective: fixed sheet current
Building objective: self_consistency R
Building objective: self_consistency Z
Building objective: lambda gauge
Building objective: axis R self consistency
Building objective: axis Z self consistency
Timer: Objective build = 554 ms
Timer: LinearConstraintProjection build = 4.18 sec
Number of parameters: 856
Number of objectives: 5346
Timer: Initializing the optimization = 5.90 sec

Starting optimization
Using method: lsq-exact
Solver options:
------------------------------------------------------------
Maximum Function Evaluations       : 501
Maximum Allowed Total Δx Norm      : inf
Scaled Termination                 : True
Trust Region Method                : qr
Initial Trust Radius               : 2.420e+01
Maximum Trust Radius               : inf
Minimum Trust Radius               : 2.220e-16
Trust Radius Increase Ratio        : 2.000e+00
Trust Radius Decrease Ratio        : 2.500e-01
Trust Radius Increase Threshold    : 7.500e-01
Trust Radius Decrease Threshold    : 2.500e-01
------------------------------------------------------------ 

   Iteration     Total nfev        Cost      Cost reduction    Step norm     Optimality   
       0              1          7.842e-02                                    2.622e-01   
       1              3          7.887e-03      7.054e-02      3.438e-01      5.436e-02   
       2              4          1.565e-04      7.730e-03      1.168e-01      6.485e-03   
       3              5          4.264e-06      1.522e-04      4.319e-02      7.427e-04   
       4              7          8.845e-07      3.380e-06      5.814e-02      6.232e-04   
       5              9          1.299e-07      7.546e-07      3.059e-02      2.150e-04   
       6             11          2.787e-08      1.020e-07      2.086e-02      9.824e-05   
       7             13          3.564e-09      2.430e-08      1.237e-02      2.617e-05   
       8             15          1.751e-09      1.813e-09      6.641e-03      7.586e-06   
       9             17          1.584e-09      1.666e-10      3.311e-03      1.718e-06   
      10             18          1.554e-09      3.048e-11      6.632e-03      6.816e-06   
      11             19          1.465e-09      8.911e-11      6.588e-03      7.029e-06   
      12             20          1.383e-09      8.149e-11      6.517e-03      7.086e-06   
      13             21          1.307e-09      7.598e-11      6.425e-03      7.063e-06   
      14             22          1.236e-09      7.150e-11      6.317e-03      6.962e-06   
      15             23          1.168e-09      6.731e-11      6.198e-03      6.794e-06   
      16             24          1.105e-09      6.359e-11      6.067e-03      6.566e-06   
      17             25          1.044e-09      6.028e-11      5.927e-03      6.281e-06   
      18             26          9.874e-10      5.708e-11      5.775e-03      5.941e-06   
      19             27          9.335e-10      5.383e-11      5.611e-03      5.538e-06   
      20             28          8.830e-10      5.053e-11      5.433e-03      5.067e-06   
      21             29          8.358e-10      4.725e-11      5.239e-03      4.538e-06   
      22             30          7.918e-10      4.396e-11      5.031e-03      3.978e-06   
      23             31          7.510e-10      4.075e-11      4.811e-03      3.576e-06   
      24             32          7.133e-10      3.771e-11      4.585e-03      3.589e-06   
      25             33          6.783e-10      3.501e-11      4.362e-03      3.546e-06   
      26             34          6.456e-10      3.274e-11      4.153e-03      3.458e-06   
      27             35          6.148e-10      3.078e-11      3.966e-03      3.338e-06   
      28             36          5.857e-10      2.911e-11      3.811e-03      3.201e-06   
      29             37          5.580e-10      2.775e-11      3.691e-03      3.056e-06   
      30             38          5.314e-10      2.660e-11      3.607e-03      2.912e-06   
      31             39          5.058e-10      2.556e-11      3.555e-03      2.779e-06   
      32             40          4.812e-10      2.457e-11      3.529e-03      2.660e-06   
      33             41          4.576e-10      2.359e-11      3.524e-03      2.553e-06   
      34             42          4.350e-10      2.267e-11      3.532e-03      2.454e-06   
      35             43          4.131e-10      2.183e-11      3.551e-03      2.357e-06   
      36             44          3.921e-10      2.107e-11      3.575e-03      2.262e-06   
      37             45          3.717e-10      2.038e-11      3.601e-03      2.171e-06   
      38             46          3.520e-10      1.973e-11      3.629e-03      2.086e-06   
      39             47          3.329e-10      1.911e-11      3.655e-03      2.011e-06   
      40             48          3.143e-10      1.851e-11      3.681e-03      1.946e-06   
      41             49          2.964e-10      1.791e-11      3.704e-03      1.891e-06   
      42             50          2.792e-10      1.728e-11      3.725e-03      1.843e-06   
      43             51          2.625e-10      1.662e-11      3.743e-03      1.802e-06   
      44             52          2.466e-10      1.597e-11      3.760e-03      1.768e-06   
      45             53          2.312e-10      1.535e-11      3.775e-03      1.740e-06   
      46             54          2.164e-10      1.478e-11      3.789e-03      1.717e-06   
      47             55          2.022e-10      1.428e-11      3.803e-03      1.698e-06   
      48             56          1.883e-10      1.386e-11      3.816e-03      1.675e-06   
      49             57          1.748e-10      1.349e-11      3.828e-03      1.640e-06   
      50             58          1.617e-10      1.313e-11      3.838e-03      1.585e-06   
      51             59          1.490e-10      1.270e-11      3.845e-03      1.508e-06   
      52             60          1.369e-10      1.211e-11      3.850e-03      1.421e-06   
      53             61          1.255e-10      1.140e-11      3.852e-03      1.345e-06   
      54             62          1.147e-10      1.072e-11      3.855e-03      1.298e-06   
      55             63          1.046e-10      1.018e-11      3.858e-03      1.271e-06   
      56             64          9.477e-11      9.793e-12      3.864e-03      1.243e-06   
      57             65          8.529e-11      9.473e-12      3.868e-03      1.195e-06   
      58             66          7.615e-11      9.142e-12      3.870e-03      1.119e-06   
      59             67          6.743e-11      8.721e-12      3.870e-03      1.016e-06   
      60             68          5.929e-11      8.142e-12      3.871e-03      1.009e-06   
      61             69          5.188e-11      7.410e-12      3.875e-03      1.017e-06   
      62             70          4.524e-11      6.639e-12      3.883e-03      1.022e-06   
      63             71          3.932e-11      5.917e-12      3.893e-03      1.026e-06   
      64             72          3.406e-11      5.265e-12      3.904e-03      1.030e-06   
      65             73          2.938e-11      4.674e-12      3.916e-03      1.036e-06   
      66             74          2.524e-11      4.141e-12      3.926e-03      1.043e-06   
      67             75          2.157e-11      3.675e-12      3.936e-03      1.048e-06   
      68             76          1.827e-11      3.295e-12      3.943e-03      1.048e-06   
      69             77          1.526e-11      3.017e-12      3.947e-03      1.035e-06   
      70             78          1.251e-11      2.746e-12      3.945e-03      9.958e-07   
      71             79          1.031e-11      2.199e-12      3.926e-03      9.213e-07   
      72             80          9.098e-12      1.213e-12      3.890e-03      1.170e-06   
      73             81          3.461e-12      5.637e-12      9.703e-04      7.920e-08   
      74             82          3.204e-12      2.574e-13      1.928e-03      3.607e-07   
      75             83          2.777e-12      4.262e-13      1.918e-03      4.008e-07   
      76             84          2.562e-12      2.156e-13      1.911e-03      4.465e-07   
      77             85          1.689e-12      8.725e-13      4.785e-04      2.736e-08   
      78             86          1.590e-12      9.887e-14      9.544e-04      1.181e-07   
      79             87          1.474e-12      1.168e-13      9.518e-04      1.325e-07   
      80             88          1.402e-12      7.117e-14      9.488e-04      1.850e-07   
      81             89          1.401e-12      1.353e-15      9.444e-04      2.648e-07   
      82             90          1.142e-12      2.592e-13      2.383e-04      1.999e-08   
      83             91          1.129e-12      1.342e-14      4.730e-04      9.305e-08   
      84             92          1.104e-12      2.476e-14      4.719e-04      1.117e-07   
      85             93          1.087e-12      1.701e-14      4.712e-04      1.337e-07   
      86             94          1.025e-12      6.197e-14      1.205e-04      9.641e-09   
`gtol` condition satisfied. (gtol=1.00e-08)
         Current function value: 1.025e-12
         Total delta_x: 3.331e-01
         Iterations: 86
         Function evaluations: 94
         Jacobian evaluations: 87
Timer: Solution time = 22.7 sec
Timer: Avg time per step = 261 ms
==============================================================================================================
                                                                 Start  -->   End
Total (sum of squares):                                      7.842e-02  -->   1.025e-12, 
Maximum absolute Force error:                                4.023e+04  -->   1.140e+00 (N)
Minimum absolute Force error:                                2.291e-11  -->   1.406e-05 (N)
Average absolute Force error:                                9.639e+03  -->   3.243e-02 (N)
Maximum absolute Force error:                                2.359e-02  -->   6.686e-07 (normalized)
Minimum absolute Force error:                                1.343e-17  -->   8.242e-12 (normalized)
Average absolute Force error:                                5.651e-03  -->   1.901e-08 (normalized)
R boundary error:                                            0.000e+00  -->   2.220e-16 (m)
Z boundary error:                                            0.000e+00  -->   2.220e-16 (m)
Fixed Psi error:                                             0.000e+00  -->   0.000e+00 (Wb)
Fixed pressure profile error:                                0.000e+00  -->   0.000e+00 (Pa)
Fixed current profile error:                                 0.000e+00  -->   0.000e+00 (A)
Fixed sheet current error:                                   0.000e+00  -->   0.000e+00 (~)
==============================================================================================================

Precomputing transforms
mem
mem
Boundary mode steps: range(3, 9, 2)
Precomputing transforms
Precomputing transforms
mem

====================================
Optimizing boundary modes M,N <= 3
====================================
Pre-optimization QS value:   56995.98732254241
Pre-optimization FBE value:  0.0003529185970526052
mem
Building objective: volume
Precomputing transforms
Timer: Precomputing transforms = 29.6 ms
Building objective: rotational transform
Precomputing transforms
Timer: Precomputing transforms = 28.0 ms
Building objective: rotational transform
Precomputing transforms
Timer: Precomputing transforms = 27.1 ms
Timer: Objective build = 173 ms
Building objective: force
Precomputing transforms
Timer: Precomputing transforms = 65.5 ms
Timer: Objective build = 79.1 ms
Timer: Objective build = 1.32 ms
Timer: Eq Update LinearConstraintProjection build = 183 ms
Timer: Proximal projection build = 16.6 sec
Building objective: lcfs R
Building objective: lcfs Z
Building objective: fixed current
Building objective: fixed pressure
Timer: Objective build = 336 ms
Timer: LinearConstraintProjection build = 1.50 sec
Number of parameters: 49
Number of objectives: 2742
Timer: Initializing the optimization = 18.6 sec

Starting optimization
Using method: proximal-lsq-auglag
Solver options:
------------------------------------------------------------
Maximum Function Evaluations       : 2501
Maximum Allowed Total Δx Norm      : inf
Scaled Termination                 : True
Trust Region Method                : qr
Initial Trust Radius               : 1.151e-01
Maximum Trust Radius               : inf
Minimum Trust Radius               : 2.220e-16
Trust Radius Increase Ratio        : 4.000e+00
Trust Radius Decrease Ratio        : 2.500e-01
Trust Radius Increase Threshold    : 7.500e-01
Trust Radius Decrease Threshold    : 5.000e-01
Alpha Omega                        : 1.000e+00
Beta Omega                         : 1.000e+00
Alpha Eta                          : 1.000e-01
Beta Eta                           : 9.000e-01
Omega                              : 1.000e-02
Eta                                : 0.000e+00
Tau                                : 9.000e-01
------------------------------------------------------------ 

   Iteration     Total nfev        Cost      Cost reduction    Step norm     Optimality    Constr viol.   Penalty param  max(|mltplr|) 
       0              1          5.704e+04                                    3.339e+02      0.000e+00      1.000e+01      0.000e+00   
       1              2          5.694e+04      1.056e+02      3.514e-04      3.333e+02      0.000e+00      1.000e+01      0.000e+00   
       2              3          5.652e+04      4.199e+02      1.406e-03      3.311e+02      0.000e+00      1.000e+01      0.000e+00   
       3              4          5.486e+04      1.652e+03      5.620e-03      3.224e+02      0.000e+00      1.000e+01      0.000e+00   
       4              5          4.868e+04      6.182e+03      2.244e-02      2.896e+02      0.000e+00      1.000e+01      0.000e+00   
       5              6          2.972e+04      1.897e+04      8.906e-02      1.866e+02      0.000e+00      1.000e+01      0.000e+00   
       6              7          3.682e+03      2.603e+04      3.163e-01      3.491e+01      0.000e+00      1.000e+01      0.000e+00   
       7              8          1.296e+02      3.552e+03      7.372e-01      3.936e+00      0.000e+00      1.000e+01      0.000e+00   
       8             10          4.318e+01      8.644e+01      1.810e-01      4.656e-01      0.000e+00      1.000e+01      0.000e+00   
       9             12          3.711e+01      6.073e+00      1.517e-01      7.543e-02      0.000e+00      1.000e+01      0.000e+00   
      10             16          3.642e+01      6.870e-01      1.884e-02      6.522e-02      0.000e+00      1.000e+01      0.000e+00   
      11             18          3.617e+01      2.532e-01      1.952e-02      6.847e-02      0.000e+00      1.000e+01      0.000e+00   
      12             19          3.609e+01      8.127e-02      5.075e-03      6.747e-02      0.000e+00      1.000e+01      0.000e+00   
      13             20          3.606e+01      2.317e-02      1.284e-03      6.679e-02      0.000e+00      1.000e+01      0.000e+00   
      14             21          3.605e+01      8.975e-03      3.212e-04      6.664e-02      0.000e+00      1.000e+01      0.000e+00   
      15             22          3.604e+01      1.283e-02      1.274e-03      6.621e-02      0.000e+00      1.000e+01      0.000e+00   
      16             23          3.603e+01      8.067e-03      3.191e-04      6.603e-02      0.000e+00      1.000e+01      0.000e+00   
      17             24          3.603e+01      3.689e-03      3.186e-04      6.590e-02      0.000e+00      1.000e+01      0.000e+00   
      18             25          3.603e+01      8.841e-04      7.968e-05      6.588e-02      0.000e+00      1.000e+01      0.000e+00   
      19             30          3.603e+01      1.576e-06      7.783e-08      6.588e-02      0.000e+00      1.000e+01      0.000e+00   
Optimization terminated successfully.
`ftol` condition satisfied. (ftol=1.00e-05)
`xtol` condition satisfied. (xtol=1.00e-06)
         Current function value: 3.603e+01
         Constraint violation: 0.000e+00
         Total delta_x: 7.321e-01
         Iterations: 19
         Function evaluations: 30
         Jacobian evaluations: 19
Timer: Solution time = 17.9 min
Timer: Avg time per step = 53.9 sec
==============================================================================================================
                                                                 Start  -->   End
Total (sum of squares):                                      5.704e+04  -->   3.603e+01, 
Plasma volume:                                               5.116e+02  -->   5.532e+02 (m^3)
Plasma volume:                                               0.000e+00  -->   1.874e-01 (normalized error)
Maximum Rotational transform:                               -1.225e-01  -->  -9.531e-02 (dimensionless)
Minimum Rotational transform:                               -1.225e-01  -->  -9.531e-02 (dimensionless)
Average Rotational transform:                               -1.225e-01  -->  -9.531e-02 (dimensionless)
Maximum Rotational transform:                               -1.319e-01  -->  -9.107e-02 (dimensionless)
Minimum Rotational transform:                               -1.319e-01  -->  -9.107e-02 (dimensionless)
Average Rotational transform:                               -1.319e-01  -->  -9.107e-02 (dimensionless)
Maximum Quasi-symmetry (1,0) two-term error:                 1.124e-03  -->   1.034e-04 (T^3)
Minimum Quasi-symmetry (1,0) two-term error:                -8.160e-04  -->  -1.032e-04 (T^3)
Average Quasi-symmetry (1,0) two-term error:                 4.558e-05  -->   2.825e-06 (T^3)
Maximum Quasi-symmetry (1,0) two-term error:                 6.072e-01  -->   5.584e-02 (normalized)
Minimum Quasi-symmetry (1,0) two-term error:                -4.406e-01  -->  -5.572e-02 (normalized)
Average Quasi-symmetry (1,0) two-term error:                 2.461e-02  -->   1.525e-03 (normalized)
Maximum absolute Quadcoil boundary error:                    4.223e-04  -->   2.784e-02 (T*m^2, T^2*m^2, T*m^2)
Minimum absolute Quadcoil boundary error:                    2.032e-16  -->   1.180e-16 (T*m^2, T^2*m^2, T*m^2)
Average absolute Quadcoil boundary error:                    2.965e-05  -->   4.244e-03 (T*m^2, T^2*m^2, T*m^2)
Maximum absolute Quadcoil boundary error:                    4.253e-04  -->   2.805e-02 (normalized)
Minimum absolute Quadcoil boundary error:                    2.046e-16  -->   1.188e-16 (normalized)
Average absolute Quadcoil boundary error:                    2.986e-05  -->   4.275e-03 (normalized)
Maximum absolute Force error:                                1.140e+00  -->   2.854e+01 (N)
Minimum absolute Force error:                                1.406e-05  -->   6.072e-05 (N)
Average absolute Force error:                                3.243e-02  -->   6.516e-01 (N)
Maximum absolute Force error:                                6.686e-07  -->   1.673e-05 (normalized)
Minimum absolute Force error:                                8.242e-12  -->   3.560e-11 (normalized)
Average absolute Force error:                                1.901e-08  -->   3.820e-07 (normalized)
R boundary error:                                            0.000e+00  -->   0.000e+00 (m)
Z boundary error:                                            0.000e+00  -->   0.000e+00 (m)
Fixed current profile error:                                 0.000e+00  -->   0.000e+00 (A)
Fixed pressure profile error:                                0.000e+00  -->   0.000e+00 (Pa)
==============================================================================================================

mem
Post-optimization QS value:  0.057697066309922114
Post-optimization FBE value: 2.3580381331513283
Precomputing transforms
Precomputing transforms
mem

====================================
Optimizing boundary modes M,N <= 5
====================================
Pre-optimization QS value:   0.7239326551179299
Pre-optimization FBE value:  0.02953291068909794
mem
Building objective: volume
Precomputing transforms
Timer: Precomputing transforms = 30.0 ms
Building objective: rotational transform
Precomputing transforms
Timer: Precomputing transforms = 28.1 ms
Building objective: rotational transform
Precomputing transforms
Timer: Precomputing transforms = 27.5 ms
Timer: Objective build = 101 ms
Building objective: force
Precomputing transforms
Timer: Precomputing transforms = 66.1 ms
Timer: Objective build = 79.7 ms
Timer: Objective build = 1.33 ms
Timer: Eq Update LinearConstraintProjection build = 114 ms
Timer: Proximal projection build = 1.55 sec
Building objective: lcfs R
Building objective: lcfs Z
Building objective: fixed current
Building objective: fixed pressure
Timer: Objective build = 338 ms
Timer: LinearConstraintProjection build = 1.46 sec
Number of parameters: 121
Number of objectives: 2742
Timer: Initializing the optimization = 3.52 sec

Starting optimization
Using method: proximal-lsq-auglag
Solver options:
------------------------------------------------------------
Maximum Function Evaluations       : 2501
Maximum Allowed Total Δx Norm      : inf
Scaled Termination                 : True
Trust Region Method                : qr
Initial Trust Radius               : 4.759e-02
Maximum Trust Radius               : inf
Minimum Trust Radius               : 2.220e-16
Trust Radius Increase Ratio        : 4.000e+00
Trust Radius Decrease Ratio        : 2.500e-01
Trust Radius Increase Threshold    : 7.500e-01
Trust Radius Decrease Threshold    : 5.000e-01
Alpha Omega                        : 1.000e+00
Beta Omega                         : 1.000e+00
Alpha Eta                          : 1.000e-01
Beta Eta                           : 9.000e-01
Omega                              : 1.000e-02
Eta                                : 0.000e+00
Tau                                : 9.000e-01
------------------------------------------------------------ 

   Iteration     Total nfev        Cost      Cost reduction    Step norm     Optimality    Constr viol.   Penalty param  max(|mltplr|) 
       0              1          3.437e+01                                    9.664e-01      0.000e+00      1.000e+01      0.000e+00   
       1              2          3.415e+01      2.175e-01      5.022e-04      8.140e-01      0.000e+00      1.000e+01      0.000e+00   
       2              3          3.361e+01      5.432e-01      2.948e-03      4.903e-01      0.000e+00      1.000e+01      0.000e+00   
       3              4          3.282e+01      7.882e-01      1.437e-02      4.037e-01      0.000e+00      1.000e+01      0.000e+00   
       4              6          3.227e+01      5.492e-01      9.675e-03      2.077e-01      0.000e+00      1.000e+01      0.000e+00   
       5              8          3.189e+01      3.830e-01      9.424e-03      1.882e-01      0.000e+00      1.000e+01      0.000e+00   
       6             10          3.155e+01      3.338e-01      8.149e-03      1.607e-01      0.000e+00      1.000e+01      0.000e+00   
       7             12          3.131e+01      2.470e-01      6.876e-03      1.292e-01      0.000e+00      1.000e+01      0.000e+00   
       8             16          3.129e+01      1.178e-02      4.254e-04      1.163e-01      0.000e+00      1.000e+01      0.000e+00   
       9             41          3.129e+01      0.000e+00      0.000e+00      1.163e-01      0.000e+00      1.000e+01      0.000e+00   
Warning: A bad approximation caused failure to predict improvement.
         Current function value: 3.129e+01
         Constraint violation: 0.000e+00
         Total delta_x: 4.955e-02
         Iterations: 9
         Function evaluations: 41
         Jacobian evaluations: 8
Timer: Solution time = 11.0 min
Timer: Avg time per step = 1.11 min
==============================================================================================================
                                                                 Start  -->   End
Total (sum of squares):                                      3.437e+01  -->   3.129e+01, 
Plasma volume:                                               5.532e+02  -->   5.533e+02 (m^3)
Plasma volume:                                               1.901e-01  -->   1.980e-01 (normalized error)
Maximum Rotational transform:                               -9.531e-02  -->  -9.410e-02 (dimensionless)
Minimum Rotational transform:                               -9.531e-02  -->  -9.410e-02 (dimensionless)
Average Rotational transform:                               -9.531e-02  -->  -9.410e-02 (dimensionless)
Maximum Rotational transform:                               -9.107e-02  -->  -7.725e-02 (dimensionless)
Minimum Rotational transform:                               -9.107e-02  -->  -7.725e-02 (dimensionless)
Average Rotational transform:                               -9.107e-02  -->  -7.725e-02 (dimensionless)
Maximum Quasi-symmetry (1,0) two-term error:                 1.034e-04  -->   1.002e-04 (T^3)
Minimum Quasi-symmetry (1,0) two-term error:                -1.032e-04  -->  -1.001e-04 (T^3)
Average Quasi-symmetry (1,0) two-term error:                 2.825e-06  -->   2.623e-06 (T^3)
Maximum Quasi-symmetry (1,0) two-term error:                 1.978e-01  -->   1.916e-01 (normalized)
Minimum Quasi-symmetry (1,0) two-term error:                -1.974e-01  -->  -1.914e-01 (normalized)
Average Quasi-symmetry (1,0) two-term error:                 5.403e-03  -->   5.016e-03 (normalized)
Maximum absolute Quadcoil boundary error:                    5.374e-03  -->   4.834e-03 (T*m^2, T^2*m^2, T*m^2)
Minimum absolute Quadcoil boundary error:                    2.891e-16  -->   1.748e-16 (T*m^2, T^2*m^2, T*m^2)
Average absolute Quadcoil boundary error:                    2.266e-04  -->   7.950e-04 (T*m^2, T^2*m^2, T*m^2)
Maximum absolute Quadcoil boundary error:                    8.637e-03  -->   7.768e-03 (normalized)
Minimum absolute Quadcoil boundary error:                    4.646e-16  -->   2.808e-16 (normalized)
Average absolute Quadcoil boundary error:                    3.642e-04  -->   1.278e-03 (normalized)
Maximum absolute Force error:                                2.854e+01  -->   9.377e+01 (N)
Minimum absolute Force error:                                6.072e-05  -->   2.109e-04 (N)
Average absolute Force error:                                6.516e-01  -->   1.302e+00 (N)
Maximum absolute Force error:                                3.916e-05  -->   1.287e-04 (normalized)
Minimum absolute Force error:                                8.332e-11  -->   2.894e-10 (normalized)
Average absolute Force error:                                8.941e-07  -->   1.786e-06 (normalized)
R boundary error:                                            0.000e+00  -->   0.000e+00 (m)
Z boundary error:                                            0.000e+00  -->   0.000e+00 (m)
Fixed current profile error:                                 0.000e+00  -->   0.000e+00 (A)
Fixed pressure profile error:                                0.000e+00  -->   0.000e+00 (Pa)
==============================================================================================================

mem
Post-optimization QS value:  0.0009130536298512913
Post-optimization FBE value: 0.18131749357930899
Precomputing transforms
Precomputing transforms
mem

====================================
Optimizing boundary modes M,N <= 7
====================================
Pre-optimization QS value:   0.0008959297923899075
Pre-optimization FBE value:  0.013008355687718338
mem
Building objective: volume
Precomputing transforms
Timer: Precomputing transforms = 29.4 ms
Building objective: rotational transform
Precomputing transforms
Timer: Precomputing transforms = 27.9 ms
Building objective: rotational transform
Precomputing transforms
Timer: Precomputing transforms = 26.9 ms
Timer: Objective build = 99.8 ms
Building objective: force
Precomputing transforms
Timer: Precomputing transforms = 65.0 ms
Timer: Objective build = 78.2 ms
Timer: Objective build = 1.27 ms
Timer: Eq Update LinearConstraintProjection build = 105 ms
Timer: Proximal projection build = 1.57 sec
Building objective: lcfs R
Building objective: lcfs Z
Building objective: fixed current
Building objective: fixed pressure
Timer: Objective build = 253 ms
Timer: LinearConstraintProjection build = 2.82 sec
Number of parameters: 225
Number of objectives: 2742
Timer: Initializing the optimization = 4.82 sec

Starting optimization
Using method: proximal-lsq-auglag
Solver options:
------------------------------------------------------------
Maximum Function Evaluations       : 2501
Maximum Allowed Total Δx Norm      : inf
Scaled Termination                 : True
Trust Region Method                : qr
Initial Trust Radius               : 8.835e-01
Maximum Trust Radius               : inf
Minimum Trust Radius               : 2.220e-16
Trust Radius Increase Ratio        : 4.000e+00
Trust Radius Decrease Ratio        : 2.500e-01
Trust Radius Increase Threshold    : 7.500e-01
Trust Radius Decrease Threshold    : 5.000e-01
Alpha Omega                        : 1.000e+00
Beta Omega                         : 1.000e+00
Alpha Eta                          : 1.000e-01
Beta Eta                           : 9.000e-01
Omega                              : 1.000e-02
Eta                                : 0.000e+00
Tau                                : 9.000e-01
------------------------------------------------------------ 

   Iteration     Total nfev        Cost      Cost reduction    Step norm     Optimality    Constr viol.   Penalty param  max(|mltplr|) 
       0              1          3.115e+01                                    1.831e+00      0.000e+00      1.000e+01      0.000e+00   
       1              4          3.106e+01      8.726e-02      2.961e-04      2.895e+00      0.000e+00      1.000e+01      0.000e+00   
       2              6          3.105e+01      6.340e-03      1.372e-05      2.718e+00      0.000e+00      1.000e+01      0.000e+00   
       3             28          3.105e+01      0.000e+00      0.000e+00      2.718e+00      0.000e+00      1.000e+01      0.000e+00   
Warning: A bad approximation caused failure to predict improvement.
         Current function value: 3.105e+01
         Constraint violation: 0.000e+00
         Total delta_x: 2.937e-04
         Iterations: 3
         Function evaluations: 28
         Jacobian evaluations: 2
Timer: Solution time = 6.61 min
Timer: Avg time per step = 1.65 min
==============================================================================================================
                                                                 Start  -->   End
Total (sum of squares):                                      3.115e+01  -->   3.105e+01, 
Plasma volume:                                               5.533e+02  -->   5.533e+02 (m^3)
Plasma volume:                                               1.988e-01  -->   1.987e-01 (normalized error)
Maximum Rotational transform:                               -9.410e-02  -->  -9.395e-02 (dimensionless)
Minimum Rotational transform:                               -9.410e-02  -->  -9.395e-02 (dimensionless)
Average Rotational transform:                               -9.410e-02  -->  -9.395e-02 (dimensionless)
Maximum Rotational transform:                               -7.725e-02  -->  -7.697e-02 (dimensionless)
Minimum Rotational transform:                               -7.725e-02  -->  -7.697e-02 (dimensionless)
Average Rotational transform:                               -7.725e-02  -->  -7.697e-02 (dimensionless)
Maximum Quasi-symmetry (1,0) two-term error:                 1.002e-04  -->   1.002e-04 (T^3)
Minimum Quasi-symmetry (1,0) two-term error:                -1.001e-04  -->  -1.001e-04 (T^3)
Average Quasi-symmetry (1,0) two-term error:                 2.623e-06  -->   2.621e-06 (T^3)
Maximum Quasi-symmetry (1,0) two-term error:                 1.898e-01  -->   1.898e-01 (normalized)
Minimum Quasi-symmetry (1,0) two-term error:                -1.896e-01  -->  -1.897e-01 (normalized)
Average Quasi-symmetry (1,0) two-term error:                 4.969e-03  -->   4.965e-03 (normalized)
Maximum absolute Quadcoil boundary error:                    2.911e-03  -->   2.911e-03 (T*m^2, T^2*m^2, T*m^2)
Minimum absolute Quadcoil boundary error:                    1.751e-16  -->   2.328e-16 (T*m^2, T^2*m^2, T*m^2)
Average absolute Quadcoil boundary error:                    1.848e-04  -->   1.852e-04 (T*m^2, T^2*m^2, T*m^2)
Maximum absolute Quadcoil boundary error:                    4.672e-03  -->   4.672e-03 (normalized)
Minimum absolute Quadcoil boundary error:                    2.810e-16  -->   3.737e-16 (normalized)
Average absolute Quadcoil boundary error:                    2.966e-04  -->   2.972e-04 (normalized)
Maximum absolute Force error:                                9.377e+01  -->   9.616e+01 (N)
Minimum absolute Force error:                                2.109e-04  -->   8.661e-04 (N)
Average absolute Force error:                                1.302e+00  -->   1.445e+00 (N)
Maximum absolute Force error:                                1.281e-04  -->   1.314e-04 (normalized)
Minimum absolute Force error:                                2.882e-10  -->   1.184e-09 (normalized)
Average absolute Force error:                                1.779e-06  -->   1.974e-06 (normalized)
R boundary error:                                            0.000e+00  -->   0.000e+00 (m)
Z boundary error:                                            0.000e+00  -->   0.000e+00 (m)
Fixed current profile error:                                 0.000e+00  -->   0.000e+00 (A)
Fixed pressure profile error:                                0.000e+00  -->   0.000e+00 (Pa)
==============================================================================================================

mem
Post-optimization QS value:  0.0009945883358712237
Post-optimization FBE value: 0.012813941715177676
End time:       Mon Aug 24 19:11:53 EDT 2026
