Job ID:         16302572
Nodes:          1
CPUs per task:  4
Start time:     Mon Aug 24 16:53:56 EDT 2026
mem
Building objective: force
Precomputing transforms
Timer: Precomputing transforms = 840 ms
Timer: Objective build = 1.09 sec
Building objective: lcfs R
Building objective: lcfs Z
Building objective: fixed Psi
Building objective: fixed pressure
Building objective: fixed current
Building objective: fixed sheet current
Building objective: self_consistency R
Building objective: self_consistency Z
Building objective: lambda gauge
Building objective: axis R self consistency
Building objective: axis Z self consistency
Timer: Objective build = 588 ms
Timer: LinearConstraintProjection build = 3.78 sec
Number of parameters: 856
Number of objectives: 5346
Timer: Initializing the optimization = 5.55 sec

Starting optimization
Using method: lsq-exact
Solver options:
------------------------------------------------------------
Maximum Function Evaluations       : 501
Maximum Allowed Total Δx Norm      : inf
Scaled Termination                 : True
Trust Region Method                : qr
Initial Trust Radius               : 1.881e+01
Maximum Trust Radius               : inf
Minimum Trust Radius               : 2.220e-16
Trust Radius Increase Ratio        : 2.000e+00
Trust Radius Decrease Ratio        : 2.500e-01
Trust Radius Increase Threshold    : 7.500e-01
Trust Radius Decrease Threshold    : 2.500e-01
------------------------------------------------------------ 

   Iteration     Total nfev        Cost      Cost reduction    Step norm     Optimality   
       0              1          4.811e-02                                    2.952e-01   
       1              2          4.482e-02      3.288e-03      5.093e-01      2.218e-01   
       2              3          2.323e-03      4.250e-02      2.903e-01      4.476e-02   
       3              4          1.490e-04      2.174e-03      7.674e-02      7.828e-03   
       4              5          1.740e-06      1.472e-04      5.963e-02      7.473e-04   
       5              7          1.824e-08      1.721e-06      9.544e-03      6.651e-05   
       6              9          1.478e-09      1.676e-08      4.167e-03      1.421e-05   
       7             11          1.327e-10      1.346e-09      1.966e-03      3.076e-06   
       8             13          3.209e-11      1.006e-10      1.205e-03      6.253e-07   
       9             15          2.082e-11      1.127e-11      6.630e-04      1.468e-07   
      10             16          1.765e-11      3.176e-12      1.250e-03      7.545e-07   
      11             17          1.477e-11      2.880e-12      1.328e-03      1.020e-06   
      12             18          1.362e-11      1.147e-12      1.403e-03      9.216e-07   
      13             19          1.263e-11      9.918e-13      1.351e-03      1.447e-06   
      14             20          1.181e-11      8.165e-13      1.308e-03      1.554e-06   
      15             21          1.125e-11      5.618e-13      1.298e-03      1.580e-06   
      16             22          8.641e-12      2.609e-12      3.263e-04      8.580e-08   
      17             23          8.512e-12      1.283e-13      6.506e-04      4.049e-07   
      18             24          8.239e-12      2.734e-13      6.507e-04      4.062e-07   
      19             25          7.973e-12      2.663e-13      6.514e-04      4.081e-07   
      20             26          7.713e-12      2.596e-13      6.524e-04      4.100e-07   
      21             27          7.460e-12      2.530e-13      6.534e-04      4.119e-07   
      22             28          7.214e-12      2.464e-13      6.545e-04      4.136e-07   
      23             29          6.974e-12      2.398e-13      6.556e-04      4.153e-07   
      24             30          6.741e-12      2.332e-13      6.568e-04      4.167e-07   
      25             31          6.514e-12      2.267e-13      6.580e-04      4.180e-07   
      26             32          6.294e-12      2.202e-13      6.593e-04      4.190e-07   
      27             33          6.080e-12      2.137e-13      6.607e-04      4.199e-07   
      28             34          5.873e-12      2.073e-13      6.622e-04      4.204e-07   
      29             35          5.672e-12      2.009e-13      6.639e-04      4.208e-07   
      30             36          5.477e-12      1.945e-13      6.658e-04      4.208e-07   
      31             37          5.289e-12      1.882e-13      6.680e-04      4.205e-07   
      32             38          5.107e-12      1.820e-13      6.705e-04      4.198e-07   
      33             39          4.931e-12      1.758e-13      6.733e-04      4.187e-07   
      34             40          4.762e-12      1.697e-13      6.766e-04      4.171e-07   
      35             41          4.598e-12      1.637e-13      6.803e-04      4.149e-07   
      36             42          4.440e-12      1.578e-13      6.845e-04      4.120e-07   
      37             43          4.288e-12      1.521e-13      6.894e-04      4.083e-07   
      38             44          4.142e-12      1.465e-13      6.948e-04      4.037e-07   
      39             45          4.000e-12      1.411e-13      7.008e-04      3.981e-07   
      40             46          3.864e-12      1.360e-13      7.076e-04      3.912e-07   
      41             47          3.733e-12      1.311e-13      7.149e-04      3.829e-07   
      42             48          3.607e-12      1.264e-13      7.230e-04      3.730e-07   
      43             49          3.485e-12      1.219e-13      7.315e-04      3.615e-07   
      44             50          3.367e-12      1.177e-13      7.406e-04      3.482e-07   
      45             51          3.254e-12      1.136e-13      7.501e-04      3.330e-07   
      46             52          3.144e-12      1.097e-13      7.598e-04      3.160e-07   
      47             53          3.038e-12      1.059e-13      7.696e-04      2.973e-07   
      48             54          2.936e-12      1.021e-13      7.793e-04      2.769e-07   
      49             55          2.838e-12      9.838e-14      7.888e-04      2.552e-07   
      50             56          2.743e-12      9.461e-14      7.979e-04      2.325e-07   
      51             57          2.652e-12      9.082e-14      8.065e-04      2.090e-07   
      52             58          2.565e-12      8.705e-14      8.146e-04      1.851e-07   
      53             59          2.482e-12      8.332e-14      8.219e-04      1.612e-07   
      54             60          2.402e-12      7.966e-14      8.285e-04      1.375e-07   
      55             61          2.326e-12      7.612e-14      8.344e-04      1.356e-07   
      56             62          2.253e-12      7.272e-14      8.395e-04      1.422e-07   
      57             63          2.184e-12      6.950e-14      8.438e-04      1.484e-07   
      58             64          2.117e-12      6.645e-14      8.475e-04      1.541e-07   
      59             65          2.054e-12      6.359e-14      8.505e-04      1.594e-07   
      60             66          1.993e-12      6.092e-14      8.530e-04      1.642e-07   
      61             67          1.934e-12      5.842e-14      8.548e-04      1.687e-07   
      62             68          1.878e-12      5.608e-14      8.561e-04      1.729e-07   
      63             69          1.824e-12      5.389e-14      8.570e-04      1.768e-07   
      64             70          1.773e-12      5.183e-14      8.574e-04      1.803e-07   
      65             71          1.723e-12      4.990e-14      8.574e-04      1.837e-07   
      66             72          1.675e-12      4.806e-14      8.571e-04      1.868e-07   
      67             73          1.628e-12      4.633e-14      8.564e-04      1.897e-07   
      68             74          1.584e-12      4.467e-14      8.554e-04      1.925e-07   
      69             75          1.541e-12      4.310e-14      8.541e-04      1.951e-07   
      70             76          1.499e-12      4.158e-14      8.525e-04      1.976e-07   
      71             77          1.459e-12      4.013e-14      8.507e-04      2.001e-07   
      72             78          1.420e-12      3.874e-14      8.487e-04      2.024e-07   
      73             79          1.383e-12      3.740e-14      8.464e-04      2.046e-07   
      74             80          1.347e-12      3.610e-14      8.438e-04      2.068e-07   
      75             81          1.312e-12      3.485e-14      8.411e-04      2.089e-07   
      76             82          1.278e-12      3.364e-14      8.382e-04      2.109e-07   
      77             83          1.246e-12      3.247e-14      8.351e-04      2.129e-07   
      78             84          1.214e-12      3.134e-14      8.318e-04      2.149e-07   
      79             85          1.184e-12      3.025e-14      8.283e-04      2.168e-07   
      80             86          1.155e-12      2.920e-14      8.246e-04      2.186e-07   
      81             87          1.127e-12      2.818e-14      8.208e-04      2.204e-07   
      82             88          1.099e-12      2.720e-14      8.168e-04      2.222e-07   
      83             89          1.073e-12      2.625e-14      8.127e-04      2.240e-07   
      84             90          1.048e-12      2.534e-14      8.084e-04      2.257e-07   
      85             91          9.632e-13      8.468e-14      2.024e-04      1.421e-08   
      86             92          9.546e-13      8.607e-15      4.034e-04      5.672e-08   
Optimization terminated successfully.
`ftol` condition satisfied. (ftol=1.00e-02)
         Current function value: 9.546e-13
         Total delta_x: 4.298e-01
         Iterations: 86
         Function evaluations: 92
         Jacobian evaluations: 87
Timer: Solution time = 23.1 sec
Timer: Avg time per step = 266 ms
==============================================================================================================
                                                                 Start  -->   End
Total (sum of squares):                                      4.811e-02  -->   9.546e-13, 
Maximum absolute Force error:                                2.453e+04  -->   2.069e-01 (N)
Minimum absolute Force error:                                7.431e-14  -->   5.200e-05 (N)
Average absolute Force error:                                7.899e+03  -->   2.802e-02 (N)
Maximum absolute Force error:                                1.438e-02  -->   1.213e-07 (normalized)
Minimum absolute Force error:                                4.357e-20  -->   3.049e-11 (normalized)
Average absolute Force error:                                4.631e-03  -->   1.643e-08 (normalized)
R boundary error:                                            0.000e+00  -->   2.220e-16 (m)
Z boundary error:                                            0.000e+00  -->   2.220e-16 (m)
Fixed Psi error:                                             0.000e+00  -->   0.000e+00 (Wb)
Fixed pressure profile error:                                0.000e+00  -->   0.000e+00 (Pa)
Fixed current profile error:                                 0.000e+00  -->   0.000e+00 (A)
Fixed sheet current error:                                   0.000e+00  -->   0.000e+00 (~)
==============================================================================================================

Precomputing transforms
mem
mem
Boundary mode steps: range(3, 9, 2)
Precomputing transforms
Precomputing transforms
mem

====================================
Optimizing boundary modes M,N <= 3
====================================
Pre-optimization QS value:   0.0
Pre-optimization FBE value:  0.0012598385304578006
mem
Building objective: volume
Precomputing transforms
Timer: Precomputing transforms = 30.4 ms
Building objective: rotational transform
Precomputing transforms
Timer: Precomputing transforms = 28.4 ms
Building objective: rotational transform
Precomputing transforms
Timer: Precomputing transforms = 27.5 ms
Timer: Objective build = 167 ms
Building objective: force
Precomputing transforms
Timer: Precomputing transforms = 66.6 ms
Timer: Objective build = 80.2 ms
Timer: Objective build = 1.32 ms
Timer: Eq Update LinearConstraintProjection build = 187 ms
Timer: Proximal projection build = 17.0 sec
Building objective: lcfs R
Building objective: lcfs Z
Building objective: fixed current
Building objective: fixed pressure
Timer: Objective build = 312 ms
Timer: LinearConstraintProjection build = 1.46 sec
Number of parameters: 49
Number of objectives: 2742
Timer: Initializing the optimization = 18.9 sec

Starting optimization
Using method: proximal-lsq-auglag
Solver options:
------------------------------------------------------------
Maximum Function Evaluations       : 2501
Maximum Allowed Total Δx Norm      : inf
Scaled Termination                 : True
Trust Region Method                : qr
Initial Trust Radius               : 1.587e-01
Maximum Trust Radius               : inf
Minimum Trust Radius               : 2.220e-16
Trust Radius Increase Ratio        : 4.000e+00
Trust Radius Decrease Ratio        : 2.500e-01
Trust Radius Increase Threshold    : 7.500e-01
Trust Radius Decrease Threshold    : 5.000e-01
Alpha Omega                        : 1.000e+00
Beta Omega                         : 1.000e+00
Alpha Eta                          : 1.000e-01
Beta Eta                           : 9.000e-01
Omega                              : 1.000e-02
Eta                                : 0.000e+00
Tau                                : 9.000e-01
------------------------------------------------------------ 

   Iteration     Total nfev        Cost      Cost reduction    Step norm     Optimality    Constr viol.   Penalty param  max(|mltplr|) 
       0              1          9.001e+00                                    4.990e-02      0.000e+00      1.000e+01      0.000e+00   
       1              3          9.001e+00      5.829e-04      1.617e-01      3.149e-02      0.000e+00      1.000e+01      0.000e+00   
       2              4          9.001e+00      7.733e-05      1.483e-01      2.876e-02      0.000e+00      1.000e+01      0.000e+00   
       3              5          9.001e+00      1.336e-06      3.488e-02      2.882e-02      0.000e+00      1.000e+01      0.000e+00   
       4              6          9.001e+00      1.041e-07      8.571e-03      2.884e-02      0.000e+00      1.000e+01      0.000e+00   
       5              7          9.001e+00      6.159e-08      2.122e-03      2.884e-02      0.000e+00      1.000e+01      0.000e+00   
       6              8          9.001e+00      1.795e-08      5.292e-04      2.884e-02      0.000e+00      1.000e+01      0.000e+00   
       7              9          9.001e+00      4.700e-09      1.322e-04      2.884e-02      0.000e+00      1.000e+01      0.000e+00   
       8             10          9.001e+00      1.179e-09      3.305e-05      2.884e-02      0.000e+00      1.000e+01      0.000e+00   
       9             11          9.001e+00      2.941e-10      8.262e-06      2.884e-02      0.000e+00      1.000e+01      0.000e+00   
      10             12          9.001e+00      7.065e-11      2.065e-06      2.884e-02      0.000e+00      1.000e+01      0.000e+00   
      11             13          9.001e+00      1.811e-11      5.164e-07      2.884e-02      0.000e+00      1.000e+01      0.000e+00   
      12             14          9.001e+00      1.723e-12      1.291e-07      2.884e-02      0.000e+00      1.000e+01      0.000e+00   
      13             27          9.001e+00      0.000e+00      0.000e+00      2.884e-02      0.000e+00      1.000e+01      0.000e+00   
Warning: A bad approximation caused failure to predict improvement.
         Current function value: 9.001e+00
         Constraint violation: 0.000e+00
         Total delta_x: 2.743e-01
         Iterations: 13
         Function evaluations: 27
         Jacobian evaluations: 12
Timer: Solution time = 13.7 min
Timer: Avg time per step = 58.7 sec
==============================================================================================================
                                                                 Start  -->   End
Total (sum of squares):                                      9.001e+00  -->   9.001e+00, 
Plasma volume:                                               5.116e+02  -->   5.398e+02 (m^3)
Plasma volume:                                               0.000e+00  -->   0.000e+00 (normalized error)
Maximum Rotational transform:                                8.334e-16  -->   1.077e-09 (dimensionless)
Minimum Rotational transform:                                8.334e-16  -->   1.077e-09 (dimensionless)
Average Rotational transform:                                8.334e-16  -->   1.077e-09 (dimensionless)
Maximum Rotational transform:                               -1.027e-15  -->   9.117e-10 (dimensionless)
Minimum Rotational transform:                               -1.027e-15  -->   9.117e-10 (dimensionless)
Average Rotational transform:                               -1.027e-15  -->   9.117e-10 (dimensionless)
Maximum Quasi-symmetry (1,0) two-term error:                 5.617e-11  -->   3.432e-07 (T^3)
Minimum Quasi-symmetry (1,0) two-term error:                -5.748e-11  -->  -3.432e-07 (T^3)
Average Quasi-symmetry (1,0) two-term error:                -1.144e-20  -->   8.969e-14 (T^3)
Maximum Quasi-symmetry (1,0) two-term error:                 3.033e-08  -->   1.853e-04 (normalized)
Minimum Quasi-symmetry (1,0) two-term error:                -3.104e-08  -->  -1.853e-04 (normalized)
Average Quasi-symmetry (1,0) two-term error:                -6.179e-18  -->   4.843e-11 (normalized)
Maximum absolute Quadcoil boundary error:                    2.003e-04  -->   2.089e-04 (T*m^2, T^2*m^2, T*m^2)
Minimum absolute Quadcoil boundary error:                    2.448e-16  -->   2.337e-16 (T*m^2, T^2*m^2, T*m^2)
Average absolute Quadcoil boundary error:                    3.240e-05  -->   3.433e-05 (T*m^2, T^2*m^2, T*m^2)
Maximum absolute Quadcoil boundary error:                    2.017e-04  -->   2.104e-04 (normalized)
Minimum absolute Quadcoil boundary error:                    2.466e-16  -->   2.354e-16 (normalized)
Average absolute Quadcoil boundary error:                    3.264e-05  -->   3.458e-05 (normalized)
Maximum absolute Force error:                                2.069e-01  -->   5.975e-01 (N)
Minimum absolute Force error:                                5.200e-05  -->   3.010e-05 (N)
Average absolute Force error:                                2.802e-02  -->   2.901e-02 (N)
Maximum absolute Force error:                                1.213e-07  -->   3.503e-07 (normalized)
Minimum absolute Force error:                                3.049e-11  -->   1.765e-11 (normalized)
Average absolute Force error:                                1.643e-08  -->   1.701e-08 (normalized)
R boundary error:                                            0.000e+00  -->   0.000e+00 (m)
Z boundary error:                                            0.000e+00  -->   0.000e+00 (m)
Fixed current profile error:                                 0.000e+00  -->   0.000e+00 (A)
Fixed pressure profile error:                                0.000e+00  -->   0.000e+00 (Pa)
==============================================================================================================

mem
Post-optimization QS value:  0.0
Post-optimization FBE value: 0.0005982966246250571
Precomputing transforms
Precomputing transforms
mem

====================================
Optimizing boundary modes M,N <= 5
====================================
Pre-optimization QS value:   0.0
Pre-optimization FBE value:  0.0016405915055146992
mem
Building objective: volume
Precomputing transforms
Timer: Precomputing transforms = 30.3 ms
Building objective: rotational transform
Precomputing transforms
Timer: Precomputing transforms = 28.0 ms
Building objective: rotational transform
Precomputing transforms
Timer: Precomputing transforms = 27.7 ms
Timer: Objective build = 102 ms
Building objective: force
Precomputing transforms
Timer: Precomputing transforms = 66.5 ms
Timer: Objective build = 80.1 ms
Timer: Objective build = 1.29 ms
Timer: Eq Update LinearConstraintProjection build = 111 ms
Timer: Proximal projection build = 1.71 sec
Building objective: lcfs R
Building objective: lcfs Z
Building objective: fixed current
Building objective: fixed pressure
Timer: Objective build = 353 ms
Timer: LinearConstraintProjection build = 1.46 sec
Number of parameters: 121
Number of objectives: 2742
Timer: Initializing the optimization = 3.66 sec

Starting optimization
Using method: proximal-lsq-auglag
Solver options:
------------------------------------------------------------
Maximum Function Evaluations       : 2501
Maximum Allowed Total Δx Norm      : inf
Scaled Termination                 : True
Trust Region Method                : qr
Initial Trust Radius               : 1.243e-01
Maximum Trust Radius               : inf
Minimum Trust Radius               : 2.220e-16
Trust Radius Increase Ratio        : 4.000e+00
Trust Radius Decrease Ratio        : 2.500e-01
Trust Radius Increase Threshold    : 7.500e-01
Trust Radius Decrease Threshold    : 5.000e-01
Alpha Omega                        : 1.000e+00
Beta Omega                         : 1.000e+00
Alpha Eta                          : 1.000e-01
Beta Eta                           : 9.000e-01
Omega                              : 1.000e-02
Eta                                : 0.000e+00
Tau                                : 9.000e-01
------------------------------------------------------------ 

   Iteration     Total nfev        Cost      Cost reduction    Step norm     Optimality    Constr viol.   Penalty param  max(|mltplr|) 
       0              1          9.002e+00                                    5.686e-02      0.000e+00      1.000e+01      0.000e+00   
       1              3          9.001e+00      2.218e-04      3.186e-01      5.275e-02      0.000e+00      1.000e+01      0.000e+00   
       2              4          9.001e+00      2.038e-04      5.847e-02      4.638e-02      0.000e+00      1.000e+01      0.000e+00   
       3              5          9.001e+00      2.471e-05      2.235e-02      4.565e-02      0.000e+00      1.000e+01      0.000e+00   
       4              6          9.001e+00      3.948e-06      6.554e-03      4.554e-02      0.000e+00      1.000e+01      0.000e+00   
       5              7          9.001e+00      8.443e-07      1.705e-03      4.552e-02      0.000e+00      1.000e+01      0.000e+00   
       6              8          9.001e+00      2.011e-07      4.304e-04      4.552e-02      0.000e+00      1.000e+01      0.000e+00   
       7              9          9.001e+00      4.970e-08      1.079e-04      4.551e-02      0.000e+00      1.000e+01      0.000e+00   
       8             10          9.001e+00      1.243e-08      2.698e-05      4.551e-02      0.000e+00      1.000e+01      0.000e+00   
       9             11          9.001e+00      3.163e-09      6.746e-06      4.551e-02      0.000e+00      1.000e+01      0.000e+00   
      10             12          9.001e+00      8.428e-10      1.687e-06      4.551e-02      0.000e+00      1.000e+01      0.000e+00   
      11             13          9.001e+00      2.582e-10      4.217e-07      4.551e-02      0.000e+00      1.000e+01      0.000e+00   
      12             14          9.001e+00      1.241e-10      1.054e-07      4.551e-02      0.000e+00      1.000e+01      0.000e+00   
      13             15          9.001e+00      8.214e-11      2.635e-08      4.551e-02      0.000e+00      1.000e+01      0.000e+00   
Optimization terminated successfully.
`ftol` condition satisfied. (ftol=1.00e-05)
`xtol` condition satisfied. (xtol=1.00e-06)
         Current function value: 9.001e+00
         Constraint violation: 0.000e+00
         Total delta_x: 3.325e-01
         Iterations: 13
         Function evaluations: 15
         Jacobian evaluations: 13
Timer: Solution time = 11.8 min
Timer: Avg time per step = 50.9 sec
==============================================================================================================
                                                                 Start  -->   End
Total (sum of squares):                                      9.002e+00  -->   9.001e+00, 
Plasma volume:                                               5.398e+02  -->   5.346e+02 (m^3)
Plasma volume:                                               0.000e+00  -->   0.000e+00 (normalized error)
Maximum Rotational transform:                                1.077e-09  -->   5.828e-09 (dimensionless)
Minimum Rotational transform:                                1.077e-09  -->   5.828e-09 (dimensionless)
Average Rotational transform:                                1.077e-09  -->   5.828e-09 (dimensionless)
Maximum Rotational transform:                                9.117e-10  -->   4.536e-09 (dimensionless)
Minimum Rotational transform:                                9.117e-10  -->   4.536e-09 (dimensionless)
Average Rotational transform:                                9.117e-10  -->   4.536e-09 (dimensionless)
Maximum Quasi-symmetry (1,0) two-term error:                 3.432e-07  -->   6.400e-07 (T^3)
Minimum Quasi-symmetry (1,0) two-term error:                -3.432e-07  -->  -6.392e-07 (T^3)
Average Quasi-symmetry (1,0) two-term error:                 8.969e-14  -->   8.835e-14 (T^3)
Maximum Quasi-symmetry (1,0) two-term error:                 4.202e-04  -->   7.835e-04 (normalized)
Minimum Quasi-symmetry (1,0) two-term error:                -4.201e-04  -->  -7.825e-04 (normalized)
Average Quasi-symmetry (1,0) two-term error:                 1.098e-10  -->   1.082e-10 (normalized)
Maximum absolute Quadcoil boundary error:                    2.234e-04  -->   2.605e-04 (T*m^2, T^2*m^2, T*m^2)
Minimum absolute Quadcoil boundary error:                    2.726e-16  -->   2.239e-16 (T*m^2, T^2*m^2, T*m^2)
Average absolute Quadcoil boundary error:                    2.553e-05  -->   2.808e-05 (T*m^2, T^2*m^2, T*m^2)
Maximum absolute Quadcoil boundary error:                    2.981e-04  -->   3.476e-04 (normalized)
Minimum absolute Quadcoil boundary error:                    3.638e-16  -->   2.987e-16 (normalized)
Average absolute Quadcoil boundary error:                    3.407e-05  -->   3.747e-05 (normalized)
Maximum absolute Force error:                                5.975e-01  -->   4.186e-01 (N)
Minimum absolute Force error:                                3.010e-05  -->   5.676e-06 (N)
Average absolute Force error:                                2.901e-02  -->   1.883e-02 (N)
Maximum absolute Force error:                                5.937e-07  -->   4.159e-07 (normalized)
Minimum absolute Force error:                                2.991e-11  -->   5.640e-12 (normalized)
Average absolute Force error:                                2.883e-08  -->   1.871e-08 (normalized)
R boundary error:                                            0.000e+00  -->   0.000e+00 (m)
Z boundary error:                                            0.000e+00  -->   0.000e+00 (m)
Fixed current profile error:                                 0.000e+00  -->   0.000e+00 (A)
Fixed pressure profile error:                                0.000e+00  -->   0.000e+00 (Pa)
==============================================================================================================

mem
Post-optimization QS value:  0.0
Post-optimization FBE value: 0.001185995026484211
Precomputing transforms
Precomputing transforms
mem

====================================
Optimizing boundary modes M,N <= 7
====================================
Pre-optimization QS value:   0.0
Pre-optimization FBE value:  0.0023336447706476687
mem
Building objective: volume
Precomputing transforms
Timer: Precomputing transforms = 31.9 ms
Building objective: rotational transform
Precomputing transforms
Timer: Precomputing transforms = 28.6 ms
Building objective: rotational transform
Precomputing transforms
Timer: Precomputing transforms = 28.0 ms
Timer: Objective build = 105 ms
Building objective: force
Precomputing transforms
Timer: Precomputing transforms = 68.2 ms
Timer: Objective build = 81.6 ms
Timer: Objective build = 1.32 ms
Timer: Eq Update LinearConstraintProjection build = 106 ms
Timer: Proximal projection build = 1.81 sec
Building objective: lcfs R
Building objective: lcfs Z
Building objective: fixed current
Building objective: fixed pressure
Timer: Objective build = 258 ms
Timer: LinearConstraintProjection build = 1.45 sec
Number of parameters: 225
Number of objectives: 2742
Timer: Initializing the optimization = 3.68 sec

Starting optimization
Using method: proximal-lsq-auglag
Solver options:
------------------------------------------------------------
Maximum Function Evaluations       : 2501
Maximum Allowed Total Δx Norm      : inf
Scaled Termination                 : True
Trust Region Method                : qr
Initial Trust Radius               : 9.333e-02
Maximum Trust Radius               : inf
Minimum Trust Radius               : 2.220e-16
Trust Radius Increase Ratio        : 4.000e+00
Trust Radius Decrease Ratio        : 2.500e-01
Trust Radius Increase Threshold    : 7.500e-01
Trust Radius Decrease Threshold    : 5.000e-01
Alpha Omega                        : 1.000e+00
Beta Omega                         : 1.000e+00
Alpha Eta                          : 1.000e-01
Beta Eta                           : 9.000e-01
Omega                              : 1.000e-02
Eta                                : 0.000e+00
Tau                                : 9.000e-01
------------------------------------------------------------ 

   Iteration     Total nfev        Cost      Cost reduction    Step norm     Optimality    Constr viol.   Penalty param  max(|mltplr|) 
       0              1          9.002e+00                                    6.778e-02      0.000e+00      1.000e+01      0.000e+00   
       1              4          9.002e+00      1.340e-04      6.517e-02      6.474e-02      0.000e+00      1.000e+01      0.000e+00   
       2              5          9.002e+00      2.904e-05      1.557e-02      6.406e-02      0.000e+00      1.000e+01      0.000e+00   
       3              6          9.002e+00      7.433e-06      3.708e-03      6.388e-02      0.000e+00      1.000e+01      0.000e+00   
       4              7          9.002e+00      1.868e-06      9.152e-04      6.383e-02      0.000e+00      1.000e+01      0.000e+00   
       5              8          9.002e+00      4.673e-07      2.281e-04      6.382e-02      0.000e+00      1.000e+01      0.000e+00   
       6              9          9.002e+00      1.169e-07      5.697e-05      6.382e-02      0.000e+00      1.000e+01      0.000e+00   
