Job ID:         16058725
Nodes:          1
CPUs per task:  4
Start time:     Wed Aug 19 21:09:43 EDT 2026
Building objective: force
Precomputing transforms
Timer: Precomputing transforms = 894 ms
Timer: Objective build = 1.58 sec
Building objective: lcfs R
Building objective: lcfs Z
Building objective: fixed Psi
Building objective: fixed current
Building objective: fixed electron density
Building objective: fixed electron temperature
Building objective: fixed ion temperature
Building objective: fixed atomic number
Building objective: fixed sheet current
Building objective: self_consistency R
Building objective: self_consistency Z
Building objective: lambda gauge
Building objective: axis R self consistency
Building objective: axis Z self consistency
Timer: Objective build = 792 ms
Timer: LinearConstraintProjection build = 3.95 sec
Number of parameters: 856
Number of objectives: 5346
Timer: Initializing the optimization = 6.41 sec

Starting optimization
Using method: lsq-exact
Solver options:
------------------------------------------------------------
Maximum Function Evaluations       : 501
Maximum Allowed Total Δx Norm      : inf
Scaled Termination                 : True
Trust Region Method                : qr
Initial Trust Radius               : 1.478e+02
Maximum Trust Radius               : inf
Minimum Trust Radius               : 2.220e-16
Trust Radius Increase Ratio        : 2.000e+00
Trust Radius Decrease Ratio        : 2.500e-01
Trust Radius Increase Threshold    : 7.500e-01
Trust Radius Decrease Threshold    : 2.500e-01
------------------------------------------------------------ 

   Iteration     Total nfev        Cost      Cost reduction    Step norm     Optimality   
       0              1          3.411e-03                                    6.362e-02   
       1              2          1.037e-03      2.374e-03      2.369e-01      1.642e-02   
       2              3          2.607e-05      1.011e-03      4.767e-02      2.900e-03   
       3              5          1.798e-06      2.427e-05      2.870e-02      6.323e-04   
       4              7          2.963e-07      1.502e-06      1.450e-02      1.555e-04   
       5              9          1.787e-07      1.176e-07      6.386e-03      2.384e-05   
       6             11          1.709e-07      7.775e-09      3.216e-03      6.868e-06   
       7             13          1.693e-07      1.691e-09      1.568e-03      1.588e-06   
Optimization terminated successfully.
`ftol` condition satisfied. (ftol=1.00e-02)
         Current function value: 1.693e-07
         Total delta_x: 2.422e-01
         Iterations: 7
         Function evaluations: 13
         Jacobian evaluations: 8
Timer: Solution time = 14.3 sec
Timer: Avg time per step = 1.80 sec
==============================================================================================================
                                                                 Start  -->   End
Total (sum of squares):                                      3.411e-03  -->   1.693e-07, 
Maximum absolute Force error:                                3.361e+07  -->   6.518e+05 (N)
Minimum absolute Force error:                                6.923e+02  -->   4.988e+00 (N)
Average absolute Force error:                                3.352e+06  -->   2.991e+04 (N)
Maximum absolute Force error:                                9.065e-03  -->   1.758e-04 (normalized)
Minimum absolute Force error:                                1.867e-07  -->   1.345e-09 (normalized)
Average absolute Force error:                                9.041e-04  -->   8.066e-06 (normalized)
R boundary error:                                            0.000e+00  -->   1.119e-16 (m)
Z boundary error:                                            0.000e+00  -->   2.861e-17 (m)
Fixed Psi error:                                             0.000e+00  -->   0.000e+00 (Wb)
Fixed current profile error:                                 0.000e+00  -->   0.000e+00 (A)
Fixed electron density profile error:                        0.000e+00  -->   0.000e+00 (m^-3)
Fixed electron temperature profile error:                    0.000e+00  -->   0.000e+00 (eV)
Fixed ion temperature profile error:                         0.000e+00  -->   0.000e+00 (eV)
Fixed atomic number profile error:                           0.000e+00  -->   0.000e+00 (dimensionless)
Fixed sheet current error:                                   0.000e+00  -->   0.000e+00 (~)
==============================================================================================================

Precomputing transforms
Precomputing transforms
Boundary mode steps: range(3, 9)
Precomputing transforms
Precomputing transforms

==================================
Optimizing boundary modes M,N <= 3
====================================
Building objective: volume
Precomputing transforms
Timer: Precomputing transforms = 26.8 ms
Building objective: rotational transform
Precomputing transforms
Timer: Precomputing transforms = 26.5 ms
Building objective: rotational transform
Precomputing transforms
Timer: Precomputing transforms = 26.2 ms
Timer: Objective build = 212 ms
Building objective: force
Precomputing transforms
Timer: Precomputing transforms = 66.1 ms
Timer: Objective build = 85.9 ms
Timer: Objective build = 1.10 ms
Timer: Eq Update LinearConstraintProjection build = 280 ms
Timer: Proximal projection build = 4.21 sec
Building objective: lcfs R
Building objective: lcfs Z
Building objective: fixed Psi
Building objective: fixed current
Timer: Objective build = 334 ms
Timer: LinearConstraintProjection build = 1.65 sec
Number of parameters: 69
Number of objectives: 565
Timer: Initializing the optimization = 6.32 sec

Starting optimization
Using method: proximal-lsq-auglag
Solver options:
------------------------------------------------------------
Maximum Function Evaluations       : 2501
Maximum Allowed Total Δx Norm      : inf
Scaled Termination                 : True
Trust Region Method                : qr
Initial Trust Radius               : 5.630e-02
Maximum Trust Radius               : inf
Minimum Trust Radius               : 2.220e-16
Trust Radius Increase Ratio        : 4.000e+00
Trust Radius Decrease Ratio        : 2.500e-01
Trust Radius Increase Threshold    : 7.500e-01
Trust Radius Decrease Threshold    : 5.000e-01
Alpha Omega                        : 1.000e+00
Beta Omega                         : 1.000e+00
Alpha Eta                          : 1.000e-01
Beta Eta                           : 9.000e-01
Omega                              : 1.000e-02
Eta                                : 0.000e+00
Tau                                : 9.000e-01
------------------------------------------------------------ 

   Iteration     Total nfev        Cost      Cost reduction    Step norm     Optimality    Constr viol.   Penalty param  max(|mltplr|) 
       0              1          5.000e+01                                    8.782e+00      0.000e+00      1.000e+01      0.000e+00   
       1              7          4.997e+01      3.188e-02      4.902e-02      4.186e+00      0.000e+00      1.000e+01      0.000e+00   
Optimization terminated successfully.
`xtol` condition satisfied. (xtol=1.00e-06)
         Current function value: 4.997e+01
         Constraint violation: 0.000e+00
         Total delta_x: 4.902e-02
         Iterations: 1
         Function evaluations: 7
         Jacobian evaluations: 1
Timer: Solution time = 3.08 min
Timer: Avg time per step = 1.54 min
==============================================================================================================
                                                                 Start  -->   End
Total (sum of squares):                                      5.000e+01  -->   4.997e+01, 
Plasma volume:                                               5.819e+02  -->   5.819e+02 (m^3)
Plasma volume:                                               0.000e+00  -->   1.095e-04 (normalized error)
Maximum Rotational transform:                                3.755e-01  -->   3.769e-01 (dimensionless)
Minimum Rotational transform:                                3.755e-01  -->   3.769e-01 (dimensionless)
Average Rotational transform:                                3.755e-01  -->   3.769e-01 (dimensionless)
Maximum Rotational transform:                                4.297e-01  -->   4.292e-01 (dimensionless)
Minimum Rotational transform:                                4.297e-01  -->   4.292e-01 (dimensionless)
Average Rotational transform:                                4.297e-01  -->   4.292e-01 (dimensionless)
Maximum Quasi-symmetry error:                                6.181e-02  -->   6.699e-02 (T^4/m^2)
Minimum Quasi-symmetry error:                               -2.685e-02  -->  -3.024e-02 (T^4/m^2)
Average Quasi-symmetry error:                                5.791e-04  -->   6.018e-04 (T^4/m^2)
Maximum Quasi-symmetry error:                                4.612e-04  -->   4.999e-04 (normalized)
Minimum Quasi-symmetry error:                               -2.003e-04  -->  -2.257e-04 (normalized)
Average Quasi-symmetry error:                                4.322e-06  -->   4.491e-06 (normalized)
Maximum absolute QUADCOIL subproblem:                        1.000e+01  -->   9.991e+00 N/A
Minimum absolute QUADCOIL subproblem:                        1.000e+01  -->   9.991e+00 N/A
Average absolute QUADCOIL subproblem:                        1.000e+01  -->   9.991e+00 N/A
Maximum absolute Force error:                                6.518e+05  -->   6.377e+05 (N)
Minimum absolute Force error:                                4.988e+00  -->   4.116e+00 (N)
Average absolute Force error:                                2.991e+04  -->   2.854e+04 (N)
Maximum absolute Force error:                                1.758e-04  -->   1.720e-04 (normalized)
Minimum absolute Force error:                                1.345e-09  -->   1.110e-09 (normalized)
Average absolute Force error:                                8.066e-06  -->   7.698e-06 (normalized)
R boundary error:                                            6.506e-19  -->   6.415e-19 (m)
Z boundary error:                                            3.353e-19  -->   3.342e-19 (m)
Fixed Psi error:                                             0.000e+00  -->   0.000e+00 (Wb)
Fixed current profile error:                                 0.000e+00  -->   0.000e+00 (A)
==============================================================================================================

Pre-optimization QS value: 0.0
Pre-optimization quadcoil value: 49.99999999994453
Post-optimization QS value: 0.052509252983620545
Post-optimization quadcoil value: 49.91484252435601
Precomputing transforms
Precomputing transforms

==================================
Optimizing boundary modes M,N <= 4
====================================
Building objective: volume
Precomputing transforms
Timer: Precomputing transforms = 30.0 ms
Building objective: rotational transform
Precomputing transforms
Timer: Precomputing transforms = 26.9 ms
Building objective: rotational transform
Precomputing transforms
Timer: Precomputing transforms = 26.7 ms
Timer: Objective build = 106 ms
Building objective: force
Precomputing transforms
Timer: Precomputing transforms = 68.1 ms
Timer: Objective build = 88.7 ms
Timer: Objective build = 1.09 ms
Timer: Eq Update LinearConstraintProjection build = 123 ms
Timer: Proximal projection build = 2.04 sec
Building objective: lcfs R
Building objective: lcfs Z
Building objective: fixed Psi
Building objective: fixed current
Timer: Objective build = 400 ms
Timer: LinearConstraintProjection build = 1.46 sec
Number of parameters: 101
Number of objectives: 565
Timer: Initializing the optimization = 4.05 sec

Starting optimization
Using method: proximal-lsq-auglag
Solver options:
------------------------------------------------------------
Maximum Function Evaluations       : 2501
Maximum Allowed Total Δx Norm      : inf
Scaled Termination                 : True
Trust Region Method                : qr
Initial Trust Radius               : 1.325e-01
Maximum Trust Radius               : inf
Minimum Trust Radius               : 2.220e-16
Trust Radius Increase Ratio        : 4.000e+00
Trust Radius Decrease Ratio        : 2.500e-01
Trust Radius Increase Threshold    : 7.500e-01
Trust Radius Decrease Threshold    : 5.000e-01
Alpha Omega                        : 1.000e+00
Beta Omega                         : 1.000e+00
Alpha Eta                          : 1.000e-01
Beta Eta                           : 9.000e-01
Omega                              : 1.000e-02
Eta                                : 0.000e+00
Tau                                : 9.000e-01
------------------------------------------------------------ 

   Iteration     Total nfev        Cost      Cost reduction    Step norm     Optimality    Constr viol.   Penalty param  max(|mltplr|) 
       0              1          4.997e+01                                    4.165e+00      0.000e+00      1.000e+01      0.000e+00   
       1              2          4.911e+01      8.595e-01      5.213e+02      3.515e+00      0.000e+00      1.000e+01      0.000e+00   
       2              3          4.667e+01      2.435e+00      2.437e+03      1.438e+00      0.000e+00      1.000e+01      0.000e+00   
       3              4          4.561e+01      1.059e+00      4.663e+02      9.338e-01      0.000e+00      1.000e+01      0.000e+00   
       4              7          4.558e+01      3.615e-02      4.542e+01      1.014e+00      0.000e+00      1.000e+01      0.000e+00   
       5             31          4.558e+01      0.000e+00      0.000e+00      1.014e+00      0.000e+00      1.000e+01      0.000e+00   
Warning: A bad approximation caused failure to predict improvement.
         Current function value: 4.558e+01
         Constraint violation: 0.000e+00
         Total delta_x: 2.574e+03
         Iterations: 5
         Function evaluations: 31
         Jacobian evaluations: 4
Timer: Solution time = 3.38 min
Timer: Avg time per step = 33.8 sec
==============================================================================================================
                                                                 Start  -->   End
Total (sum of squares):                                      4.997e+01  -->   4.558e+01, 
Plasma volume:                                               5.819e+02  -->   5.832e+02 (m^3)
Plasma volume:                                               1.095e-04  -->   4.958e-02 (normalized error)
Maximum Rotational transform:                                3.770e-01  -->   3.795e-01 (dimensionless)
Minimum Rotational transform:                                3.770e-01  -->   3.795e-01 (dimensionless)
Average Rotational transform:                                3.770e-01  -->   3.795e-01 (dimensionless)
Maximum Rotational transform:                                4.291e-01  -->   4.284e-01 (dimensionless)
Minimum Rotational transform:                                4.291e-01  -->   4.284e-01 (dimensionless)
Average Rotational transform:                                4.291e-01  -->   4.284e-01 (dimensionless)
Maximum Quasi-symmetry error:                                6.699e-02  -->   4.347e-02 (T^4/m^2)
Minimum Quasi-symmetry error:                               -3.024e-02  -->  -4.563e-02 (T^4/m^2)
Average Quasi-symmetry error:                                6.018e-04  -->  -1.200e-04 (T^4/m^2)
Maximum Quasi-symmetry error:                                4.999e-04  -->   3.244e-04 (normalized)
Minimum Quasi-symmetry error:                               -2.257e-04  -->  -3.405e-04 (normalized)
Average Quasi-symmetry error:                                4.491e-06  -->  -8.957e-07 (normalized)
Maximum absolute QUADCOIL subproblem:                        9.991e+00  -->   9.435e+00 N/A
Minimum absolute QUADCOIL subproblem:                        9.991e+00  -->   9.435e+00 N/A
Average absolute QUADCOIL subproblem:                        9.991e+00  -->   9.435e+00 N/A
Maximum absolute Force error:                                6.377e+05  -->   4.214e+06 (N)
Minimum absolute Force error:                                4.116e+00  -->   9.736e+01 (N)
Average absolute Force error:                                2.854e+04  -->   1.494e+05 (N)
Maximum absolute Force error:                                1.720e-04  -->   1.137e-03 (normalized)
Minimum absolute Force error:                                1.110e-09  -->   2.626e-08 (normalized)
Average absolute Force error:                                7.698e-06  -->   4.028e-05 (normalized)
R boundary error:                                            1.451e-19  -->   5.783e-19 (m)
Z boundary error:                                            4.367e-20  -->   1.473e-19 (m)
Fixed Psi error:                                             0.000e+00  -->   0.000e+00 (Wb)
Fixed current profile error:                                 0.000e+00  -->   0.000e+00 (A)
==============================================================================================================

Pre-optimization QS value: 0.052505463632640095
Pre-optimization quadcoil value: 49.91484252435601
Post-optimization QS value: 1.0585987087261564
Post-optimization quadcoil value: 44.511011081545035
Precomputing transforms
Precomputing transforms

==================================
Optimizing boundary modes M,N <= 5
====================================
Building objective: volume
Precomputing transforms
Timer: Precomputing transforms = 29.4 ms
Building objective: rotational transform
Precomputing transforms
Timer: Precomputing transforms = 27.2 ms
Building objective: rotational transform
Precomputing transforms
Timer: Precomputing transforms = 27.1 ms
Timer: Objective build = 107 ms
Building objective: force
Precomputing transforms
Timer: Precomputing transforms = 69.4 ms
Timer: Objective build = 90.1 ms
Timer: Objective build = 1.09 ms
Timer: Eq Update LinearConstraintProjection build = 115 ms
Timer: Proximal projection build = 2.14 sec
Building objective: lcfs R
Building objective: lcfs Z
Building objective: fixed Psi
Building objective: fixed current
Timer: Objective build = 379 ms
Timer: LinearConstraintProjection build = 1.46 sec
Number of parameters: 141
Number of objectives: 565
Timer: Initializing the optimization = 4.12 sec

Starting optimization
Using method: proximal-lsq-auglag
Solver options:
------------------------------------------------------------
Maximum Function Evaluations       : 2501
Maximum Allowed Total Δx Norm      : inf
Scaled Termination                 : True
Trust Region Method                : qr
Initial Trust Radius               : 7.603e-02
Maximum Trust Radius               : inf
Minimum Trust Radius               : 2.220e-16
Trust Radius Increase Ratio        : 4.000e+00
Trust Radius Decrease Ratio        : 2.500e-01
Trust Radius Increase Threshold    : 7.500e-01
Trust Radius Decrease Threshold    : 5.000e-01
Alpha Omega                        : 1.000e+00
Beta Omega                         : 1.000e+00
Alpha Eta                          : 1.000e-01
Beta Eta                           : 9.000e-01
Omega                              : 1.000e-02
Eta                                : 0.000e+00
Tau                                : 9.000e-01
------------------------------------------------------------ 

   Iteration     Total nfev        Cost      Cost reduction    Step norm     Optimality    Constr viol.   Penalty param  max(|mltplr|) 
       0              1          4.563e+01                                    1.109e+00      0.000e+00      1.000e+01      0.000e+00   
       1             27          4.563e+01      0.000e+00      0.000e+00      1.109e+00      0.000e+00      1.000e+01      0.000e+00   
Warning: A bad approximation caused failure to predict improvement.
         Current function value: 4.563e+01
         Constraint violation: 0.000e+00
         Total delta_x: 0.000e+00
         Iterations: 1
         Function evaluations: 27
         Jacobian evaluations: 0
Timer: Solution time = 3.00 min
Timer: Avg time per step = 1.50 min
==============================================================================================================
                                                                 Start  -->   End
Total (sum of squares):                                      4.563e+01  -->   4.563e+01, 
Plasma volume:                                               5.832e+02  -->   5.832e+02 (m^3)
Plasma volume:                                               4.955e-02  -->   4.955e-02 (normalized error)
Maximum Rotational transform:                                3.801e-01  -->   3.801e-01 (dimensionless)
Minimum Rotational transform:                                3.801e-01  -->   3.801e-01 (dimensionless)
Average Rotational transform:                                3.801e-01  -->   3.801e-01 (dimensionless)
Maximum Rotational transform:                                4.285e-01  -->   4.285e-01 (dimensionless)
Minimum Rotational transform:                                4.285e-01  -->   4.285e-01 (dimensionless)
Average Rotational transform:                                4.285e-01  -->   4.285e-01 (dimensionless)
Maximum Quasi-symmetry error:                                4.347e-02  -->   4.345e-02 (T^4/m^2)
Minimum Quasi-symmetry error:                               -4.563e-02  -->  -4.627e-02 (T^4/m^2)
Average Quasi-symmetry error:                               -1.200e-04  -->  -1.273e-04 (T^4/m^2)
Maximum Quasi-symmetry error:                                3.256e-04  -->   3.255e-04 (normalized)
Minimum Quasi-symmetry error:                               -3.418e-04  -->  -3.466e-04 (normalized)
Average Quasi-symmetry error:                               -8.992e-07  -->  -9.533e-07 (normalized)
Maximum absolute QUADCOIL subproblem:                        9.435e+00  -->   9.435e+00 N/A
Minimum absolute QUADCOIL subproblem:                        9.435e+00  -->   9.435e+00 N/A
Average absolute QUADCOIL subproblem:                        9.435e+00  -->   9.435e+00 N/A
Maximum absolute Force error:                                4.214e+06  -->   4.199e+06 (N)
Minimum absolute Force error:                                9.736e+01  -->   3.505e+01 (N)
Average absolute Force error:                                1.494e+05  -->   1.493e+05 (N)
Maximum absolute Force error:                                1.138e-03  -->   1.134e-03 (normalized)
Minimum absolute Force error:                                2.629e-08  -->   9.463e-09 (normalized)
Average absolute Force error:                                4.033e-05  -->   4.031e-05 (normalized)
R boundary error:                                            3.395e-21  -->   0.000e+00 (m)
Z boundary error:                                            3.388e-21  -->   0.000e+00 (m)
Fixed Psi error:                                             0.000e+00  -->   0.000e+00 (Wb)
Fixed current profile error:                                 0.000e+00  -->   0.000e+00 (A)
==============================================================================================================

Pre-optimization QS value: 1.071871119260096
Pre-optimization quadcoil value: 44.511011081545035
Post-optimization QS value: 1.1044914264791028
Post-optimization quadcoil value: 44.510298912420154
Precomputing transforms
Precomputing transforms

==================================
Optimizing boundary modes M,N <= 6
====================================
Building objective: volume
Precomputing transforms
Timer: Precomputing transforms = 29.1 ms
Building objective: rotational transform
Precomputing transforms
Timer: Precomputing transforms = 27.1 ms
Building objective: rotational transform
Precomputing transforms
Timer: Precomputing transforms = 26.7 ms
Timer: Objective build = 106 ms
Building objective: force
Precomputing transforms
Timer: Precomputing transforms = 68.6 ms
Timer: Objective build = 89.3 ms
Timer: Objective build = 1.09 ms
Timer: Eq Update LinearConstraintProjection build = 120 ms
Timer: Proximal projection build = 2.08 sec
Building objective: lcfs R
Building objective: lcfs Z
Building objective: fixed Psi
Building objective: fixed current
Timer: Objective build = 383 ms
Timer: LinearConstraintProjection build = 2.45 sec
Number of parameters: 189
Number of objectives: 565
Timer: Initializing the optimization = 5.06 sec

Starting optimization
Using method: proximal-lsq-auglag
Solver options:
------------------------------------------------------------
Maximum Function Evaluations       : 2501
Maximum Allowed Total Δx Norm      : inf
Scaled Termination                 : True
Trust Region Method                : qr
Initial Trust Radius               : 5.031e-02
Maximum Trust Radius               : inf
Minimum Trust Radius               : 2.220e-16
Trust Radius Increase Ratio        : 4.000e+00
Trust Radius Decrease Ratio        : 2.500e-01
Trust Radius Increase Threshold    : 7.500e-01
Trust Radius Decrease Threshold    : 5.000e-01
Alpha Omega                        : 1.000e+00
Beta Omega                         : 1.000e+00
Alpha Eta                          : 1.000e-01
Beta Eta                           : 9.000e-01
Omega                              : 1.000e-02
Eta                                : 0.000e+00
Tau                                : 9.000e-01
------------------------------------------------------------ 

   Iteration     Total nfev        Cost      Cost reduction    Step norm     Optimality    Constr viol.   Penalty param  max(|mltplr|) 
       0              1          4.564e+01                                    1.101e+00      0.000e+00      1.000e+01      0.000e+00   
       1              2          4.526e+01      3.788e-01      6.935e-02      9.439e-01      0.000e+00      1.000e+01      0.000e+00   
       2              3          4.441e+01      8.460e-01      4.100e-01      1.004e+00      0.000e+00      1.000e+01      0.000e+00   
       3              5          4.437e+01      4.059e-02      2.938e-01      8.925e-01      0.000e+00      1.000e+01      0.000e+00   
       4              6          4.421e+01      1.636e-01      4.508e-02      8.253e-01      0.000e+00      1.000e+01      0.000e+00   
       5              7          4.411e+01      9.912e-02      2.091e-01      8.375e-01      0.000e+00      1.000e+01      0.000e+00   
       6              8          4.374e+01      3.695e-01      8.808e-02      8.673e-01      0.000e+00      1.000e+01      0.000e+00   
       7              9          4.327e+01      4.689e-01      2.080e-01      1.076e+00      0.000e+00      1.000e+01      0.000e+00   
       8             10          4.290e+01      3.733e-01      1.740e-01      1.094e+00      0.000e+00      1.000e+01      0.000e+00   
       9             11          4.231e+01      5.819e-01      2.852e-01      1.318e+00      0.000e+00      1.000e+01      0.000e+00   
      10             13          4.212e+01      1.929e-01      1.786e-01      1.112e+00      0.000e+00      1.000e+01      0.000e+00   
      11             14          4.202e+01      1.036e-01      3.142e-02      1.086e+00      0.000e+00      1.000e+01      0.000e+00   
      12             15          4.200e+01      1.805e-02      3.379e-02      9.403e-01      0.000e+00      1.000e+01      0.000e+00   
      13             16          4.196e+01      4.392e-02      7.954e-03      1.040e+00      0.000e+00      1.000e+01      0.000e+00   
      14             41          4.196e+01      0.000e+00      0.000e+00      1.040e+00      0.000e+00      1.000e+01      0.000e+00   
Warning: A bad approximation caused failure to predict improvement.
         Current function value: 4.196e+01
         Constraint violation: 0.000e+00
         Total delta_x: 1.734e+00
         Iterations: 14
         Function evaluations: 41
         Jacobian evaluations: 13
Timer: Solution time = 4.08 min
Timer: Avg time per step = 16.3 sec
==============================================================================================================
                                                                 Start  -->   End
Total (sum of squares):                                      4.564e+01  -->   4.196e+01, 
Plasma volume:                                               5.832e+02  -->   5.841e+02 (m^3)
Plasma volume:                                               4.955e-02  -->   8.152e-02 (normalized error)
Maximum Rotational transform:                                3.798e-01  -->   3.668e-01 (dimensionless)
Minimum Rotational transform:                                3.798e-01  -->   3.668e-01 (dimensionless)
Average Rotational transform:                                3.798e-01  -->   3.668e-01 (dimensionless)
Maximum Rotational transform:                                4.284e-01  -->   4.163e-01 (dimensionless)
Minimum Rotational transform:                                4.284e-01  -->   4.163e-01 (dimensionless)
Average Rotational transform:                                4.284e-01  -->   4.163e-01 (dimensionless)
Maximum Quasi-symmetry error:                                4.345e-02  -->   7.493e-02 (T^4/m^2)
Minimum Quasi-symmetry error:                               -4.627e-02  -->  -8.038e-02 (T^4/m^2)
Average Quasi-symmetry error:                               -1.273e-04  -->  -2.872e-04 (T^4/m^2)
Maximum Quasi-symmetry error:                                3.255e-04  -->   5.613e-04 (normalized)
Minimum Quasi-symmetry error:                               -3.466e-04  -->  -6.022e-04 (normalized)
Average Quasi-symmetry error:                               -9.533e-07  -->  -2.151e-06 (normalized)
Maximum absolute QUADCOIL subproblem:                        9.435e+00  -->   9.065e+00 N/A
Minimum absolute QUADCOIL subproblem:                        9.435e+00  -->   9.065e+00 N/A
Average absolute QUADCOIL subproblem:                        9.435e+00  -->   9.065e+00 N/A
Maximum absolute Force error:                                4.199e+06  -->   7.947e+06 (N)
Minimum absolute Force error:                                3.505e+01  -->   1.064e+02 (N)
Average absolute Force error:                                1.493e+05  -->   2.622e+05 (N)
Maximum absolute Force error:                                1.134e-03  -->   2.146e-03 (normalized)
Minimum absolute Force error:                                9.463e-09  -->   2.873e-08 (normalized)
Average absolute Force error:                                4.031e-05  -->   7.079e-05 (normalized)
R boundary error:                                            2.118e-22  -->   2.118e-22 (m)
Z boundary error:                                            3.388e-21  -->   6.776e-21 (m)
Fixed Psi error:                                             0.000e+00  -->   0.000e+00 (Wb)
Fixed current profile error:                                 0.000e+00  -->   0.000e+00 (A)
==============================================================================================================

Pre-optimization QS value: 1.1044914264791028
Pre-optimization quadcoil value: 44.510298912420154
Post-optimization QS value: 0.7473632730987836
Post-optimization quadcoil value: 41.08472399115985
Precomputing transforms
Precomputing transforms

==================================
Optimizing boundary modes M,N <= 7
====================================
Building objective: volume
Precomputing transforms
Timer: Precomputing transforms = 29.4 ms
Building objective: rotational transform
Precomputing transforms
Timer: Precomputing transforms = 27.4 ms
Building objective: rotational transform
Precomputing transforms
Timer: Precomputing transforms = 27.3 ms
Timer: Objective build = 108 ms
Building objective: force
Precomputing transforms
Timer: Precomputing transforms = 69.8 ms
Timer: Objective build = 89.7 ms
Timer: Objective build = 1.09 ms
Timer: Eq Update LinearConstraintProjection build = 117 ms
Timer: Proximal projection build = 2.07 sec
Building objective: lcfs R
Building objective: lcfs Z
Building objective: fixed Psi
Building objective: fixed current
Timer: Objective build = 292 ms
Timer: LinearConstraintProjection build = 1.44 sec
Number of parameters: 245
Number of objectives: 565
Timer: Initializing the optimization = 3.94 sec

Starting optimization
Using method: proximal-lsq-auglag
Solver options:
------------------------------------------------------------
Maximum Function Evaluations       : 2501
Maximum Allowed Total Δx Norm      : inf
Scaled Termination                 : True
Trust Region Method                : qr
Initial Trust Radius               : 8.483e-02
Maximum Trust Radius               : inf
Minimum Trust Radius               : 2.220e-16
Trust Radius Increase Ratio        : 4.000e+00
Trust Radius Decrease Ratio        : 2.500e-01
Trust Radius Increase Threshold    : 7.500e-01
Trust Radius Decrease Threshold    : 5.000e-01
Alpha Omega                        : 1.000e+00
Beta Omega                         : 1.000e+00
Alpha Eta                          : 1.000e-01
Beta Eta                           : 9.000e-01
Omega                              : 1.000e-02
Eta                                : 0.000e+00
Tau                                : 9.000e-01
------------------------------------------------------------ 

   Iteration     Total nfev        Cost      Cost reduction    Step norm     Optimality    Constr viol.   Penalty param  max(|mltplr|) 
       0              1          4.200e+01                                    9.823e-01      0.000e+00      1.000e+01      0.000e+00   
       1              3          4.196e+01      3.913e-02      3.171e-01      1.004e+00      0.000e+00      1.000e+01      0.000e+00   
       2              4          4.193e+01      3.263e-02      2.221e-01      9.872e-01      0.000e+00      1.000e+01      0.000e+00   
       3             28          4.193e+01      0.000e+00      0.000e+00      9.872e-01      0.000e+00      1.000e+01      0.000e+00   
Warning: A bad approximation caused failure to predict improvement.
         Current function value: 4.193e+01
         Constraint violation: 0.000e+00
         Total delta_x: 1.037e-01
         Iterations: 3
         Function evaluations: 28
         Jacobian evaluations: 2
Timer: Solution time = 3.13 min
Timer: Avg time per step = 47.0 sec
==============================================================================================================
                                                                 Start  -->   End
Total (sum of squares):                                      4.200e+01  -->   4.193e+01, 
Plasma volume:                                               5.841e+02  -->   5.841e+02 (m^3)
Plasma volume:                                               8.147e-02  -->   8.213e-02 (normalized error)
Maximum Rotational transform:                                3.661e-01  -->   3.658e-01 (dimensionless)
Minimum Rotational transform:                                3.661e-01  -->   3.658e-01 (dimensionless)
Average Rotational transform:                                3.661e-01  -->   3.658e-01 (dimensionless)
Maximum Rotational transform:                                4.152e-01  -->   4.161e-01 (dimensionless)
Minimum Rotational transform:                                4.152e-01  -->   4.161e-01 (dimensionless)
Average Rotational transform:                                4.152e-01  -->   4.161e-01 (dimensionless)
Maximum Quasi-symmetry error:                                7.493e-02  -->   7.813e-02 (T^4/m^2)
Minimum Quasi-symmetry error:                               -8.038e-02  -->  -8.313e-02 (T^4/m^2)
Average Quasi-symmetry error:                               -2.872e-04  -->  -2.920e-04 (T^4/m^2)
Maximum Quasi-symmetry error:                                5.630e-04  -->   5.870e-04 (normalized)
Minimum Quasi-symmetry error:                               -6.039e-04  -->  -6.246e-04 (normalized)
Average Quasi-symmetry error:                               -2.158e-06  -->  -2.194e-06 (normalized)
Maximum absolute QUADCOIL subproblem:                        9.065e+00  -->   9.066e+00 N/A
Minimum absolute QUADCOIL subproblem:                        9.065e+00  -->   9.066e+00 N/A
Average absolute QUADCOIL subproblem:                        9.065e+00  -->   9.066e+00 N/A
Maximum absolute Force error:                                7.947e+06  -->   8.059e+06 (N)
Minimum absolute Force error:                                1.064e+02  -->   4.404e+00 (N)
Average absolute Force error:                                2.622e+05  -->   2.659e+05 (N)
Maximum absolute Force error:                                2.148e-03  -->   2.178e-03 (normalized)
Minimum absolute Force error:                                2.875e-08  -->   1.190e-09 (normalized)
Average absolute Force error:                                7.085e-05  -->   7.185e-05 (normalized)
R boundary error:                                            1.059e-22  -->   1.059e-22 (m)
Z boundary error:                                            0.000e+00  -->   0.000e+00 (m)
Fixed Psi error:                                             0.000e+00  -->   0.000e+00 (Wb)
Fixed current profile error:                                 0.000e+00  -->   0.000e+00 (A)
==============================================================================================================

Pre-optimization QS value: 0.7587371738710174
Pre-optimization quadcoil value: 41.08472399115985
Post-optimization QS value: 0.7003446164200817
Post-optimization quadcoil value: 41.096685916251
Precomputing transforms
Precomputing transforms

==================================
Optimizing boundary modes M,N <= 8
====================================
Building objective: volume
Precomputing transforms
Timer: Precomputing transforms = 29.1 ms
Building objective: rotational transform
Precomputing transforms
Timer: Precomputing transforms = 26.8 ms
Building objective: rotational transform
Precomputing transforms
Timer: Precomputing transforms = 26.7 ms
Timer: Objective build = 105 ms
Building objective: force
Precomputing transforms
Timer: Precomputing transforms = 68.6 ms
Timer: Objective build = 90.0 ms
Timer: Objective build = 1.11 ms
Timer: Eq Update LinearConstraintProjection build = 112 ms
Timer: Proximal projection build = 2.05 sec
Building objective: lcfs R
Building objective: lcfs Z
Building objective: fixed Psi
Building objective: fixed current
Timer: Objective build = 167 ms
Timer: LinearConstraintProjection build = 1.42 sec
Number of parameters: 309
Number of objectives: 565
Timer: Initializing the optimization = 3.79 sec

Starting optimization
Using method: proximal-lsq-auglag
Solver options:
------------------------------------------------------------
Maximum Function Evaluations       : 2501
Maximum Allowed Total Δx Norm      : inf
Scaled Termination                 : True
Trust Region Method                : qr
Initial Trust Radius               : 9.807e-02
Maximum Trust Radius               : inf
Minimum Trust Radius               : 2.220e-16
Trust Radius Increase Ratio        : 4.000e+00
Trust Radius Decrease Ratio        : 2.500e-01
Trust Radius Increase Threshold    : 7.500e-01
Trust Radius Decrease Threshold    : 5.000e-01
Alpha Omega                        : 1.000e+00
Beta Omega                         : 1.000e+00
Alpha Eta                          : 1.000e-01
Beta Eta                           : 9.000e-01
Omega                              : 1.000e-02
Eta                                : 0.000e+00
Tau                                : 9.000e-01
------------------------------------------------------------ 

   Iteration     Total nfev        Cost      Cost reduction    Step norm     Optimality    Constr viol.   Penalty param  max(|mltplr|) 
       0              1          4.199e+01                                    9.508e-01      0.000e+00      1.000e+01      0.000e+00   
       1              3          4.194e+01      4.537e-02      3.538e-01      9.871e-01      0.000e+00      1.000e+01      0.000e+00   
       2              4          4.194e+01      2.657e-03      1.023e+00      9.786e-01      0.000e+00      1.000e+01      0.000e+00   
       3             28          4.194e+01      0.000e+00      0.000e+00      9.786e-01      0.000e+00      1.000e+01      0.000e+00   
Warning: A bad approximation caused failure to predict improvement.
         Current function value: 4.194e+01
         Constraint violation: 0.000e+00
         Total delta_x: 1.376e+00
         Iterations: 3
         Function evaluations: 28
         Jacobian evaluations: 2
Timer: Solution time = 3.17 min
Timer: Avg time per step = 47.6 sec
==============================================================================================================
                                                                 Start  -->   End
Total (sum of squares):                                      4.199e+01  -->   4.194e+01, 
Plasma volume:                                               5.841e+02  -->   5.841e+02 (m^3)
Plasma volume:                                               8.212e-02  -->   8.289e-02 (normalized error)
Maximum Rotational transform:                                3.651e-01  -->   3.655e-01 (dimensionless)
Minimum Rotational transform:                                3.651e-01  -->   3.655e-01 (dimensionless)
Average Rotational transform:                                3.651e-01  -->   3.655e-01 (dimensionless)
Maximum Rotational transform:                                4.149e-01  -->   4.158e-01 (dimensionless)
Minimum Rotational transform:                                4.149e-01  -->   4.158e-01 (dimensionless)
Average Rotational transform:                                4.149e-01  -->   4.158e-01 (dimensionless)
Maximum Quasi-symmetry error:                                7.813e-02  -->   8.048e-02 (T^4/m^2)
Minimum Quasi-symmetry error:                               -8.313e-02  -->  -8.511e-02 (T^4/m^2)
Average Quasi-symmetry error:                               -2.920e-04  -->  -2.913e-04 (T^4/m^2)
Maximum Quasi-symmetry error:                                5.871e-04  -->   6.047e-04 (normalized)
Minimum Quasi-symmetry error:                               -6.246e-04  -->  -6.395e-04 (normalized)
Average Quasi-symmetry error:                               -2.194e-06  -->  -2.189e-06 (normalized)
Maximum absolute QUADCOIL subproblem:                        9.066e+00  -->   9.073e+00 N/A
Minimum absolute QUADCOIL subproblem:                        9.066e+00  -->   9.073e+00 N/A
Average absolute QUADCOIL subproblem:                        9.066e+00  -->   9.073e+00 N/A
Maximum absolute Force error:                                8.059e+06  -->   8.183e+06 (N)
Minimum absolute Force error:                                4.404e+00  -->   5.476e+01 (N)
Average absolute Force error:                                2.659e+05  -->   2.697e+05 (N)
Maximum absolute Force error:                                2.178e-03  -->   2.212e-03 (normalized)
Minimum absolute Force error:                                1.190e-09  -->   1.480e-08 (normalized)
Average absolute Force error:                                7.185e-05  -->   7.288e-05 (normalized)
R boundary error:                                            0.000e+00  -->   0.000e+00 (m)
Z boundary error:                                            0.000e+00  -->   0.000e+00 (m)
Fixed Psi error:                                             0.000e+00  -->   0.000e+00 (Wb)
Fixed current profile error:                                 0.000e+00  -->   0.000e+00 (A)
==============================================================================================================

Pre-optimization QS value: 0.7006902228057532
Pre-optimization quadcoil value: 41.096685916251
Post-optimization QS value: 0.6341760791884609
Post-optimization quadcoil value: 41.1625127397848
End time:       Wed Aug 19 21:35:49 EDT 2026
